Archive member included to satisfy reference by file (symbol)

/usr/lib/gcc/arm-none-eabi/12.2.0/thumb/v6-m/nofp/libgcc.a(_dvmd_tls.o)
                              CMakeFiles/project1.dir/usr/share/pico_sdk/src/rp2_common/pico_divider/divider.S.obj (__aeabi_idiv0)
/usr/lib/gcc/arm-none-eabi/12.2.0/../../../../arm-none-eabi/lib/thumb/v6-m/nofp/libg.a(lib_a-atexit.o)
                              /usr/lib/gcc/arm-none-eabi/12.2.0/../../../../arm-none-eabi/lib/thumb/v6-m/nofp/crt0.o (atexit)
/usr/lib/gcc/arm-none-eabi/12.2.0/../../../../arm-none-eabi/lib/thumb/v6-m/nofp/libg.a(lib_a-calloc.o)
                              CMakeFiles/project1.dir/usr/share/pico_sdk/src/rp2_common/pico_malloc/pico_malloc.c.obj (calloc)
/usr/lib/gcc/arm-none-eabi/12.2.0/../../../../arm-none-eabi/lib/thumb/v6-m/nofp/libg.a(lib_a-callocr.o)
                              /usr/lib/gcc/arm-none-eabi/12.2.0/../../../../arm-none-eabi/lib/thumb/v6-m/nofp/libg.a(lib_a-calloc.o) (_calloc_r)
/usr/lib/gcc/arm-none-eabi/12.2.0/../../../../arm-none-eabi/lib/thumb/v6-m/nofp/libg.a(lib_a-errno.o)
                              /usr/lib/gcc/arm-none-eabi/12.2.0/../../../../arm-none-eabi/lib/thumb/v6-m/nofp/libg.a(lib_a-callocr.o) (__errno)
/usr/lib/gcc/arm-none-eabi/12.2.0/../../../../arm-none-eabi/lib/thumb/v6-m/nofp/libg.a(lib_a-fini.o)
                              /usr/lib/gcc/arm-none-eabi/12.2.0/../../../../arm-none-eabi/lib/thumb/v6-m/nofp/crt0.o (__libc_fini_array)
/usr/lib/gcc/arm-none-eabi/12.2.0/../../../../arm-none-eabi/lib/thumb/v6-m/nofp/libg.a(lib_a-impure.o)
                              /usr/lib/gcc/arm-none-eabi/12.2.0/../../../../arm-none-eabi/lib/thumb/v6-m/nofp/libg.a(lib_a-calloc.o) (_impure_ptr)
/usr/lib/gcc/arm-none-eabi/12.2.0/../../../../arm-none-eabi/lib/thumb/v6-m/nofp/libg.a(lib_a-init.o)
                              /usr/lib/gcc/arm-none-eabi/12.2.0/../../../../arm-none-eabi/lib/thumb/v6-m/nofp/crt0.o (__libc_init_array)
/usr/lib/gcc/arm-none-eabi/12.2.0/../../../../arm-none-eabi/lib/thumb/v6-m/nofp/libg.a(lib_a-malloc.o)
                              CMakeFiles/project1.dir/usr/share/pico_sdk/src/rp2_common/pico_malloc/pico_malloc.c.obj (malloc)
/usr/lib/gcc/arm-none-eabi/12.2.0/../../../../arm-none-eabi/lib/thumb/v6-m/nofp/libg.a(lib_a-mallocr.o)
                              /usr/lib/gcc/arm-none-eabi/12.2.0/../../../../arm-none-eabi/lib/thumb/v6-m/nofp/libg.a(lib_a-callocr.o) (_malloc_r)
/usr/lib/gcc/arm-none-eabi/12.2.0/../../../../arm-none-eabi/lib/thumb/v6-m/nofp/libg.a(lib_a-mlock.o)
                              /usr/lib/gcc/arm-none-eabi/12.2.0/../../../../arm-none-eabi/lib/thumb/v6-m/nofp/libg.a(lib_a-mallocr.o) (__malloc_lock)
/usr/lib/gcc/arm-none-eabi/12.2.0/../../../../arm-none-eabi/lib/thumb/v6-m/nofp/libg.a(lib_a-realloc.o)
                              CMakeFiles/project1.dir/usr/share/pico_sdk/src/rp2_common/pico_malloc/pico_malloc.c.obj (realloc)
/usr/lib/gcc/arm-none-eabi/12.2.0/../../../../arm-none-eabi/lib/thumb/v6-m/nofp/libg.a(lib_a-reallocr.o)
                              /usr/lib/gcc/arm-none-eabi/12.2.0/../../../../arm-none-eabi/lib/thumb/v6-m/nofp/libg.a(lib_a-realloc.o) (_realloc_r)
/usr/lib/gcc/arm-none-eabi/12.2.0/../../../../arm-none-eabi/lib/thumb/v6-m/nofp/libg.a(lib_a-sbrkr.o)
                              /usr/lib/gcc/arm-none-eabi/12.2.0/../../../../arm-none-eabi/lib/thumb/v6-m/nofp/libg.a(lib_a-mallocr.o) (_sbrk_r)
/usr/lib/gcc/arm-none-eabi/12.2.0/../../../../arm-none-eabi/lib/thumb/v6-m/nofp/libg.a(lib_a-strlen-stub.o)
                              CMakeFiles/project1.dir/usr/share/pico_sdk/src/rp2_common/pico_stdio/stdio.c.obj (strlen)
/usr/lib/gcc/arm-none-eabi/12.2.0/../../../../arm-none-eabi/lib/thumb/v6-m/nofp/libg.a(lib_a-__atexit.o)
                              /usr/lib/gcc/arm-none-eabi/12.2.0/../../../../arm-none-eabi/lib/thumb/v6-m/nofp/libg.a(lib_a-atexit.o) (__register_exitproc)
/usr/lib/gcc/arm-none-eabi/12.2.0/../../../../arm-none-eabi/lib/thumb/v6-m/nofp/libg.a(lib_a-__call_atexit.o)
                              /usr/lib/gcc/arm-none-eabi/12.2.0/../../../../arm-none-eabi/lib/thumb/v6-m/nofp/libg.a(lib_a-__atexit.o) (__atexit_recursive_mutex)
/usr/lib/gcc/arm-none-eabi/12.2.0/../../../../arm-none-eabi/lib/thumb/v6-m/nofp/libg.a(lib_a-freer.o)
                              /usr/lib/gcc/arm-none-eabi/12.2.0/../../../../arm-none-eabi/lib/thumb/v6-m/nofp/libg.a(lib_a-malloc.o) (_free_r)
/usr/lib/gcc/arm-none-eabi/12.2.0/../../../../arm-none-eabi/lib/thumb/v6-m/nofp/libg.a(lib_a-lock.o)
                              /usr/lib/gcc/arm-none-eabi/12.2.0/../../../../arm-none-eabi/lib/thumb/v6-m/nofp/libg.a(lib_a-mlock.o) (__retarget_lock_acquire_recursive)
/usr/lib/gcc/arm-none-eabi/12.2.0/../../../../arm-none-eabi/lib/thumb/v6-m/nofp/libg.a(lib_a-memmove.o)
                              /usr/lib/gcc/arm-none-eabi/12.2.0/../../../../arm-none-eabi/lib/thumb/v6-m/nofp/libg.a(lib_a-reallocr.o) (memmove)
[...]
Memory Configuration

Name             Origin             Length             Attributes
FLASH            0x0000000010000000 0x0000000000200000 xr
RAM              0x0000000020000000 0x0000000000040000 xrw
SCRATCH_X        0x0000000020040000 0x0000000000001000 xrw
SCRATCH_Y        0x0000000020041000 0x0000000000001000 xrw
*default*        0x0000000000000000 0xffffffffffffffff

Linker script and memory map

LOAD /usr/lib/gcc/arm-none-eabi/12.2.0/thumb/v6-m/nofp/crti.o
LOAD /usr/lib/gcc/arm-none-eabi/12.2.0/thumb/v6-m/nofp/crtbegin.o
LOAD /usr/lib/gcc/arm-none-eabi/12.2.0/../../../../arm-none-eabi/lib/thumb/v6-m/nofp/crt0.o

.flash_begin    0x0000000010000000        0x0
                0x0000000010000000                __flash_binary_start = .

.boot2          0x0000000010000000      0x100
                0x0000000010000000                __boot2_start__ = .
 *(.boot2)
 .boot2         0x0000000010000000      0x100 /tmp/ccOfCBAM.o
                0x0000000010000100                __boot2_end__ = .
                0x0000000000000001                ASSERT (((__boot2_end__ - __boot2_start__) == 0x100), ERROR: Pico second stage bootloader must be 256 bytes in size)

.text           0x0000000010000100     0x4118
                0x0000000010000100                __logical_binary_start = .
 *(.vectors)
 .vectors       0x0000000010000100       0xd4 CMakeFiles/project1.dir/usr/share/pico_sdk/src/rp2_common/pico_standard_link/crt0.S.obj
                0x0000000010000100                __vectors
                0x0000000010000100                __VECTOR_TABLE
                0x00000000100001c0                __default_isrs_start
                0x00000000100001c0                isr_invalid
                0x00000000100001c2                isr_nmi
                0x00000000100001c4                isr_hardfault
                0x00000000100001c6                isr_svcall
                0x00000000100001c8                isr_pendsv
                0x00000000100001ca                isr_systick
                0x00000000100001cc                isr_irq5
                0x00000000100001cc                isr_irq18
                0x00000000100001cc                isr_irq23
                0x00000000100001cc                isr_irq28
                0x00000000100001cc                isr_irq19
                0x00000000100001cc                isr_irq11
                0x00000000100001cc                isr_irq27
                0x00000000100001cc                __unhandled_user_irq
                0x00000000100001cc                isr_irq30
                0x00000000100001cc                isr_irq22
                0x00000000100001cc                isr_irq6
                0x00000000100001cc                isr_irq2
                0x00000000100001cc                isr_irq14
                0x00000000100001cc                isr_irq17
                0x00000000100001cc                isr_irq10
                0x00000000100001cc                isr_irq13
                0x00000000100001cc                isr_irq31
                0x00000000100001cc                isr_irq0
                0x00000000100001cc                isr_irq24
                0x00000000100001cc                isr_irq7
                0x00000000100001cc                isr_irq8
                0x00000000100001cc                isr_irq20
                0x00000000100001cc                isr_irq15
                0x00000000100001cc                isr_irq25
                0x00000000100001cc                isr_irq1
                0x00000000100001cc                isr_irq21
                0x00000000100001cc                isr_irq4
                0x00000000100001cc                isr_irq16
                0x00000000100001cc                isr_irq29
                0x00000000100001cc                isr_irq26
                0x00000000100001cc                __default_isrs_end
                0x00000000100001cc                isr_irq3
                0x00000000100001cc                isr_irq9
                0x00000000100001cc                isr_irq12
                0x00000000100001d2                unhandled_user_irq_num_in_r0
 *(.binary_info_header)
 .binary_info_header
                0x00000000100001d4       0x14 CMakeFiles/project1.dir/usr/share/pico_sdk/src/rp2_common/pico_standard_link/crt0.S.obj
                0x00000000100001e8                __binary_info_header_end = .
 *(.reset)
 .reset         0x00000000100001e8       0xa0 CMakeFiles/project1.dir/usr/share/pico_sdk/src/rp2_common/pico_standard_link/crt0.S.obj
                0x00000000100001e8                _entry_point
 .reset         0x0000000010000288       0x30 CMakeFiles/project1.dir/usr/share/pico_sdk/src/rp2_common/pico_standard_link/binary_info.c.obj
 *(.init)
 .init          0x00000000100002b8        0x4 /usr/lib/gcc/arm-none-eabi/12.2.0/thumb/v6-m/nofp/crti.o
                0x00000000100002b8                _init
 *(EXCLUDE_FILE(*libm.a: *libc.a:*lib_a-mem*.o *libgcc.a:) .text*)
 .text.frame_dummy
                0x00000000100002bc       0x20 /usr/lib/gcc/arm-none-eabi/12.2.0/thumb/v6-m/nofp/crtbegin.o
 .text.main     0x00000000100002dc       0x22 CMakeFiles/project1.dir/main.c.obj
                0x00000000100002dc                main
 .text.led_setup
                0x00000000100002fe       0x16 CMakeFiles/project1.dir/extrafunc.c.obj
                0x00000000100002fe                led_setup
 .text.led_ctrl
                0x0000000010000314       0x1e CMakeFiles/project1.dir/extrafunc.c.obj
                0x0000000010000314                led_ctrl
 *fill*         0x0000000010000332        0x2 
 .text.gpio_set_function
                0x0000000010000334       0x30 CMakeFiles/project1.dir/usr/share/pico_sdk/src/rp2_common/hardware_gpio/gpio.c.obj
                0x0000000010000334                gpio_set_function
 .text.gpio_init
                0x0000000010000364       0x16 CMakeFiles/project1.dir/usr/share/pico_sdk/src/rp2_common/hardware_gpio/gpio.c.obj
                0x0000000010000364                gpio_init
 *fill*         0x000000001000037a        0x2 
 .text.running_on_fpga
                0x000000001000037c       0x14 CMakeFiles/project1.dir/usr/share/pico_sdk/src/rp2_common/pico_platform/platform.c.obj
                0x000000001000037c                running_on_fpga
 .text.hw_claim_lock
                0x0000000010000390       0x18 CMakeFiles/project1.dir/usr/share/pico_sdk/src/rp2_common/hardware_claim/claim.c.obj
                0x0000000010000390                hw_claim_lock
 .text.hw_claim_unlock
                0x00000000100003a8       0x14 CMakeFiles/project1.dir/usr/share/pico_sdk/src/rp2_common/hardware_claim/claim.c.obj
                0x00000000100003a8                hw_claim_unlock
 .text.hw_claim_or_assert
                0x00000000100003bc       0x32 CMakeFiles/project1.dir/usr/share/pico_sdk/src/rp2_common/hardware_claim/claim.c.obj
                0x00000000100003bc                hw_claim_or_assert
 *fill*         0x00000000100003ee        0x2 
 .text.spin_locks_reset
                0x00000000100003f0       0x20 CMakeFiles/project1.dir/usr/share/pico_sdk/src/rp2_common/hardware_sync/sync.c.obj
                0x00000000100003f0                spin_locks_reset
 .text.next_striped_spin_lock_num
                0x0000000010000410       0x1c CMakeFiles/project1.dir/usr/share/pico_sdk/src/rp2_common/hardware_sync/sync.c.obj
                0x0000000010000410                next_striped_spin_lock_num
 .text.set_raw_irq_handler_and_unlock
                0x000000001000042c       0x28 CMakeFiles/project1.dir/usr/share/pico_sdk/src/rp2_common/hardware_irq/irq.c.obj
 .text.resolve_branch
                0x0000000010000454       0x30 CMakeFiles/project1.dir/usr/share/pico_sdk/src/rp2_common/hardware_irq/irq.c.obj
 .text.make_branch
                0x0000000010000484       0x48 CMakeFiles/project1.dir/usr/share/pico_sdk/src/rp2_common/hardware_irq/irq.c.obj
 .text.insert_branch_and_link
                0x00000000100004cc       0x40 CMakeFiles/project1.dir/usr/share/pico_sdk/src/rp2_common/hardware_irq/irq.c.obj
 .text.irq_is_enabled
                0x000000001000050c       0x18 CMakeFiles/project1.dir/usr/share/pico_sdk/src/rp2_common/hardware_irq/irq.c.obj
                0x000000001000050c                irq_is_enabled
 .text.irq_set_mask_enabled
                0x0000000010000524       0x20 CMakeFiles/project1.dir/usr/share/pico_sdk/src/rp2_common/hardware_irq/irq.c.obj
                0x0000000010000524                irq_set_mask_enabled
 .text.irq_set_enabled
                0x0000000010000544        0xe CMakeFiles/project1.dir/usr/share/pico_sdk/src/rp2_common/hardware_irq/irq.c.obj
                0x0000000010000544                irq_set_enabled
 *fill*         0x0000000010000552        0x2 
 .text.irq_get_vtable_handler
                0x0000000010000554       0x10 CMakeFiles/project1.dir/usr/share/pico_sdk/src/rp2_common/hardware_irq/irq.c.obj
                0x0000000010000554                irq_get_vtable_handler
 .text.irq_set_exclusive_handler
                0x0000000010000564       0x54 CMakeFiles/project1.dir/usr/share/pico_sdk/src/rp2_common/hardware_irq/irq.c.obj
                0x0000000010000564                irq_set_exclusive_handler
 .text.irq_remove_handler
                0x00000000100005b8      0x188 CMakeFiles/project1.dir/usr/share/pico_sdk/src/rp2_common/hardware_irq/irq.c.obj
                0x00000000100005b8                irq_remove_handler
 .text.irq_add_tail_to_free_list
                0x0000000010000740       0xf0 CMakeFiles/project1.dir/usr/share/pico_sdk/src/rp2_common/hardware_irq/irq.c.obj
                0x0000000010000740                irq_add_tail_to_free_list
 .text.irq_init_priorities
                0x0000000010000830       0x1c CMakeFiles/project1.dir/usr/share/pico_sdk/src/rp2_common/hardware_irq/irq.c.obj
                0x0000000010000830                irq_init_priorities
 .text.lock_init
                0x000000001000084c       0x10 CMakeFiles/project1.dir/usr/share/pico_sdk/src/common/pico_sync/lock_core.c.obj
                0x000000001000084c                lock_init
 .text.mutex_init
                0x000000001000085c       0x1a CMakeFiles/project1.dir/usr/share/pico_sdk/src/common/pico_sync/mutex.c.obj
                0x000000001000085c                mutex_init
 .text.recursive_mutex_init
                0x0000000010000876       0x1e CMakeFiles/project1.dir/usr/share/pico_sdk/src/common/pico_sync/mutex.c.obj
                0x0000000010000876                recursive_mutex_init
 .text.time_reached
                0x0000000010000894       0x28 CMakeFiles/project1.dir/usr/share/pico_sdk/src/common/pico_time/time.c.obj
 .text.get_entry
                0x00000000100008bc       0x38 CMakeFiles/project1.dir/usr/share/pico_sdk/src/common/pico_time/time.c.obj
 .text.timer_pool_entry_comparator
                0x00000000100008f4       0x2e CMakeFiles/project1.dir/usr/share/pico_sdk/src/common/pico_time/time.c.obj
                0x00000000100008f4                timer_pool_entry_comparator
 *fill*         0x0000000010000922        0x2 
 .text.update_us_since_boot
                0x0000000010000924       0x24 CMakeFiles/project1.dir/usr/share/pico_sdk/src/common/pico_time/time.c.obj
 .text.delayed_by_us
                0x0000000010000948       0x34 CMakeFiles/project1.dir/usr/share/pico_sdk/src/common/pico_time/time.c.obj
 .text.ph_get_node
                0x000000001000097c       0x30 CMakeFiles/project1.dir/usr/share/pico_sdk/src/common/pico_time/time.c.obj
 .text.ph_contains_node
                0x00000000100009ac       0x1e CMakeFiles/project1.dir/usr/share/pico_sdk/src/common/pico_time/time.c.obj
 .text.ph_new_node
                0x00000000100009ca       0x28 CMakeFiles/project1.dir/usr/share/pico_sdk/src/common/pico_time/time.c.obj
 *fill*         0x00000000100009f2        0x2 
 .text.ph_add_child_node
                0x00000000100009f4       0x6c CMakeFiles/project1.dir/usr/share/pico_sdk/src/common/pico_time/time.c.obj
 .text.ph_merge_nodes
                0x0000000010000a60       0x3e CMakeFiles/project1.dir/usr/share/pico_sdk/src/common/pico_time/time.c.obj
 *fill*         0x0000000010000a9e        0x2 
 .text.ph_insert_node
                0x0000000010000aa0       0x3c CMakeFiles/project1.dir/usr/share/pico_sdk/src/common/pico_time/time.c.obj
 .text.ph_free_node
                0x0000000010000adc       0x5c CMakeFiles/project1.dir/usr/share/pico_sdk/src/common/pico_time/time.c.obj
 .text.get_entry_id_high
                0x0000000010000b38       0x30 CMakeFiles/project1.dir/usr/share/pico_sdk/src/common/pico_time/time.c.obj
 .text.alarm_pool_post_alloc_init
                0x0000000010000b68       0x40 CMakeFiles/project1.dir/usr/share/pico_sdk/src/common/pico_time/time.c.obj
 .text.sleep_until_callback
                0x0000000010000ba8       0x30 CMakeFiles/project1.dir/usr/share/pico_sdk/src/common/pico_time/time.c.obj
 .text.get_absolute_time
                0x0000000010000bd8       0x22 CMakeFiles/project1.dir/usr/share/pico_sdk/src/common/pico_time/time.c.obj
 .text.make_timeout_time_us
                0x0000000010000bfa       0x24 CMakeFiles/project1.dir/usr/share/pico_sdk/src/common/pico_time/time.c.obj
 *fill*         0x0000000010000c1e        0x2 
 .text.add_alarm_under_lock
                0x0000000010000c20       0x94 CMakeFiles/project1.dir/usr/share/pico_sdk/src/common/pico_time/time.c.obj
 .text.alarm_pool_alarm_callback
                0x0000000010000cb4      0x210 CMakeFiles/project1.dir/usr/share/pico_sdk/src/common/pico_time/time.c.obj
 .text.alarm_pool_init_default
                0x0000000010000ec4       0x40 CMakeFiles/project1.dir/usr/share/pico_sdk/src/common/pico_time/time.c.obj
                0x0000000010000ec4                alarm_pool_init_default
 .text.alarm_pool_get_default
                0x0000000010000f04       0x2c CMakeFiles/project1.dir/usr/share/pico_sdk/src/common/pico_time/time.c.obj
                0x0000000010000f04                alarm_pool_get_default
 .text.alarm_pool_add_alarm_at
                0x0000000010000f30      0x10e CMakeFiles/project1.dir/usr/share/pico_sdk/src/common/pico_time/time.c.obj
                0x0000000010000f30                alarm_pool_add_alarm_at
 .text.add_alarm_at
                0x000000001000103e       0x2e CMakeFiles/project1.dir/usr/share/pico_sdk/src/common/pico_time/time.c.obj
 .text.alarm_pool_cancel_alarm
                0x000000001000106c       0xa8 CMakeFiles/project1.dir/usr/share/pico_sdk/src/common/pico_time/time.c.obj
                0x000000001000106c                alarm_pool_cancel_alarm
 .text.cancel_alarm
                0x0000000010001114       0x10 CMakeFiles/project1.dir/usr/share/pico_sdk/src/common/pico_time/time.c.obj
 .text.sleep_until
                0x0000000010001124       0xb0 CMakeFiles/project1.dir/usr/share/pico_sdk/src/common/pico_time/time.c.obj
                0x0000000010001124                sleep_until
 .text.sleep_us
                0x00000000100011d4       0x1a CMakeFiles/project1.dir/usr/share/pico_sdk/src/common/pico_time/time.c.obj
                0x00000000100011d4                sleep_us
 .text.sleep_ms
                0x00000000100011ee       0x14 CMakeFiles/project1.dir/usr/share/pico_sdk/src/common/pico_time/time.c.obj
                0x00000000100011ee                sleep_ms
 *fill*         0x0000000010001202        0x2 
 .text.best_effort_wfe_or_timeout
                0x0000000010001204       0x44 CMakeFiles/project1.dir/usr/share/pico_sdk/src/common/pico_time/time.c.obj
                0x0000000010001204                best_effort_wfe_or_timeout
 .text.hardware_alarm_irq_handler
                0x0000000010001248       0x8c CMakeFiles/project1.dir/usr/share/pico_sdk/src/rp2_common/hardware_timer/timer.c.obj
 .text.hardware_alarm_claim
                0x00000000100012d4       0x18 CMakeFiles/project1.dir/usr/share/pico_sdk/src/rp2_common/hardware_timer/timer.c.obj
                0x00000000100012d4                hardware_alarm_claim
 .text.time_us_64
                0x00000000100012ec       0x18 CMakeFiles/project1.dir/usr/share/pico_sdk/src/rp2_common/hardware_timer/timer.c.obj
                0x00000000100012ec                time_us_64
 .text.busy_wait_until
                0x0000000010001304       0x28 CMakeFiles/project1.dir/usr/share/pico_sdk/src/rp2_common/hardware_timer/timer.c.obj
                0x0000000010001304                busy_wait_until
 .text.hardware_alarm_set_callback
                0x000000001000132c       0x90 CMakeFiles/project1.dir/usr/share/pico_sdk/src/rp2_common/hardware_timer/timer.c.obj
                0x000000001000132c                hardware_alarm_set_callback
 .text.hardware_alarm_set_target
                0x00000000100013bc       0xe8 CMakeFiles/project1.dir/usr/share/pico_sdk/src/rp2_common/hardware_timer/timer.c.obj
                0x00000000100013bc                hardware_alarm_set_target
 .text.hardware_alarm_cancel
                0x00000000100014a4       0x40 CMakeFiles/project1.dir/usr/share/pico_sdk/src/rp2_common/hardware_timer/timer.c.obj
                0x00000000100014a4                hardware_alarm_cancel
 .text.ph_get_node
                0x00000000100014e4       0x30 CMakeFiles/project1.dir/usr/share/pico_sdk/src/common/pico_util/pheap.c.obj
 .text.ph_add_child_node
                0x0000000010001514       0x6c CMakeFiles/project1.dir/usr/share/pico_sdk/src/common/pico_util/pheap.c.obj
 .text.ph_merge_nodes
                0x0000000010001580       0x3e CMakeFiles/project1.dir/usr/share/pico_sdk/src/common/pico_util/pheap.c.obj
 .text.ph_clear
                0x00000000100015be       0x34 CMakeFiles/project1.dir/usr/share/pico_sdk/src/common/pico_util/pheap.c.obj
                0x00000000100015be                ph_clear
 .text.ph_post_alloc_init
                0x00000000100015f2        0xe CMakeFiles/project1.dir/usr/share/pico_sdk/src/common/pico_util/pheap.c.obj
                0x00000000100015f2                ph_post_alloc_init
 .text.ph_merge_two_pass
                0x0000000010001600       0x5c CMakeFiles/project1.dir/usr/share/pico_sdk/src/common/pico_util/pheap.c.obj
                0x0000000010001600                ph_merge_two_pass
 .text.ph_remove_any_head
                0x000000001000165c       0xc0 CMakeFiles/project1.dir/usr/share/pico_sdk/src/common/pico_util/pheap.c.obj
 .text.ph_remove_head
                0x000000001000171c       0x14 CMakeFiles/project1.dir/usr/share/pico_sdk/src/common/pico_util/pheap.c.obj
                0x000000001000171c                ph_remove_head
 .text.ph_remove_and_free_node
                0x0000000010001730       0xa0 CMakeFiles/project1.dir/usr/share/pico_sdk/src/common/pico_util/pheap.c.obj
                0x0000000010001730                ph_remove_and_free_node
 .text.clock_configure
                0x00000000100017d0      0x108 CMakeFiles/project1.dir/usr/share/pico_sdk/src/rp2_common/hardware_clocks/clocks.c.obj
                0x00000000100017d0                clock_configure
 .text.clocks_init
                0x00000000100018d8      0x100 CMakeFiles/project1.dir/usr/share/pico_sdk/src/rp2_common/hardware_clocks/clocks.c.obj
                0x00000000100018d8                clocks_init
 .text.pll_init
                0x00000000100019d8      0x120 CMakeFiles/project1.dir/usr/share/pico_sdk/src/rp2_common/hardware_pll/pll.c.obj
                0x00000000100019d8                pll_init
 .text.watchdog_start_tick
                0x0000000010001af8       0x10 CMakeFiles/project1.dir/usr/share/pico_sdk/src/rp2_common/hardware_watchdog/watchdog.c.obj
                0x0000000010001af8                watchdog_start_tick
 .text.xosc_init
                0x0000000010001b08       0x28 CMakeFiles/project1.dir/usr/share/pico_sdk/src/rp2_common/hardware_xosc/xosc.c.obj
                0x0000000010001b08                xosc_init
 .text._exit    0x0000000010001b30        0x4 CMakeFiles/project1.dir/usr/share/pico_sdk/src/rp2_common/pico_runtime/runtime.c.obj
                0x0000000010001b30                _exit
 .text.exit     0x0000000010001b34        0x6 CMakeFiles/project1.dir/usr/share/pico_sdk/src/rp2_common/pico_runtime/runtime.c.obj
                0x0000000010001b34                exit
 *fill*         0x0000000010001b3a        0x2 
 .text.__assert_func
                0x0000000010001b3c       0x38 CMakeFiles/project1.dir/usr/share/pico_sdk/src/rp2_common/pico_runtime/runtime.c.obj
                0x0000000010001b3c                __assert_func
 .text.runtime_init
                0x0000000010001b74       0xf8 CMakeFiles/project1.dir/usr/share/pico_sdk/src/rp2_common/pico_runtime/runtime.c.obj
                0x0000000010001b74                runtime_init
 .text.panic    0x0000000010001c6c       0x30 CMakeFiles/project1.dir/usr/share/pico_sdk/src/rp2_common/pico_runtime/runtime.c.obj
                0x0000000010001c6c                panic
 .text._out_null
                0x0000000010001c9c        0x2 CMakeFiles/project1.dir/usr/share/pico_sdk/src/rp2_common/pico_printf/printf.c.obj
 .text._out_fct
                0x0000000010001c9e        0xe CMakeFiles/project1.dir/usr/share/pico_sdk/src/rp2_common/pico_printf/printf.c.obj
 .text._atoi    0x0000000010001cac       0x24 CMakeFiles/project1.dir/usr/share/pico_sdk/src/rp2_common/pico_printf/printf.c.obj
 .text._out_rev
                0x0000000010001cd0       0xae CMakeFiles/project1.dir/usr/share/pico_sdk/src/rp2_common/pico_printf/printf.c.obj
 .text._ntoa_format
                0x0000000010001d7e      0x110 CMakeFiles/project1.dir/usr/share/pico_sdk/src/rp2_common/pico_printf/printf.c.obj
 .text._ntoa_long
                0x0000000010001e8e       0xbc CMakeFiles/project1.dir/usr/share/pico_sdk/src/rp2_common/pico_printf/printf.c.obj
 .text._ntoa_long_long
                0x0000000010001f4a      0x10e CMakeFiles/project1.dir/usr/share/pico_sdk/src/rp2_common/pico_printf/printf.c.obj
 .text._etoa    0x0000000010002058      0x420 CMakeFiles/project1.dir/usr/share/pico_sdk/src/rp2_common/pico_printf/printf.c.obj
 .text._ftoa    0x0000000010002478      0x354 CMakeFiles/project1.dir/usr/share/pico_sdk/src/rp2_common/pico_printf/printf.c.obj
 .text._vsnprintf
                0x00000000100027cc      0x65c CMakeFiles/project1.dir/usr/share/pico_sdk/src/rp2_common/pico_printf/printf.c.obj
 .text.vfctprintf
                0x0000000010002e28       0x20 CMakeFiles/project1.dir/usr/share/pico_sdk/src/rp2_common/pico_printf/printf.c.obj
                0x0000000010002e28                vfctprintf
 .text          0x0000000010002e48       0x10 CMakeFiles/project1.dir/usr/share/pico_sdk/src/rp2_common/pico_bit_ops/bit_ops_aeabi.S.obj
 .text.rom_func_lookup
                0x0000000010002e58       0x10 CMakeFiles/project1.dir/usr/share/pico_sdk/src/rp2_common/pico_bootrom/bootrom.c.obj
                0x0000000010002e58                rom_func_lookup
 .text.rom_data_lookup
                0x0000000010002e68       0x10 CMakeFiles/project1.dir/usr/share/pico_sdk/src/rp2_common/pico_bootrom/bootrom.c.obj
                0x0000000010002e68                rom_data_lookup
 .text.rom_funcs_lookup
                0x0000000010002e78       0x36 CMakeFiles/project1.dir/usr/share/pico_sdk/src/rp2_common/pico_bootrom/bootrom.c.obj
                0x0000000010002e78                rom_funcs_lookup
 *fill*         0x0000000010002eae        0x2 
 .text.__wrap___aeabi_idiv
                0x0000000010002eb0       0x50 CMakeFiles/project1.dir/usr/share/pico_sdk/src/rp2_common/pico_divider/divider.S.obj
                0x0000000010002eb0                divmod_s32s32
                0x0000000010002eb0                __wrap___aeabi_idivmod
                0x0000000010002eb0                __wrap___aeabi_idiv
                0x0000000010002eb0                div_s32s32
                0x0000000010002eb8                divmod_s32s32_unsafe
                0x0000000010002ee4                divmod_s32s32_savestate
 .text.__wrap___aeabi_uidiv
                0x0000000010002f00       0x4c CMakeFiles/project1.dir/usr/share/pico_sdk/src/rp2_common/pico_divider/divider.S.obj
                0x0000000010002f00                __wrap___aeabi_uidivmod
                0x0000000010002f00                __wrap___aeabi_uidiv
                0x0000000010002f00                divmod_u32u32
                0x0000000010002f00                div_u32u32
                0x0000000010002f08                divmod_u32u32_unsafe
                0x0000000010002f30                divmod_u32u32_savestate
 .text.__wrap___aeabi_ldiv
                0x0000000010002f4c      0x424 CMakeFiles/project1.dir/usr/share/pico_sdk/src/rp2_common/pico_divider/divider.S.obj
                0x0000000010002f4c                __wrap___aeabi_ldivmod
                0x0000000010002f4c                div_s64s64
                0x0000000010002f4c                divmod_s64s64
                0x0000000010002f7c                div_u64u64
                0x0000000010002f7c                divmod_u64u64
                0x0000000010002f7c                __wrap___aeabi_uldivmod
                0x0000000010002f8c                divmod_u64u64_savestate
                0x0000000010002fac                divmod_s64s64_unsafe
                0x0000000010003034                divmod_u64u64_unsafe
 .text.__wrap___aeabi_darithmetic
                0x0000000010003370       0x80 CMakeFiles/project1.dir/usr/share/pico_sdk/src/rp2_common/pico_double/double_aeabi.S.obj
                0x0000000010003370                __wrap___aeabi_drsub
                0x0000000010003376                __wrap___aeabi_dsub
                0x0000000010003388                __wrap___aeabi_dadd
                0x000000001000339a                __wrap___aeabi_ddiv
                0x00000000100033d6                __wrap___aeabi_dmul
 .text.__wrap___aeabi_cdcmple
                0x00000000100033f0       0x6c CMakeFiles/project1.dir/usr/share/pico_sdk/src/rp2_common/pico_double/double_aeabi.S.obj
                0x00000000100033f0                __wrap___aeabi_cdrcmple
                0x0000000010003400                __wrap___aeabi_cdcmple
                0x0000000010003400                __wrap___aeabi_cdcmpeq
 .text.__wrap___aeabi_dcmplt
                0x000000001000345c        0xc CMakeFiles/project1.dir/usr/share/pico_sdk/src/rp2_common/pico_double/double_aeabi.S.obj
                0x000000001000345c                __wrap___aeabi_dcmplt
 .text.__wrap___aeabi_dcmple
                0x0000000010003468       0x10 CMakeFiles/project1.dir/usr/share/pico_sdk/src/rp2_common/pico_double/double_aeabi.S.obj
                0x0000000010003468                __wrap___aeabi_dcmple
 .text.__wrap___aeabi_dcmpge
                0x0000000010003478       0x10 CMakeFiles/project1.dir/usr/share/pico_sdk/src/rp2_common/pico_double/double_aeabi.S.obj
                0x0000000010003478                __wrap___aeabi_dcmpge
 .text.__wrap___aeabi_dcmpgt
                0x0000000010003488        0xa CMakeFiles/project1.dir/usr/share/pico_sdk/src/rp2_common/pico_double/double_aeabi.S.obj
                0x0000000010003488                __wrap___aeabi_dcmpgt
 .text.__wrap___aeabi_dcmpun
                0x0000000010003492       0x1c CMakeFiles/project1.dir/usr/share/pico_sdk/src/rp2_common/pico_double/double_aeabi.S.obj
                0x0000000010003492                __wrap___aeabi_dcmpun
 *fill*         0x00000000100034ae        0x2 
 .text.__wrap___aeabi_i2d
                0x00000000100034b0       0x38 CMakeFiles/project1.dir/usr/share/pico_sdk/src/rp2_common/pico_double/double_aeabi.S.obj
                0x00000000100034b0                __wrap___aeabi_ui2d
                0x00000000100034b8                __wrap___aeabi_i2d
 .text.__wrap___aeabi_d2iz
                0x00000000100034e8       0x48 CMakeFiles/project1.dir/usr/share/pico_sdk/src/rp2_common/pico_double/double_aeabi.S.obj
                0x00000000100034e8                __wrap___aeabi_d2iz
                0x00000000100034e8                double2int_z
 .text.__wrap___aeabi_d2uiz
                0x0000000010003530       0x18 CMakeFiles/project1.dir/usr/share/pico_sdk/src/rp2_common/pico_double/double_aeabi.S.obj
                0x0000000010003530                double2uint
                0x0000000010003530                __wrap___aeabi_d2uiz
 .text.__aeabi_double_init
                0x0000000010003548       0xcc CMakeFiles/project1.dir/usr/share/pico_sdk/src/rp2_common/pico_double/double_init_rom.c.obj
                0x0000000010003548                __aeabi_double_init
 .text.double_table_shim_on_use_helper
                0x0000000010003614       0x34 CMakeFiles/project1.dir/usr/share/pico_sdk/src/rp2_common/pico_double/double_v1_rom_shim.S.obj
                0x0000000010003614                double_table_shim_on_use_helper
 .text.__wrap___aeabi_dsub
                0x0000000010003648       0x10 CMakeFiles/project1.dir/usr/share/pico_sdk/src/rp2_common/pico_double/double_v1_rom_shim.S.obj
                0x0000000010003648                drsub_shim
                0x000000001000364e                dsub_shim
 .text.dadd_shim
                0x0000000010003658      0x15c CMakeFiles/project1.dir/usr/share/pico_sdk/src/rp2_common/pico_double/double_v1_rom_shim.S.obj
                0x0000000010003658                dadd_shim
 .text.dmul_shim
                0x00000000100037b4      0x15c CMakeFiles/project1.dir/usr/share/pico_sdk/src/rp2_common/pico_double/double_v1_rom_shim.S.obj
                0x00000000100037b4                dmul_shim
 .text.ddiv_shim
                0x0000000010003910      0x1b0 CMakeFiles/project1.dir/usr/share/pico_sdk/src/rp2_common/pico_double/double_v1_rom_shim.S.obj
                0x0000000010003910                ddiv_shim
 .text.double2uint_shim
                0x0000000010003ac0        0xe CMakeFiles/project1.dir/usr/share/pico_sdk/src/rp2_common/pico_double/double_v1_rom_shim.S.obj
                0x0000000010003ac0                double2uint_shim
                0x0000000010003ac2                double2ufix_shim
 *fill*         0x0000000010003ace        0x2 
 .text.double2uint64_shim
                0x0000000010003ad0       0x70 CMakeFiles/project1.dir/usr/share/pico_sdk/src/rp2_common/pico_double/double_v1_rom_shim.S.obj
                0x0000000010003ad0                double2uint64_shim
                0x0000000010003ad2                double2ufix64_shim
                0x0000000010003af2                d2fix_a
 .text.dunpacks
                0x0000000010003b40       0x3c CMakeFiles/project1.dir/usr/share/pico_sdk/src/rp2_common/pico_double/double_v1_rom_shim.S.obj
                0x0000000010003b40                dunpacks
 .text.__aeabi_lmul
                0x0000000010003b7c       0x32 CMakeFiles/project1.dir/usr/share/pico_sdk/src/rp2_common/pico_int64_ops/pico_int64_ops_aeabi.S.obj
                0x0000000010003b7c                __wrap___aeabi_lmul
 *fill*         0x0000000010003bae        0x2 
 .text.__aeabi_float_init
                0x0000000010003bb0       0xfc CMakeFiles/project1.dir/usr/share/pico_sdk/src/rp2_common/pico_float/float_init_rom.c.obj
                0x0000000010003bb0                __aeabi_float_init
 .text.float_table_shim_on_use_helper
                0x0000000010003cac       0x34 CMakeFiles/project1.dir/usr/share/pico_sdk/src/rp2_common/pico_float/float_v1_rom_shim.S.obj
                0x0000000010003cac                float_table_shim_on_use_helper
 .text          0x0000000010003ce0       0x10 CMakeFiles/project1.dir/usr/share/pico_sdk/src/rp2_common/pico_mem_ops/mem_ops_aeabi.S.obj
                0x0000000010003ce0                __aeabi_mem_init
 .text.memset   0x0000000010003cf0        0xc CMakeFiles/project1.dir/usr/share/pico_sdk/src/rp2_common/pico_mem_ops/mem_ops_aeabi.S.obj
                0x0000000010003cf0                __wrap_memset
 .text.memcpy   0x0000000010003cfc        0xc CMakeFiles/project1.dir/usr/share/pico_sdk/src/rp2_common/pico_mem_ops/mem_ops_aeabi.S.obj
                0x0000000010003cfc                __wrap___aeabi_memcpy
                0x0000000010003cfc                __wrap_memcpy
 .text.stdio_out_chars_no_crlf
                0x0000000010003d08        0xe CMakeFiles/project1.dir/usr/share/pico_sdk/src/rp2_common/pico_stdio/stdio.c.obj
 *fill*         0x0000000010003d16        0x2 
 .text.stdio_out_chars_crlf
                0x0000000010003d18       0x80 CMakeFiles/project1.dir/usr/share/pico_sdk/src/rp2_common/pico_stdio/stdio.c.obj
 .text.stdio_stack_buffer_flush
                0x0000000010003d98       0x44 CMakeFiles/project1.dir/usr/share/pico_sdk/src/rp2_common/pico_stdio/stdio.c.obj
 .text.stdio_buffered_printer
                0x0000000010003ddc       0x20 CMakeFiles/project1.dir/usr/share/pico_sdk/src/rp2_common/pico_stdio/stdio.c.obj
 .text.update_us_since_boot
                0x0000000010003dfc       0x24 CMakeFiles/project1.dir/usr/share/pico_sdk/src/rp2_common/pico_stdio/stdio.c.obj
 .text.get_absolute_time
                0x0000000010003e20       0x22 CMakeFiles/project1.dir/usr/share/pico_sdk/src/rp2_common/pico_stdio/stdio.c.obj
 *fill*         0x0000000010003e42        0x2 
 .text.delayed_by_ms
                0x0000000010003e44       0x44 CMakeFiles/project1.dir/usr/share/pico_sdk/src/rp2_common/pico_stdio/stdio.c.obj
 .text.make_timeout_time_ms
                0x0000000010003e88       0x20 CMakeFiles/project1.dir/usr/share/pico_sdk/src/rp2_common/pico_stdio/stdio.c.obj
 .text.stdout_serialize_begin
                0x0000000010003ea8       0x20 CMakeFiles/project1.dir/usr/share/pico_sdk/src/rp2_common/pico_stdio/stdio.c.obj
                0x0000000010003ea8                stdout_serialize_begin
 .text.stdout_serialize_end
                0x0000000010003ec8       0x10 CMakeFiles/project1.dir/usr/share/pico_sdk/src/rp2_common/pico_stdio/stdio.c.obj
                0x0000000010003ec8                stdout_serialize_end
 .text.stdio_put_string
                0x0000000010003ed8       0x98 CMakeFiles/project1.dir/usr/share/pico_sdk/src/rp2_common/pico_stdio/stdio.c.obj
 .text.stdio_flush
                0x0000000010003f70       0x20 CMakeFiles/project1.dir/usr/share/pico_sdk/src/rp2_common/pico_stdio/stdio.c.obj
                0x0000000010003f70                stdio_flush
 .text.__wrap_puts
                0x0000000010003f90       0x1e CMakeFiles/project1.dir/usr/share/pico_sdk/src/rp2_common/pico_stdio/stdio.c.obj
                0x0000000010003f90                __wrap_puts
 *fill*         0x0000000010003fae        0x2 
 .text.__wrap_vprintf
                0x0000000010003fb0       0x40 CMakeFiles/project1.dir/usr/share/pico_sdk/src/rp2_common/pico_stdio/stdio.c.obj
                0x0000000010003fb0                __wrap_vprintf
 .text.__wrap_printf
                0x0000000010003ff0       0x18 CMakeFiles/project1.dir/usr/share/pico_sdk/src/rp2_common/pico_stdio/stdio.c.obj
                0x0000000010003ff0                __wrap_printf
 .text._retrieve_unique_id_on_boot
                0x0000000010004008       0x10 CMakeFiles/project1.dir/usr/share/pico_sdk/src/rp2_common/pico_unique_id/unique_id.c.obj
 .text.flash_get_unique_id
                0x0000000010004018       0x46 CMakeFiles/project1.dir/usr/share/pico_sdk/src/rp2_common/hardware_flash/flash.c.obj
                0x0000000010004018                flash_get_unique_id
 *fill*         0x000000001000405e        0x2 
 .text.atexit   0x0000000010004060       0x10 /usr/lib/gcc/arm-none-eabi/12.2.0/../../../../arm-none-eabi/lib/thumb/v6-m/nofp/libg.a(lib_a-atexit.o)
                0x0000000010004060                atexit
 .text.__libc_fini_array
                0x0000000010004070       0x28 /usr/lib/gcc/arm-none-eabi/12.2.0/../../../../arm-none-eabi/lib/thumb/v6-m/nofp/libg.a(lib_a-fini.o)
                0x0000000010004070                __libc_fini_array
 .text.strlen   0x0000000010004098       0x5c /usr/lib/gcc/arm-none-eabi/12.2.0/../../../../arm-none-eabi/lib/thumb/v6-m/nofp/libg.a(lib_a-strlen-stub.o)
                0x0000000010004098                strlen
 .text.__register_exitproc
                0x00000000100040f4       0xac /usr/lib/gcc/arm-none-eabi/12.2.0/../../../../arm-none-eabi/lib/thumb/v6-m/nofp/libg.a(lib_a-__atexit.o)
                0x00000000100040f4                __register_exitproc
 .text.startup.register_fini
                0x00000000100041a0       0x18 /usr/lib/gcc/arm-none-eabi/12.2.0/../../../../arm-none-eabi/lib/thumb/v6-m/nofp/libg.a(lib_a-__call_atexit.o)
 .text.__retarget_lock_acquire_recursive
                0x00000000100041b8        0x4 /usr/lib/gcc/arm-none-eabi/12.2.0/../../../../arm-none-eabi/lib/thumb/v6-m/nofp/libg.a(lib_a-lock.o)
                0x00000000100041b8                __retarget_lock_acquire_recursive
 .text.__retarget_lock_release_recursive
                0x00000000100041bc        0x4 /usr/lib/gcc/arm-none-eabi/12.2.0/../../../../arm-none-eabi/lib/thumb/v6-m/nofp/libg.a(lib_a-lock.o)
                0x00000000100041bc                __retarget_lock_release_recursive
 *(.fini)
 .fini          0x00000000100041c0        0x4 /usr/lib/gcc/arm-none-eabi/12.2.0/thumb/v6-m/nofp/crti.o
                0x00000000100041c0                _fini
 *fill*         0x00000000100041c4        0x4 
 .fini.__stub   0x00000000100041c8       0x50 linker stubs
 *crtbegin.o(.ctors)
 *crtbegin?.o(.ctors)
 *(EXCLUDE_FILE(*crtend.o *crtend?.o) .ctors)
 *(SORT_BY_NAME(.ctors.*))
 *(.ctors)
 *crtbegin.o(.dtors)
 *crtbegin?.o(.dtors)
 *(EXCLUDE_FILE(*crtend.o *crtend?.o) .dtors)
 *(SORT_BY_NAME(.dtors.*))
 *(.dtors)
 *(.eh_frame*)
 .eh_frame      0x0000000010004218        0x0 /usr/lib/gcc/arm-none-eabi/12.2.0/thumb/v6-m/nofp/crtbegin.o
                0x0000000010004218                . = ALIGN (0x4)

.glue_7         0x0000000010004218        0x0
 .glue_7        0x0000000010004218        0x0 linker stubs

.glue_7t        0x0000000010004218        0x0
 .glue_7t       0x0000000010004218        0x0 linker stubs

.vfp11_veneer   0x0000000010004218        0x0
 .vfp11_veneer  0x0000000010004218        0x0 linker stubs

.v4_bx          0x0000000010004218        0x0
 .v4_bx         0x0000000010004218        0x0 linker stubs

.iplt           0x0000000010004218        0x0
 .iplt          0x0000000010004218        0x0 /usr/lib/gcc/arm-none-eabi/12.2.0/thumb/v6-m/nofp/crtbegin.o

.rodata         0x0000000010004218      0xee4
 *(EXCLUDE_FILE(*libm.a: *libc.a:*lib_a-mem*.o *libgcc.a:) .rodata*)
 .rodata.resolve_branch.str1.4
                0x0000000010004218       0x4e CMakeFiles/project1.dir/usr/share/pico_sdk/src/rp2_common/hardware_irq/irq.c.obj
 *fill*         0x0000000010004266        0x2 
 .rodata.make_branch.str1.4
                0x0000000010004268       0x30 CMakeFiles/project1.dir/usr/share/pico_sdk/src/rp2_common/hardware_irq/irq.c.obj
 .rodata.insert_branch_and_link.str1.4
                0x0000000010004298       0x10 CMakeFiles/project1.dir/usr/share/pico_sdk/src/rp2_common/hardware_irq/irq.c.obj
 .rodata.irq_set_exclusive_handler.str1.4
                0x00000000100042a8       0x36 CMakeFiles/project1.dir/usr/share/pico_sdk/src/rp2_common/hardware_irq/irq.c.obj
 *fill*         0x00000000100042de        0x2 
 .rodata.irq_remove_handler.str1.4
                0x00000000100042e0       0x3a CMakeFiles/project1.dir/usr/share/pico_sdk/src/rp2_common/hardware_irq/irq.c.obj
 *fill*         0x000000001000431a        0x2 
 .rodata.irq_add_tail_to_free_list.str1.4
                0x000000001000431c       0x3a CMakeFiles/project1.dir/usr/share/pico_sdk/src/rp2_common/hardware_irq/irq.c.obj
 *fill*         0x0000000010004356        0x2 
 .rodata.__func__.0
                0x0000000010004358       0x1a CMakeFiles/project1.dir/usr/share/pico_sdk/src/rp2_common/hardware_irq/irq.c.obj
 *fill*         0x0000000010004372        0x2 
 .rodata.__func__.1
                0x0000000010004374       0x17 CMakeFiles/project1.dir/usr/share/pico_sdk/src/rp2_common/hardware_irq/irq.c.obj
 *fill*         0x000000001000438b        0x1 
 .rodata.__func__.2
                0x000000001000438c       0x13 CMakeFiles/project1.dir/usr/share/pico_sdk/src/rp2_common/hardware_irq/irq.c.obj
 *fill*         0x000000001000439f        0x1 
 .rodata.__func__.3
                0x00000000100043a0        0xc CMakeFiles/project1.dir/usr/share/pico_sdk/src/rp2_common/hardware_irq/irq.c.obj
 .rodata.__func__.4
                0x00000000100043ac        0xf CMakeFiles/project1.dir/usr/share/pico_sdk/src/rp2_common/hardware_irq/irq.c.obj
 *fill*         0x00000000100043bb        0x1 
 .rodata.__func__.6
                0x00000000100043bc       0x1a CMakeFiles/project1.dir/usr/share/pico_sdk/src/rp2_common/hardware_irq/irq.c.obj
 *fill*         0x00000000100043d6        0x2 
 .rodata.str1.4
                0x00000000100043d8       0x85 CMakeFiles/project1.dir/usr/share/pico_sdk/src/common/pico_sync/mutex.c.obj
 *fill*         0x000000001000445d        0x3 
 .rodata.__func__.1
                0x0000000010004460        0xb CMakeFiles/project1.dir/usr/share/pico_sdk/src/common/pico_sync/mutex.c.obj
 *fill*         0x000000001000446b        0x1 
 .rodata.__func__.3
                0x000000001000446c       0x18 CMakeFiles/project1.dir/usr/share/pico_sdk/src/common/pico_sync/mutex.c.obj
 .rodata.get_entry.str1.4
                0x0000000010004484       0x54 CMakeFiles/project1.dir/usr/share/pico_sdk/src/common/pico_time/time.c.obj
 .rodata.update_us_since_boot.str1.4
                0x00000000100044d8       0x5a CMakeFiles/project1.dir/usr/share/pico_sdk/src/common/pico_time/time.c.obj
 *fill*         0x0000000010004532        0x2 
 .rodata.ph_get_node.str1.4
                0x0000000010004534       0x5f CMakeFiles/project1.dir/usr/share/pico_sdk/src/common/pico_time/time.c.obj
 *fill*         0x0000000010004593        0x1 
 .rodata.ph_add_child_node.str1.4
                0x0000000010004594       0x2e CMakeFiles/project1.dir/usr/share/pico_sdk/src/common/pico_time/time.c.obj
 *fill*         0x00000000100045c2        0x2 
 .rodata.ph_insert_node.str1.4
                0x00000000100045c4        0x3 CMakeFiles/project1.dir/usr/share/pico_sdk/src/common/pico_time/time.c.obj
 *fill*         0x00000000100045c7        0x1 
 .rodata.ph_free_node.str1.4
                0x00000000100045c8       0x38 CMakeFiles/project1.dir/usr/share/pico_sdk/src/common/pico_time/time.c.obj
 .rodata.add_alarm_under_lock.str1.4
                0x0000000010004600       0x28 CMakeFiles/project1.dir/usr/share/pico_sdk/src/common/pico_time/time.c.obj
 .rodata.alarm_pool_alarm_callback.str1.4
                0x0000000010004628       0x60 CMakeFiles/project1.dir/usr/share/pico_sdk/src/common/pico_time/time.c.obj
 .rodata.alarm_pool_get_default.str1.4
                0x0000000010004688       0x21 CMakeFiles/project1.dir/usr/share/pico_sdk/src/common/pico_time/time.c.obj
 *fill*         0x00000000100046a9        0x3 
 .rodata.alarm_pool_cancel_alarm.str1.4
                0x00000000100046ac       0x27 CMakeFiles/project1.dir/usr/share/pico_sdk/src/common/pico_time/time.c.obj
 *fill*         0x00000000100046d3        0x1 
 .rodata.sleep_until.str1.4
                0x00000000100046d4       0x4d CMakeFiles/project1.dir/usr/share/pico_sdk/src/common/pico_time/time.c.obj
 *fill*         0x0000000010004721        0x3 
 .rodata.__func__.1
                0x0000000010004724       0x18 CMakeFiles/project1.dir/usr/share/pico_sdk/src/common/pico_time/time.c.obj
 .rodata.__func__.3
                0x000000001000473c       0x17 CMakeFiles/project1.dir/usr/share/pico_sdk/src/common/pico_time/time.c.obj
 *fill*         0x0000000010004753        0x1 
 .rodata.__func__.4
                0x0000000010004754       0x12 CMakeFiles/project1.dir/usr/share/pico_sdk/src/common/pico_time/time.c.obj
 *fill*         0x0000000010004766        0x2 
 .rodata.__func__.5
                0x0000000010004768        0xd CMakeFiles/project1.dir/usr/share/pico_sdk/src/common/pico_time/time.c.obj
 *fill*         0x0000000010004775        0x3 
 .rodata.__func__.6
                0x0000000010004778       0x12 CMakeFiles/project1.dir/usr/share/pico_sdk/src/common/pico_time/time.c.obj
 *fill*         0x000000001000478a        0x2 
 .rodata.__func__.7
                0x000000001000478c        0xf CMakeFiles/project1.dir/usr/share/pico_sdk/src/common/pico_time/time.c.obj
 *fill*         0x000000001000479b        0x1 
 .rodata.__func__.8
                0x000000001000479c        0xc CMakeFiles/project1.dir/usr/share/pico_sdk/src/common/pico_time/time.c.obj
 .rodata.__func__.9
                0x00000000100047a8       0x15 CMakeFiles/project1.dir/usr/share/pico_sdk/src/common/pico_time/time.c.obj
 *fill*         0x00000000100047bd        0x3 
 .rodata.__func__.10
                0x00000000100047c0       0x15 CMakeFiles/project1.dir/usr/share/pico_sdk/src/common/pico_time/time.c.obj
 *fill*         0x00000000100047d5        0x3 
 .rodata.__func__.11
                0x00000000100047d8       0x1a CMakeFiles/project1.dir/usr/share/pico_sdk/src/common/pico_time/time.c.obj
 *fill*         0x00000000100047f2        0x2 
 .rodata.__func__.12
                0x00000000100047f4        0xa CMakeFiles/project1.dir/usr/share/pico_sdk/src/common/pico_time/time.c.obj
 *fill*         0x00000000100047fe        0x2 
 .rodata.hardware_alarm_claim.str1.4
                0x0000000010004800       0x22 CMakeFiles/project1.dir/usr/share/pico_sdk/src/rp2_common/hardware_timer/timer.c.obj
 *fill*         0x0000000010004822        0x2 
 .rodata.hardware_alarm_set_target.str1.4
                0x0000000010004824       0x5e CMakeFiles/project1.dir/usr/share/pico_sdk/src/rp2_common/hardware_timer/timer.c.obj
 *fill*         0x0000000010004882        0x2 
 .rodata.__func__.0
                0x0000000010004884       0x1a CMakeFiles/project1.dir/usr/share/pico_sdk/src/rp2_common/hardware_timer/timer.c.obj
 .rodata.ph_get_node.str1.4
                0x000000001000489e       0x5f CMakeFiles/project1.dir/usr/share/pico_sdk/src/common/pico_util/pheap.c.obj
 .rodata.ph_add_child_node.str1.4
                0x000000001000489e       0x2e CMakeFiles/project1.dir/usr/share/pico_sdk/src/common/pico_util/pheap.c.obj
 *fill*         0x000000001000489e        0x2 
 .rodata.ph_remove_any_head.str1.4
                0x00000000100048a0       0x88 CMakeFiles/project1.dir/usr/share/pico_sdk/src/common/pico_util/pheap.c.obj
                                         0x9c (size before relaxing)
 .rodata.ph_remove_and_free_node.str1.4
                0x0000000010004928       0x1e CMakeFiles/project1.dir/usr/share/pico_sdk/src/common/pico_util/pheap.c.obj
                                         0x26 (size before relaxing)
 *fill*         0x0000000010004946        0x2 
 .rodata.__func__.0
                0x0000000010004948       0x18 CMakeFiles/project1.dir/usr/share/pico_sdk/src/common/pico_util/pheap.c.obj
 .rodata.__func__.1
                0x0000000010004960       0x13 CMakeFiles/project1.dir/usr/share/pico_sdk/src/common/pico_util/pheap.c.obj
 *fill*         0x0000000010004973        0x1 
 .rodata.__func__.2
                0x0000000010004974       0x12 CMakeFiles/project1.dir/usr/share/pico_sdk/src/common/pico_util/pheap.c.obj
 *fill*         0x0000000010004986        0x2 
 .rodata.__func__.3
                0x0000000010004988        0xc CMakeFiles/project1.dir/usr/share/pico_sdk/src/common/pico_util/pheap.c.obj
 .rodata.clock_configure.str1.4
                0x0000000010004994       0x50 CMakeFiles/project1.dir/usr/share/pico_sdk/src/rp2_common/hardware_clocks/clocks.c.obj
 .rodata.__func__.1
                0x00000000100049e4       0x10 CMakeFiles/project1.dir/usr/share/pico_sdk/src/rp2_common/hardware_clocks/clocks.c.obj
 .rodata.pll_init.str1.4
                0x00000000100049f4      0x11c CMakeFiles/project1.dir/usr/share/pico_sdk/src/rp2_common/hardware_pll/pll.c.obj
 .rodata.__func__.0
                0x0000000010004b10        0x9 CMakeFiles/project1.dir/usr/share/pico_sdk/src/rp2_common/hardware_pll/pll.c.obj
 *fill*         0x0000000010004b19        0x3 
 .rodata.__assert_func.str1.4
                0x0000000010004b1c       0x3f CMakeFiles/project1.dir/usr/share/pico_sdk/src/rp2_common/pico_runtime/runtime.c.obj
                                         0x43 (size before relaxing)
 *fill*         0x0000000010004b5b        0x1 
 .rodata.runtime_init.str1.4
                0x0000000010004b5c       0x5a CMakeFiles/project1.dir/usr/share/pico_sdk/src/rp2_common/pico_runtime/runtime.c.obj
 *fill*         0x0000000010004bb6        0x2 
 .rodata.panic.str1.4
                0x0000000010004bb8       0x12 CMakeFiles/project1.dir/usr/share/pico_sdk/src/rp2_common/pico_runtime/runtime.c.obj
 *fill*         0x0000000010004bca        0x2 
 .rodata.__func__.2
                0x0000000010004bcc        0xd CMakeFiles/project1.dir/usr/share/pico_sdk/src/rp2_common/pico_runtime/runtime.c.obj
 *fill*         0x0000000010004bd9        0x3 
 .rodata._ftoa.str1.4
                0x0000000010004bdc       0x15 CMakeFiles/project1.dir/usr/share/pico_sdk/src/rp2_common/pico_printf/printf.c.obj
 *fill*         0x0000000010004bf1        0x3 
 .rodata._vsnprintf
                0x0000000010004bf4      0x19c CMakeFiles/project1.dir/usr/share/pico_sdk/src/rp2_common/pico_printf/printf.c.obj
 .rodata.pow10.0
                0x0000000010004d90       0x50 CMakeFiles/project1.dir/usr/share/pico_sdk/src/rp2_common/pico_printf/printf.c.obj
 .rodata.__aeabi_double_init.str1.4
                0x0000000010004de0       0x95 CMakeFiles/project1.dir/usr/share/pico_sdk/src/rp2_common/pico_double/double_init_rom.c.obj
 *fill*         0x0000000010004e75        0x3 
 .rodata.__func__.0
                0x0000000010004e78       0x14 CMakeFiles/project1.dir/usr/share/pico_sdk/src/rp2_common/pico_double/double_init_rom.c.obj
 .rodata.__aeabi_float_init.str1.4
                0x0000000010004e8c       0x73 CMakeFiles/project1.dir/usr/share/pico_sdk/src/rp2_common/pico_float/float_init_rom.c.obj
                                         0x77 (size before relaxing)
 *fill*         0x0000000010004eff        0x1 
 .rodata.__func__.0
                0x0000000010004f00       0x13 CMakeFiles/project1.dir/usr/share/pico_sdk/src/rp2_common/pico_float/float_init_rom.c.obj
 *fill*         0x0000000010004f13        0x1 
 .rodata.str1.4
                0x0000000010004f14       0x40 CMakeFiles/project1.dir/usr/share/pico_sdk/src/rp2_common/pico_standard_link/binary_info.c.obj
 .rodata.__bi_81
                0x0000000010004f54        0xc CMakeFiles/project1.dir/usr/share/pico_sdk/src/rp2_common/pico_standard_link/binary_info.c.obj
 .rodata.__bi_75
                0x0000000010004f60        0xc CMakeFiles/project1.dir/usr/share/pico_sdk/src/rp2_common/pico_standard_link/binary_info.c.obj
 .rodata.__bi_44
                0x0000000010004f6c        0xc CMakeFiles/project1.dir/usr/share/pico_sdk/src/rp2_common/pico_standard_link/binary_info.c.obj
 .rodata.update_us_since_boot.str1.4
                0x0000000010004f78       0x5a CMakeFiles/project1.dir/usr/share/pico_sdk/src/rp2_common/pico_stdio/stdio.c.obj
 .rodata.crlf_str.2
                0x0000000010004f78        0x2 CMakeFiles/project1.dir/usr/share/pico_sdk/src/rp2_common/pico_stdio/stdio.c.obj
 *fill*         0x0000000010004f7a        0x2 
 .rodata.__func__.3
                0x0000000010004f7c       0x15 CMakeFiles/project1.dir/usr/share/pico_sdk/src/rp2_common/pico_stdio/stdio.c.obj
 *fill*         0x0000000010004f91        0x3 
 .rodata.str1.4
                0x0000000010004f94      0x152 CMakeFiles/project1.dir/usr/share/pico_sdk/src/rp2_common/hardware_flash/flash.c.obj
 *fill*         0x00000000100050e6        0x2 
 .rodata.__func__.0
                0x00000000100050e8        0xd CMakeFiles/project1.dir/usr/share/pico_sdk/src/rp2_common/hardware_flash/flash.c.obj
 *fill*         0x00000000100050f5        0x3 
 .rodata._global_impure_ptr
                0x00000000100050f8        0x4 /usr/lib/gcc/arm-none-eabi/12.2.0/../../../../arm-none-eabi/lib/thumb/v6-m/nofp/libg.a(lib_a-impure.o)
                0x00000000100050f8                _global_impure_ptr
                0x00000000100050fc                . = ALIGN (0x4)
 *(SORT_BY_ALIGNMENT(SORT_BY_NAME(.flashdata*)))
                0x00000000100050fc                . = ALIGN (0x4)

.ARM.extab
 *(.ARM.extab* .gnu.linkonce.armextab.*)
                0x00000000100050fc                __exidx_start = .

.ARM.exidx
 *(.ARM.exidx* .gnu.linkonce.armexidx.*)
                0x00000000100050fc                __exidx_end = .
                0x00000000100050fc                . = ALIGN (0x4)
                0x00000000100050fc                __binary_info_start = .

.binary_info    0x00000000100050fc       0x1c
 *(.binary_info.keep.*)
 .binary_info.keep.__bi_ptr81
                0x00000000100050fc        0x4 CMakeFiles/project1.dir/usr/share/pico_sdk/src/rp2_common/pico_standard_link/binary_info.c.obj
 .binary_info.keep.__bi_ptr75
                0x0000000010005100        0x4 CMakeFiles/project1.dir/usr/share/pico_sdk/src/rp2_common/pico_standard_link/binary_info.c.obj
 .binary_info.keep.__bi_ptr50
                0x0000000010005104        0x4 CMakeFiles/project1.dir/usr/share/pico_sdk/src/rp2_common/pico_standard_link/binary_info.c.obj
 .binary_info.keep.__bi_ptr44
                0x0000000010005108        0x4 CMakeFiles/project1.dir/usr/share/pico_sdk/src/rp2_common/pico_standard_link/binary_info.c.obj
 .binary_info.keep.__bi_ptr38
                0x000000001000510c        0x4 CMakeFiles/project1.dir/usr/share/pico_sdk/src/rp2_common/pico_standard_link/binary_info.c.obj
 .binary_info.keep.__bi_ptr30
                0x0000000010005110        0x4 CMakeFiles/project1.dir/usr/share/pico_sdk/src/rp2_common/pico_standard_link/binary_info.c.obj
 .binary_info.keep.__bi_ptr22
                0x0000000010005114        0x4 CMakeFiles/project1.dir/usr/share/pico_sdk/src/rp2_common/pico_standard_link/binary_info.c.obj
 *(.binary_info.*)
                0x0000000010005118                __binary_info_end = .

.rel.dyn        0x0000000010005118        0x0
 .rel.iplt      0x0000000010005118        0x0 /usr/lib/gcc/arm-none-eabi/12.2.0/thumb/v6-m/nofp/crtbegin.o
                0x0000000010005118                . = ALIGN (0x4)

.ram_vector_table
                0x0000000020000000       0xc0
 *(.ram_vector_table)
 .ram_vector_table
                0x0000000020000000       0xc0 CMakeFiles/project1.dir/usr/share/pico_sdk/src/rp2_common/pico_runtime/runtime.c.obj
                0x0000000020000000                ram_vector_table

.data           0x00000000200000c0      0x7a0 load address 0x0000000010005118
                0x00000000200000c0                __data_start__ = .
 *(vtable)
 *(.time_critical*)
 .time_critical.mutex_try_enter
                0x00000000200000c0       0x46 CMakeFiles/project1.dir/usr/share/pico_sdk/src/common/pico_sync/mutex.c.obj
                0x00000000200000c0                mutex_try_enter
 *fill*         0x0000000020000106        0x2 
 .time_critical.mutex_enter_block_until
                0x0000000020000108       0x8c CMakeFiles/project1.dir/usr/share/pico_sdk/src/common/pico_sync/mutex.c.obj
                0x0000000020000108                mutex_enter_block_until
 .time_critical.mutex_try_enter_block_until
                0x0000000020000194       0x34 CMakeFiles/project1.dir/usr/share/pico_sdk/src/common/pico_sync/mutex.c.obj
                0x0000000020000194                mutex_try_enter_block_until
 .time_critical.mutex_exit
                0x00000000200001c8       0x4c CMakeFiles/project1.dir/usr/share/pico_sdk/src/common/pico_sync/mutex.c.obj
                0x00000000200001c8                mutex_exit
 .time_critical.flash_init_boot2_copyout
                0x0000000020000214       0x30 CMakeFiles/project1.dir/usr/share/pico_sdk/src/rp2_common/hardware_flash/flash.c.obj
 .time_critical.flash_enable_xip_via_boot2
                0x0000000020000244        0xc CMakeFiles/project1.dir/usr/share/pico_sdk/src/rp2_common/hardware_flash/flash.c.obj
 .time_critical.flash_cs_force
                0x0000000020000250       0x28 CMakeFiles/project1.dir/usr/share/pico_sdk/src/rp2_common/hardware_flash/flash.c.obj
 .time_critical.flash_do_cmd
                0x0000000020000278       0xd8 CMakeFiles/project1.dir/usr/share/pico_sdk/src/rp2_common/hardware_flash/flash.c.obj
                0x0000000020000278                flash_do_cmd
 *(.text*)
 .text          0x0000000020000350        0x4 /usr/lib/gcc/arm-none-eabi/12.2.0/thumb/v6-m/nofp/libgcc.a(_dvmd_tls.o)
                0x0000000020000350                __aeabi_ldiv0
                0x0000000020000350                __aeabi_idiv0
 *fill*         0x0000000020000354        0x4 
 .text.__stub   0x0000000020000358       0x20 linker stubs
                0x0000000020000378                . = ALIGN (0x4)
 *(.rodata*)
                0x0000000020000378                . = ALIGN (0x4)
 *(.data*)
 .data.striped_spin_lock_num
                0x0000000020000378        0x1 CMakeFiles/project1.dir/usr/share/pico_sdk/src/rp2_common/hardware_sync/sync.c.obj
 *fill*         0x0000000020000379        0x3 
 .data          0x000000002000037c       0x48 CMakeFiles/project1.dir/usr/share/pico_sdk/src/rp2_common/hardware_irq/irq_handler_chain.S.obj
                0x000000002000037c                irq_handler_chain_slots
                0x00000000200003ac                irq_handler_chain_first_slot
                0x00000000200003b6                irq_handler_chain_remove_tail
 .data.default_alarm_pool
                0x00000000200003c4       0x18 CMakeFiles/project1.dir/usr/share/pico_sdk/src/common/pico_time/time.c.obj
 .data.default_alarm_pool_heap
                0x00000000200003dc       0x10 CMakeFiles/project1.dir/usr/share/pico_sdk/src/common/pico_time/time.c.obj
 *fill*         0x00000000200003ec        0x4 
 .data.aeabi_bits_funcs
                0x00000000200003f0       0x10 CMakeFiles/project1.dir/usr/share/pico_sdk/src/rp2_common/pico_bit_ops/bit_ops_aeabi.S.obj
                0x00000000200003f0                aeabi_bits_funcs
                0x0000000020000400                aeabi_bits_funcs_end
 .data.aeabi_mem_funcs
                0x0000000020000400       0x10 CMakeFiles/project1.dir/usr/share/pico_sdk/src/rp2_common/pico_mem_ops/mem_ops_aeabi.S.obj
                0x0000000020000400                aeabi_mem_funcs
                0x0000000020000410                aeabi_mem_funcs_end
 .data.impure_data
                0x0000000020000410      0x428 /usr/lib/gcc/arm-none-eabi/12.2.0/../../../../arm-none-eabi/lib/thumb/v6-m/nofp/libg.a(lib_a-impure.o)
 .data.__atexit_recursive_mutex
                0x0000000020000838        0x4 /usr/lib/gcc/arm-none-eabi/12.2.0/../../../../arm-none-eabi/lib/thumb/v6-m/nofp/libg.a(lib_a-__call_atexit.o)
                0x0000000020000838                __atexit_recursive_mutex
                0x000000002000083c                . = ALIGN (0x4)
 *(.after_data.*)
                0x000000002000083c                . = ALIGN (0x4)
                0x000000002000083c                PROVIDE (__mutex_array_start = .)
 *(SORT_BY_NAME(.mutex_array.*))
 *(.mutex_array)
 .mutex_array   0x000000002000083c        0x8 CMakeFiles/project1.dir/usr/share/pico_sdk/src/rp2_common/pico_stdio/stdio.c.obj
                0x0000000020000844                PROVIDE (__mutex_array_end = .)
                0x0000000020000844                . = ALIGN (0x4)
                0x0000000020000844                PROVIDE (__preinit_array_start = .)
 *(SORT_BY_NAME(.preinit_array.*))
 .preinit_array.00001
                0x0000000020000844        0x4 CMakeFiles/project1.dir/usr/share/pico_sdk/src/rp2_common/pico_mem_ops/mem_ops_aeabi.S.obj
 .preinit_array.00010
                0x0000000020000848        0x4 CMakeFiles/project1.dir/usr/share/pico_sdk/src/rp2_common/pico_bit_ops/bit_ops_aeabi.S.obj
 .preinit_array.00020
                0x000000002000084c        0x4 CMakeFiles/project1.dir/usr/share/pico_sdk/src/rp2_common/pico_double/double_aeabi.S.obj
 .preinit_array.00020
                0x0000000020000850        0x4 CMakeFiles/project1.dir/usr/share/pico_sdk/src/rp2_common/pico_float/float_aeabi.S.obj
 *(.preinit_array)
                0x0000000020000854                PROVIDE (__preinit_array_end = .)
                0x0000000020000854                . = ALIGN (0x4)
                0x0000000020000854                PROVIDE (__init_array_start = .)
 *(SORT_BY_NAME(.init_array.*))
 .init_array.00000
                0x0000000020000854        0x4 /usr/lib/gcc/arm-none-eabi/12.2.0/../../../../arm-none-eabi/lib/thumb/v6-m/nofp/libg.a(lib_a-__call_atexit.o)
 *(.init_array)
 .init_array    0x0000000020000858        0x4 /usr/lib/gcc/arm-none-eabi/12.2.0/thumb/v6-m/nofp/crtbegin.o
 .init_array    0x000000002000085c        0x4 CMakeFiles/project1.dir/usr/share/pico_sdk/src/rp2_common/pico_unique_id/unique_id.c.obj
                0x0000000020000860                PROVIDE (__init_array_end = .)
                0x0000000020000860                . = ALIGN (0x4)
                0x0000000020000860                PROVIDE (__fini_array_start = .)
 *(SORT_BY_NAME(.fini_array.*))
 *(.fini_array)
                0x0000000020000860                PROVIDE (__fini_array_end = .)
 *(.jcr)
                0x0000000020000860                . = ALIGN (0x4)
                0x0000000020000860                __data_end__ = .
                0x0000000010005118                __etext = LOADADDR (.data)

.igot.plt       0x0000000020000860        0x0 load address 0x00000000100058b8
 .igot.plt      0x0000000020000860        0x0 /usr/lib/gcc/arm-none-eabi/12.2.0/thumb/v6-m/nofp/crtbegin.o

.uninitialized_data
                0x0000000020000860        0x0 load address 0x00000000100058b8
                0x0000000020000860                . = ALIGN (0x4)
 *(.uninitialized_data*)

.scratch_x      0x0000000020040000        0x0 load address 0x00000000100058b8
                0x0000000020040000                __scratch_x_start__ = .
 *(.scratch_x.*)
                0x0000000020040000                . = ALIGN (0x4)
                0x0000000020040000                __scratch_x_end__ = .
                0x00000000100058b8                __scratch_x_source__ = LOADADDR (.scratch_x)

.scratch_y      0x0000000020041000        0x0 load address 0x00000000100058b8
                0x0000000020041000                __scratch_y_start__ = .
 *(.scratch_y.*)
                0x0000000020041000                . = ALIGN (0x4)
                0x0000000020041000                __scratch_y_end__ = .
                0x00000000100058b8                __scratch_y_source__ = LOADADDR (.scratch_y)

.bss            0x0000000020000860      0x4d0
                0x0000000020000860                . = ALIGN (0x4)
                0x0000000020000860                __bss_start__ = .
 *(SORT_BY_ALIGNMENT(SORT_BY_NAME(.bss*)))
 .bss.default_alarm_pool_entries
                0x0000000020000860      0x100 CMakeFiles/project1.dir/usr/share/pico_sdk/src/common/pico_time/time.c.obj
 .bss.__lock___atexit_recursive_mutex
                0x0000000020000960        0x1 /usr/lib/gcc/arm-none-eabi/12.2.0/../../../../arm-none-eabi/lib/thumb/v6-m/nofp/libg.a(lib_a-lock.o)
                0x0000000020000960                __lock___atexit_recursive_mutex
 *fill*         0x0000000020000961        0x3 
 .bss.alarm_callbacks
                0x0000000020000964       0x10 CMakeFiles/project1.dir/usr/share/pico_sdk/src/rp2_common/hardware_timer/timer.c.obj
 .bss.boot2_copyout
                0x0000000020000974      0x100 CMakeFiles/project1.dir/usr/share/pico_sdk/src/rp2_common/hardware_flash/flash.c.obj
 .bss.configured_freq
                0x0000000020000a74       0x28 CMakeFiles/project1.dir/usr/share/pico_sdk/src/rp2_common/hardware_clocks/clocks.c.obj
 .bss.default_alarm_pool_entry_ids_high
                0x0000000020000a9c       0x10 CMakeFiles/project1.dir/usr/share/pico_sdk/src/common/pico_time/time.c.obj
 .bss.default_alarm_pool_heap_nodes
                0x0000000020000aac       0x30 CMakeFiles/project1.dir/usr/share/pico_sdk/src/common/pico_time/time.c.obj
 .bss.drivers   0x0000000020000adc        0x4 CMakeFiles/project1.dir/usr/share/pico_sdk/src/rp2_common/pico_stdio/stdio.c.obj
 .bss.filter    0x0000000020000ae0        0x4 CMakeFiles/project1.dir/usr/share/pico_sdk/src/rp2_common/pico_stdio/stdio.c.obj
 .bss.object.0  0x0000000020000ae4       0x18 /usr/lib/gcc/arm-none-eabi/12.2.0/thumb/v6-m/nofp/crtbegin.o
 .bss.pools     0x0000000020000afc       0x10 CMakeFiles/project1.dir/usr/share/pico_sdk/src/common/pico_time/time.c.obj
 .bss.retrieved_id
                0x0000000020000b0c        0x8 CMakeFiles/project1.dir/usr/share/pico_sdk/src/rp2_common/pico_unique_id/unique_id.c.obj
 .bss.sd_table  0x0000000020000b14      0x100 CMakeFiles/project1.dir/usr/share/pico_sdk/src/rp2_common/pico_double/double_init_rom.c.obj
                0x0000000020000b14                sd_table
 .bss.sf_clz_func
                0x0000000020000c14        0x4 CMakeFiles/project1.dir/usr/share/pico_sdk/src/rp2_common/pico_double/double_init_rom.c.obj
                0x0000000020000c14                sf_clz_func
 .bss.sf_table  0x0000000020000c18      0x100 CMakeFiles/project1.dir/usr/share/pico_sdk/src/rp2_common/pico_float/float_init_rom.c.obj
                0x0000000020000c18                sf_table
 .bss.sleep_notifier
                0x0000000020000d18        0x4 CMakeFiles/project1.dir/usr/share/pico_sdk/src/common/pico_time/time.c.obj
 .bss.target_hi
                0x0000000020000d1c       0x10 CMakeFiles/project1.dir/usr/share/pico_sdk/src/rp2_common/hardware_timer/timer.c.obj
 .bss.boot2_copyout_valid
                0x0000000020000d2c        0x1 CMakeFiles/project1.dir/usr/share/pico_sdk/src/rp2_common/hardware_flash/flash.c.obj
 .bss.claimed   0x0000000020000d2d        0x1 CMakeFiles/project1.dir/usr/share/pico_sdk/src/rp2_common/hardware_timer/timer.c.obj
 .bss.irq_hander_chain_free_slot_head
                0x0000000020000d2e        0x1 CMakeFiles/project1.dir/usr/share/pico_sdk/src/rp2_common/hardware_irq/irq.c.obj
 .bss.timer_callbacks_pending
                0x0000000020000d2f        0x1 CMakeFiles/project1.dir/usr/share/pico_sdk/src/rp2_common/hardware_timer/timer.c.obj
 *(COMMON)
                0x0000000020000d30                . = ALIGN (0x4)
                0x0000000020000d30                __bss_end__ = .

.heap           0x0000000020000d30      0x800
                0x0000000020000d30                __end__ = .
                0x0000000020000d30                end = __end__
 *(.heap*)
 .heap          0x0000000020000d30      0x800 CMakeFiles/project1.dir/usr/share/pico_sdk/src/rp2_common/pico_standard_link/crt0.S.obj
                0x0000000020001530                __HeapLimit = .

.stack1_dummy
 *(.stack1*)

.stack_dummy    0x0000000020041000      0x800
 *(.stack*)
 .stack         0x0000000020041000      0x800 CMakeFiles/project1.dir/usr/share/pico_sdk/src/rp2_common/pico_standard_link/crt0.S.obj

.flash_end      0x00000000100058b8        0x0
                0x00000000100058b8                PROVIDE (__flash_binary_end = .)
                0x0000000020040000                __StackLimit = (ORIGIN (RAM) + LENGTH (RAM))
                0x0000000020041000                __StackOneTop = (ORIGIN (SCRATCH_X) + LENGTH (SCRATCH_X))
                0x0000000020042000                __StackTop = (ORIGIN (SCRATCH_Y) + LENGTH (SCRATCH_Y))
                0x0000000020041000                __StackOneBottom = (__StackOneTop - SIZEOF (.stack1_dummy))
                0x0000000020041800                __StackBottom = (__StackTop - SIZEOF (.stack_dummy))
                0x0000000020042000                PROVIDE (__stack = __StackTop)
                0x0000000000000001                ASSERT ((__StackLimit >= __HeapLimit), region RAM overflowed)
                0x0000000000000001                ASSERT (((__binary_info_header_end - __logical_binary_start) <= 0x100), Binary info must be in first 256 bytes of the binary)
LOAD CMakeFiles/project1.dir/main.c.obj
LOAD CMakeFiles/project1.dir/extrafunc.c.obj
LOAD CMakeFiles/project1.dir/usr/share/pico_sdk/src/rp2_common/pico_stdlib/stdlib.c.obj
LOAD CMakeFiles/project1.dir/usr/share/pico_sdk/src/rp2_common/hardware_gpio/gpio.c.obj
LOAD CMakeFiles/project1.dir/usr/share/pico_sdk/src/rp2_common/pico_platform/platform.c.obj
LOAD CMakeFiles/project1.dir/usr/share/pico_sdk/src/rp2_common/hardware_claim/claim.c.obj
LOAD CMakeFiles/project1.dir/usr/share/pico_sdk/src/rp2_common/hardware_sync/sync.c.obj
LOAD CMakeFiles/project1.dir/usr/share/pico_sdk/src/rp2_common/hardware_irq/irq.c.obj
LOAD CMakeFiles/project1.dir/usr/share/pico_sdk/src/rp2_common/hardware_irq/irq_handler_chain.S.obj
LOAD CMakeFiles/project1.dir/usr/share/pico_sdk/src/common/pico_sync/sem.c.obj
LOAD CMakeFiles/project1.dir/usr/share/pico_sdk/src/common/pico_sync/lock_core.c.obj
LOAD CMakeFiles/project1.dir/usr/share/pico_sdk/src/common/pico_sync/mutex.c.obj
LOAD CMakeFiles/project1.dir/usr/share/pico_sdk/src/common/pico_sync/critical_section.c.obj
LOAD CMakeFiles/project1.dir/usr/share/pico_sdk/src/common/pico_time/time.c.obj
LOAD CMakeFiles/project1.dir/usr/share/pico_sdk/src/common/pico_time/timeout_helper.c.obj
LOAD CMakeFiles/project1.dir/usr/share/pico_sdk/src/rp2_common/hardware_timer/timer.c.obj
LOAD CMakeFiles/project1.dir/usr/share/pico_sdk/src/common/pico_util/datetime.c.obj
LOAD CMakeFiles/project1.dir/usr/share/pico_sdk/src/common/pico_util/pheap.c.obj
LOAD CMakeFiles/project1.dir/usr/share/pico_sdk/src/common/pico_util/queue.c.obj
LOAD CMakeFiles/project1.dir/usr/share/pico_sdk/src/rp2_common/hardware_uart/uart.c.obj
LOAD CMakeFiles/project1.dir/usr/share/pico_sdk/src/rp2_common/hardware_clocks/clocks.c.obj
LOAD CMakeFiles/project1.dir/usr/share/pico_sdk/src/rp2_common/hardware_pll/pll.c.obj
LOAD CMakeFiles/project1.dir/usr/share/pico_sdk/src/rp2_common/hardware_vreg/vreg.c.obj
LOAD CMakeFiles/project1.dir/usr/share/pico_sdk/src/rp2_common/hardware_watchdog/watchdog.c.obj
LOAD CMakeFiles/project1.dir/usr/share/pico_sdk/src/rp2_common/hardware_xosc/xosc.c.obj
LOAD CMakeFiles/project1.dir/usr/share/pico_sdk/src/rp2_common/hardware_divider/divider.S.obj
LOAD CMakeFiles/project1.dir/usr/share/pico_sdk/src/rp2_common/pico_runtime/runtime.c.obj
LOAD CMakeFiles/project1.dir/usr/share/pico_sdk/src/rp2_common/pico_printf/printf.c.obj
LOAD CMakeFiles/project1.dir/usr/share/pico_sdk/src/rp2_common/pico_bit_ops/bit_ops_aeabi.S.obj
LOAD CMakeFiles/project1.dir/usr/share/pico_sdk/src/rp2_common/pico_bootrom/bootrom.c.obj
LOAD CMakeFiles/project1.dir/usr/share/pico_sdk/src/rp2_common/pico_divider/divider.S.obj
LOAD CMakeFiles/project1.dir/usr/share/pico_sdk/src/rp2_common/pico_double/double_aeabi.S.obj
LOAD CMakeFiles/project1.dir/usr/share/pico_sdk/src/rp2_common/pico_double/double_init_rom.c.obj
LOAD CMakeFiles/project1.dir/usr/share/pico_sdk/src/rp2_common/pico_double/double_math.c.obj
LOAD CMakeFiles/project1.dir/usr/share/pico_sdk/src/rp2_common/pico_double/double_v1_rom_shim.S.obj
LOAD CMakeFiles/project1.dir/usr/share/pico_sdk/src/rp2_common/pico_int64_ops/pico_int64_ops_aeabi.S.obj
LOAD CMakeFiles/project1.dir/usr/share/pico_sdk/src/rp2_common/pico_float/float_aeabi.S.obj
LOAD CMakeFiles/project1.dir/usr/share/pico_sdk/src/rp2_common/pico_float/float_init_rom.c.obj
LOAD CMakeFiles/project1.dir/usr/share/pico_sdk/src/rp2_common/pico_float/float_math.c.obj
LOAD CMakeFiles/project1.dir/usr/share/pico_sdk/src/rp2_common/pico_float/float_v1_rom_shim.S.obj
LOAD CMakeFiles/project1.dir/usr/share/pico_sdk/src/rp2_common/pico_malloc/pico_malloc.c.obj
LOAD CMakeFiles/project1.dir/usr/share/pico_sdk/src/rp2_common/pico_mem_ops/mem_ops_aeabi.S.obj
LOAD CMakeFiles/project1.dir/usr/share/pico_sdk/src/rp2_common/pico_standard_link/crt0.S.obj
LOAD CMakeFiles/project1.dir/usr/share/pico_sdk/src/rp2_common/pico_standard_link/new_delete.cpp.obj
LOAD CMakeFiles/project1.dir/usr/share/pico_sdk/src/rp2_common/pico_standard_link/binary_info.c.obj
LOAD CMakeFiles/project1.dir/usr/share/pico_sdk/src/rp2_common/pico_stdio/stdio.c.obj
LOAD CMakeFiles/project1.dir/usr/share/pico_sdk/src/rp2_common/pico_stdio_usb/reset_interface.c.obj
LOAD CMakeFiles/project1.dir/usr/share/pico_sdk/src/rp2_common/pico_stdio_usb/stdio_usb.c.obj
LOAD CMakeFiles/project1.dir/usr/share/pico_sdk/src/rp2_common/pico_stdio_usb/stdio_usb_descriptors.c.obj
LOAD CMakeFiles/project1.dir/usr/share/pico_sdk/src/rp2_common/pico_unique_id/unique_id.c.obj
LOAD CMakeFiles/project1.dir/usr/share/pico_sdk/src/rp2_common/hardware_flash/flash.c.obj
LOAD CMakeFiles/project1.dir/usr/share/pico_sdk/lib/tinyusb/src/portable/raspberrypi/rp2040/dcd_rp2040.c.obj
LOAD CMakeFiles/project1.dir/usr/share/pico_sdk/lib/tinyusb/src/portable/raspberrypi/rp2040/rp2040_usb.c.obj
LOAD CMakeFiles/project1.dir/usr/share/pico_sdk/lib/tinyusb/src/device/usbd.c.obj
LOAD CMakeFiles/project1.dir/usr/share/pico_sdk/lib/tinyusb/src/device/usbd_control.c.obj
LOAD CMakeFiles/project1.dir/usr/share/pico_sdk/lib/tinyusb/src/class/audio/audio_device.c.obj
LOAD CMakeFiles/project1.dir/usr/share/pico_sdk/lib/tinyusb/src/class/cdc/cdc_device.c.obj
LOAD CMakeFiles/project1.dir/usr/share/pico_sdk/lib/tinyusb/src/class/dfu/dfu_device.c.obj
LOAD CMakeFiles/project1.dir/usr/share/pico_sdk/lib/tinyusb/src/class/dfu/dfu_rt_device.c.obj
LOAD CMakeFiles/project1.dir/usr/share/pico_sdk/lib/tinyusb/src/class/hid/hid_device.c.obj
LOAD CMakeFiles/project1.dir/usr/share/pico_sdk/lib/tinyusb/src/class/midi/midi_device.c.obj
LOAD CMakeFiles/project1.dir/usr/share/pico_sdk/lib/tinyusb/src/class/msc/msc_device.c.obj
LOAD CMakeFiles/project1.dir/usr/share/pico_sdk/lib/tinyusb/src/class/net/ecm_rndis_device.c.obj
LOAD CMakeFiles/project1.dir/usr/share/pico_sdk/lib/tinyusb/src/class/net/ncm_device.c.obj
LOAD CMakeFiles/project1.dir/usr/share/pico_sdk/lib/tinyusb/src/class/usbtmc/usbtmc_device.c.obj
LOAD CMakeFiles/project1.dir/usr/share/pico_sdk/lib/tinyusb/src/class/vendor/vendor_device.c.obj
LOAD CMakeFiles/project1.dir/usr/share/pico_sdk/lib/tinyusb/src/class/video/video_device.c.obj
LOAD CMakeFiles/project1.dir/usr/share/pico_sdk/lib/tinyusb/src/tusb.c.obj
LOAD CMakeFiles/project1.dir/usr/share/pico_sdk/lib/tinyusb/src/common/tusb_fifo.c.obj
LOAD CMakeFiles/project1.dir/usr/share/pico_sdk/src/rp2_common/pico_fix/rp2040_usb_device_enumeration/rp2040_usb_device_enumeration.c.obj
LOAD /tmp/ccOfCBAM.o
LOAD /usr/lib/gcc/arm-none-eabi/12.2.0/../../../../arm-none-eabi/lib/thumb/v6-m/nofp/libstdc++.a
LOAD /usr/lib/gcc/arm-none-eabi/12.2.0/../../../../arm-none-eabi/lib/thumb/v6-m/nofp/libm.a
START GROUP
LOAD /usr/lib/gcc/arm-none-eabi/12.2.0/thumb/v6-m/nofp/libgcc.a
LOAD /usr/lib/gcc/arm-none-eabi/12.2.0/../../../../arm-none-eabi/lib/thumb/v6-m/nofp/libg.a
LOAD /usr/lib/gcc/arm-none-eabi/12.2.0/../../../../arm-none-eabi/lib/thumb/v6-m/nofp/libc.a
END GROUP
START GROUP
LOAD /usr/lib/gcc/arm-none-eabi/12.2.0/thumb/v6-m/nofp/libgcc.a
LOAD /usr/lib/gcc/arm-none-eabi/12.2.0/../../../../arm-none-eabi/lib/thumb/v6-m/nofp/libc.a
LOAD /usr/lib/gcc/arm-none-eabi/12.2.0/../../../../arm-none-eabi/lib/thumb/v6-m/nofp/libnosys.a
END GROUP
LOAD /usr/lib/gcc/arm-none-eabi/12.2.0/thumb/v6-m/nofp/crtend.o
LOAD /usr/lib/gcc/arm-none-eabi/12.2.0/thumb/v6-m/nofp/crtn.o
OUTPUT(project1.elf elf32-littlearm)
LOAD linker stubs

.ARM.attributes
                0x0000000000000000       0x28
 .ARM.attributes
                0x0000000000000000       0x1e /usr/lib/gcc/arm-none-eabi/12.2.0/thumb/v6-m/nofp/crti.o
 .ARM.attributes
                0x000000000000001e       0x2c /usr/lib/gcc/arm-none-eabi/12.2.0/thumb/v6-m/nofp/crtbegin.o
 .ARM.attributes
                0x000000000000004a       0x2c CMakeFiles/project1.dir/main.c.obj
 .ARM.attributes
                0x0000000000000076       0x2c CMakeFiles/project1.dir/extrafunc.c.obj
 .ARM.attributes
                0x00000000000000a2       0x2c CMakeFiles/project1.dir/usr/share/pico_sdk/src/rp2_common/hardware_gpio/gpio.c.obj
 .ARM.attributes
                0x00000000000000ce       0x2c CMakeFiles/project1.dir/usr/share/pico_sdk/src/rp2_common/pico_platform/platform.c.obj
 .ARM.attributes
                0x00000000000000fa       0x2c CMakeFiles/project1.dir/usr/share/pico_sdk/src/rp2_common/hardware_claim/claim.c.obj
 .ARM.attributes
                0x0000000000000126       0x2c CMakeFiles/project1.dir/usr/share/pico_sdk/src/rp2_common/hardware_sync/sync.c.obj
 .ARM.attributes
                0x0000000000000152       0x2c CMakeFiles/project1.dir/usr/share/pico_sdk/src/rp2_common/hardware_irq/irq.c.obj
 .ARM.attributes
                0x000000000000017e       0x22 CMakeFiles/project1.dir/usr/share/pico_sdk/src/rp2_common/hardware_irq/irq_handler_chain.S.obj
 .ARM.attributes
                0x00000000000001a0       0x2c CMakeFiles/project1.dir/usr/share/pico_sdk/src/common/pico_sync/lock_core.c.obj
 .ARM.attributes
                0x00000000000001cc       0x2c CMakeFiles/project1.dir/usr/share/pico_sdk/src/common/pico_sync/mutex.c.obj
 .ARM.attributes
                0x00000000000001f8       0x2c CMakeFiles/project1.dir/usr/share/pico_sdk/src/common/pico_time/time.c.obj
 .ARM.attributes
                0x0000000000000224       0x2c CMakeFiles/project1.dir/usr/share/pico_sdk/src/rp2_common/hardware_timer/timer.c.obj
 .ARM.attributes
                0x0000000000000250       0x2c CMakeFiles/project1.dir/usr/share/pico_sdk/src/common/pico_util/pheap.c.obj
 .ARM.attributes
                0x000000000000027c       0x2c CMakeFiles/project1.dir/usr/share/pico_sdk/src/rp2_common/hardware_clocks/clocks.c.obj
 .ARM.attributes
                0x00000000000002a8       0x2c CMakeFiles/project1.dir/usr/share/pico_sdk/src/rp2_common/hardware_pll/pll.c.obj
 .ARM.attributes
                0x00000000000002d4       0x2c CMakeFiles/project1.dir/usr/share/pico_sdk/src/rp2_common/hardware_watchdog/watchdog.c.obj
 .ARM.attributes
                0x0000000000000300       0x2c CMakeFiles/project1.dir/usr/share/pico_sdk/src/rp2_common/hardware_xosc/xosc.c.obj
 .ARM.attributes
                0x000000000000032c       0x2c CMakeFiles/project1.dir/usr/share/pico_sdk/src/rp2_common/pico_runtime/runtime.c.obj
 .ARM.attributes
                0x0000000000000358       0x2c CMakeFiles/project1.dir/usr/share/pico_sdk/src/rp2_common/pico_printf/printf.c.obj
 .ARM.attributes
                0x0000000000000384       0x22 CMakeFiles/project1.dir/usr/share/pico_sdk/src/rp2_common/pico_bit_ops/bit_ops_aeabi.S.obj
 .ARM.attributes
                0x00000000000003a6       0x2c CMakeFiles/project1.dir/usr/share/pico_sdk/src/rp2_common/pico_bootrom/bootrom.c.obj
 .ARM.attributes
                0x00000000000003d2       0x22 CMakeFiles/project1.dir/usr/share/pico_sdk/src/rp2_common/pico_divider/divider.S.obj
 .ARM.attributes
                0x00000000000003f4       0x22 CMakeFiles/project1.dir/usr/share/pico_sdk/src/rp2_common/pico_double/double_aeabi.S.obj
 .ARM.attributes
                0x0000000000000416       0x2c CMakeFiles/project1.dir/usr/share/pico_sdk/src/rp2_common/pico_double/double_init_rom.c.obj
 .ARM.attributes
                0x0000000000000442       0x22 CMakeFiles/project1.dir/usr/share/pico_sdk/src/rp2_common/pico_double/double_v1_rom_shim.S.obj
 .ARM.attributes
                0x0000000000000464       0x22 CMakeFiles/project1.dir/usr/share/pico_sdk/src/rp2_common/pico_int64_ops/pico_int64_ops_aeabi.S.obj
 .ARM.attributes
                0x0000000000000486       0x22 CMakeFiles/project1.dir/usr/share/pico_sdk/src/rp2_common/pico_float/float_aeabi.S.obj
 .ARM.attributes
                0x00000000000004a8       0x2c CMakeFiles/project1.dir/usr/share/pico_sdk/src/rp2_common/pico_float/float_init_rom.c.obj
 .ARM.attributes
                0x00000000000004d4       0x22 CMakeFiles/project1.dir/usr/share/pico_sdk/src/rp2_common/pico_float/float_v1_rom_shim.S.obj
 .ARM.attributes
                0x00000000000004f6       0x22 CMakeFiles/project1.dir/usr/share/pico_sdk/src/rp2_common/pico_mem_ops/mem_ops_aeabi.S.obj
 .ARM.attributes
                0x0000000000000518       0x22 CMakeFiles/project1.dir/usr/share/pico_sdk/src/rp2_common/pico_standard_link/crt0.S.obj
 .ARM.attributes
                0x000000000000053a       0x2c CMakeFiles/project1.dir/usr/share/pico_sdk/src/rp2_common/pico_standard_link/binary_info.c.obj
 .ARM.attributes
                0x0000000000000566       0x2c CMakeFiles/project1.dir/usr/share/pico_sdk/src/rp2_common/pico_stdio/stdio.c.obj
 .ARM.attributes
                0x0000000000000592       0x2c CMakeFiles/project1.dir/usr/share/pico_sdk/src/rp2_common/pico_unique_id/unique_id.c.obj
 .ARM.attributes
                0x00000000000005be       0x2c CMakeFiles/project1.dir/usr/share/pico_sdk/src/rp2_common/hardware_flash/flash.c.obj
 .ARM.attributes
                0x00000000000005ea       0x22 /tmp/ccOfCBAM.o
 .ARM.attributes
                0x000000000000060c       0x1e /usr/lib/gcc/arm-none-eabi/12.2.0/thumb/v6-m/nofp/libgcc.a(_dvmd_tls.o)
 .ARM.attributes
                0x000000000000062a       0x2c /usr/lib/gcc/arm-none-eabi/12.2.0/../../../../arm-none-eabi/lib/thumb/v6-m/nofp/libg.a(lib_a-atexit.o)
 .ARM.attributes
                0x0000000000000656       0x2c /usr/lib/gcc/arm-none-eabi/12.2.0/../../../../arm-none-eabi/lib/thumb/v6-m/nofp/libg.a(lib_a-fini.o)
 .ARM.attributes
                0x0000000000000682       0x2c /usr/lib/gcc/arm-none-eabi/12.2.0/../../../../arm-none-eabi/lib/thumb/v6-m/nofp/libg.a(lib_a-impure.o)
 .ARM.attributes
                0x00000000000006ae       0x2c /usr/lib/gcc/arm-none-eabi/12.2.0/../../../../arm-none-eabi/lib/thumb/v6-m/nofp/libg.a(lib_a-strlen-stub.o)
 .ARM.attributes
                0x00000000000006da       0x2c /usr/lib/gcc/arm-none-eabi/12.2.0/../../../../arm-none-eabi/lib/thumb/v6-m/nofp/libg.a(lib_a-__atexit.o)
 .ARM.attributes
                0x0000000000000706       0x2c /usr/lib/gcc/arm-none-eabi/12.2.0/../../../../arm-none-eabi/lib/thumb/v6-m/nofp/libg.a(lib_a-__call_atexit.o)
 .ARM.attributes
                0x0000000000000732       0x2c /usr/lib/gcc/arm-none-eabi/12.2.0/../../../../arm-none-eabi/lib/thumb/v6-m/nofp/libg.a(lib_a-lock.o)

.comment        0x0000000000000000       0x1b
 .comment       0x0000000000000000       0x1b /usr/lib/gcc/arm-none-eabi/12.2.0/thumb/v6-m/nofp/crtbegin.o
                                         0x1c (size before relaxing)
 .comment       0x000000000000001b       0x1c CMakeFiles/project1.dir/main.c.obj
 .comment       0x000000000000001b       0x1c CMakeFiles/project1.dir/extrafunc.c.obj
 .comment       0x000000000000001b       0x1c CMakeFiles/project1.dir/usr/share/pico_sdk/src/rp2_common/hardware_gpio/gpio.c.obj
 .comment       0x000000000000001b       0x1c CMakeFiles/project1.dir/usr/share/pico_sdk/src/rp2_common/pico_platform/platform.c.obj
 .comment       0x000000000000001b       0x1c CMakeFiles/project1.dir/usr/share/pico_sdk/src/rp2_common/hardware_claim/claim.c.obj
 .comment       0x000000000000001b       0x1c CMakeFiles/project1.dir/usr/share/pico_sdk/src/rp2_common/hardware_sync/sync.c.obj
 .comment       0x000000000000001b       0x1c CMakeFiles/project1.dir/usr/share/pico_sdk/src/rp2_common/hardware_irq/irq.c.obj
 .comment       0x000000000000001b       0x1c CMakeFiles/project1.dir/usr/share/pico_sdk/src/common/pico_sync/lock_core.c.obj
 .comment       0x000000000000001b       0x1c CMakeFiles/project1.dir/usr/share/pico_sdk/src/common/pico_sync/mutex.c.obj
 .comment       0x000000000000001b       0x1c CMakeFiles/project1.dir/usr/share/pico_sdk/src/common/pico_time/time.c.obj
 .comment       0x000000000000001b       0x1c CMakeFiles/project1.dir/usr/share/pico_sdk/src/rp2_common/hardware_timer/timer.c.obj
 .comment       0x000000000000001b       0x1c CMakeFiles/project1.dir/usr/share/pico_sdk/src/common/pico_util/pheap.c.obj
 .comment       0x000000000000001b       0x1c CMakeFiles/project1.dir/usr/share/pico_sdk/src/rp2_common/hardware_clocks/clocks.c.obj
 .comment       0x000000000000001b       0x1c CMakeFiles/project1.dir/usr/share/pico_sdk/src/rp2_common/hardware_pll/pll.c.obj
 .comment       0x000000000000001b       0x1c CMakeFiles/project1.dir/usr/share/pico_sdk/src/rp2_common/hardware_watchdog/watchdog.c.obj
 .comment       0x000000000000001b       0x1c CMakeFiles/project1.dir/usr/share/pico_sdk/src/rp2_common/hardware_xosc/xosc.c.obj
 .comment       0x000000000000001b       0x1c CMakeFiles/project1.dir/usr/share/pico_sdk/src/rp2_common/pico_runtime/runtime.c.obj
 .comment       0x000000000000001b       0x1c CMakeFiles/project1.dir/usr/share/pico_sdk/src/rp2_common/pico_printf/printf.c.obj
 .comment       0x000000000000001b       0x1c CMakeFiles/project1.dir/usr/share/pico_sdk/src/rp2_common/pico_bootrom/bootrom.c.obj
 .comment       0x000000000000001b       0x1c CMakeFiles/project1.dir/usr/share/pico_sdk/src/rp2_common/pico_double/double_init_rom.c.obj
 .comment       0x000000000000001b       0x1c CMakeFiles/project1.dir/usr/share/pico_sdk/src/rp2_common/pico_float/float_init_rom.c.obj
 .comment       0x000000000000001b       0x1c CMakeFiles/project1.dir/usr/share/pico_sdk/src/rp2_common/pico_standard_link/binary_info.c.obj
 .comment       0x000000000000001b       0x1c CMakeFiles/project1.dir/usr/share/pico_sdk/src/rp2_common/pico_stdio/stdio.c.obj
 .comment       0x000000000000001b       0x1c CMakeFiles/project1.dir/usr/share/pico_sdk/src/rp2_common/pico_unique_id/unique_id.c.obj
 .comment       0x000000000000001b       0x1c CMakeFiles/project1.dir/usr/share/pico_sdk/src/rp2_common/hardware_flash/flash.c.obj
 .comment       0x000000000000001b       0x1c /usr/lib/gcc/arm-none-eabi/12.2.0/../../../../arm-none-eabi/lib/thumb/v6-m/nofp/libg.a(lib_a-atexit.o)
 .comment       0x000000000000001b       0x1c /usr/lib/gcc/arm-none-eabi/12.2.0/../../../../arm-none-eabi/lib/thumb/v6-m/nofp/libg.a(lib_a-fini.o)
 .comment       0x000000000000001b       0x1c /usr/lib/gcc/arm-none-eabi/12.2.0/../../../../arm-none-eabi/lib/thumb/v6-m/nofp/libg.a(lib_a-impure.o)
 .comment       0x000000000000001b       0x1c /usr/lib/gcc/arm-none-eabi/12.2.0/../../../../arm-none-eabi/lib/thumb/v6-m/nofp/libg.a(lib_a-strlen-stub.o)
 .comment       0x000000000000001b       0x1c /usr/lib/gcc/arm-none-eabi/12.2.0/../../../../arm-none-eabi/lib/thumb/v6-m/nofp/libg.a(lib_a-__atexit.o)
 .comment       0x000000000000001b       0x1c /usr/lib/gcc/arm-none-eabi/12.2.0/../../../../arm-none-eabi/lib/thumb/v6-m/nofp/libg.a(lib_a-__call_atexit.o)
 .comment       0x000000000000001b       0x1c /usr/lib/gcc/arm-none-eabi/12.2.0/../../../../arm-none-eabi/lib/thumb/v6-m/nofp/libg.a(lib_a-lock.o)

.debug_info     0x0000000000000000    0x13c5a
 .debug_info    0x0000000000000000      0x132 CMakeFiles/project1.dir/main.c.obj
 .debug_info    0x0000000000000132      0x58c CMakeFiles/project1.dir/extrafunc.c.obj
 .debug_info    0x00000000000006be     0x17f5 CMakeFiles/project1.dir/usr/share/pico_sdk/src/rp2_common/hardware_gpio/gpio.c.obj
 .debug_info    0x0000000000001eb3      0x1fb CMakeFiles/project1.dir/usr/share/pico_sdk/src/rp2_common/pico_platform/platform.c.obj
 .debug_info    0x00000000000020ae      0x69a CMakeFiles/project1.dir/usr/share/pico_sdk/src/rp2_common/hardware_claim/claim.c.obj
 .debug_info    0x0000000000002748      0x5db CMakeFiles/project1.dir/usr/share/pico_sdk/src/rp2_common/hardware_sync/sync.c.obj
 .debug_info    0x0000000000002d23     0x1c0b CMakeFiles/project1.dir/usr/share/pico_sdk/src/rp2_common/hardware_irq/irq.c.obj
 .debug_info    0x000000000000492e      0x1a3 CMakeFiles/project1.dir/usr/share/pico_sdk/src/common/pico_sync/lock_core.c.obj
 .debug_info    0x0000000000004ad1     0x1d25 CMakeFiles/project1.dir/usr/share/pico_sdk/src/common/pico_sync/mutex.c.obj
 .debug_info    0x00000000000067f6     0x33e9 CMakeFiles/project1.dir/usr/share/pico_sdk/src/common/pico_time/time.c.obj
 .debug_info    0x0000000000009bdf     0x142a CMakeFiles/project1.dir/usr/share/pico_sdk/src/rp2_common/hardware_timer/timer.c.obj
 .debug_info    0x000000000000b009      0xe63 CMakeFiles/project1.dir/usr/share/pico_sdk/src/common/pico_util/pheap.c.obj
 .debug_info    0x000000000000be6c      0xfe7 CMakeFiles/project1.dir/usr/share/pico_sdk/src/rp2_common/hardware_clocks/clocks.c.obj
 .debug_info    0x000000000000ce53      0x505 CMakeFiles/project1.dir/usr/share/pico_sdk/src/rp2_common/hardware_pll/pll.c.obj
 .debug_info    0x000000000000d358      0x4c5 CMakeFiles/project1.dir/usr/share/pico_sdk/src/rp2_common/hardware_watchdog/watchdog.c.obj
 .debug_info    0x000000000000d81d      0x1c7 CMakeFiles/project1.dir/usr/share/pico_sdk/src/rp2_common/hardware_xosc/xosc.c.obj
 .debug_info    0x000000000000d9e4      0xf17 CMakeFiles/project1.dir/usr/share/pico_sdk/src/rp2_common/pico_runtime/runtime.c.obj
 .debug_info    0x000000000000e8fb     0x19a2 CMakeFiles/project1.dir/usr/share/pico_sdk/src/rp2_common/pico_printf/printf.c.obj
 .debug_info    0x000000000001029d       0x23 CMakeFiles/project1.dir/usr/share/pico_sdk/src/rp2_common/pico_bit_ops/bit_ops_aeabi.S.obj
 .debug_info    0x00000000000102c0      0x325 CMakeFiles/project1.dir/usr/share/pico_sdk/src/rp2_common/pico_bootrom/bootrom.c.obj
 .debug_info    0x00000000000105e5       0x23 CMakeFiles/project1.dir/usr/share/pico_sdk/src/rp2_common/pico_divider/divider.S.obj
 .debug_info    0x0000000000010608       0x23 CMakeFiles/project1.dir/usr/share/pico_sdk/src/rp2_common/pico_double/double_aeabi.S.obj
 .debug_info    0x000000000001062b      0x33b CMakeFiles/project1.dir/usr/share/pico_sdk/src/rp2_common/pico_double/double_init_rom.c.obj
 .debug_info    0x0000000000010966       0x23 CMakeFiles/project1.dir/usr/share/pico_sdk/src/rp2_common/pico_double/double_v1_rom_shim.S.obj
 .debug_info    0x0000000000010989       0x24 CMakeFiles/project1.dir/usr/share/pico_sdk/src/rp2_common/pico_int64_ops/pico_int64_ops_aeabi.S.obj
 .debug_info    0x00000000000109ad       0x23 CMakeFiles/project1.dir/usr/share/pico_sdk/src/rp2_common/pico_float/float_aeabi.S.obj
 .debug_info    0x00000000000109d0      0x34f CMakeFiles/project1.dir/usr/share/pico_sdk/src/rp2_common/pico_float/float_init_rom.c.obj
 .debug_info    0x0000000000010d1f       0x23 CMakeFiles/project1.dir/usr/share/pico_sdk/src/rp2_common/pico_float/float_v1_rom_shim.S.obj
 .debug_info    0x0000000000010d42       0x23 CMakeFiles/project1.dir/usr/share/pico_sdk/src/rp2_common/pico_mem_ops/mem_ops_aeabi.S.obj
 .debug_info    0x0000000000010d65       0x23 CMakeFiles/project1.dir/usr/share/pico_sdk/src/rp2_common/pico_standard_link/crt0.S.obj
 .debug_info    0x0000000000010d88      0x2b8 CMakeFiles/project1.dir/usr/share/pico_sdk/src/rp2_common/pico_standard_link/binary_info.c.obj
 .debug_info    0x0000000000011040     0x1729 CMakeFiles/project1.dir/usr/share/pico_sdk/src/rp2_common/pico_stdio/stdio.c.obj
 .debug_info    0x0000000000012769      0x275 CMakeFiles/project1.dir/usr/share/pico_sdk/src/rp2_common/pico_unique_id/unique_id.c.obj
 .debug_info    0x00000000000129de     0x127c CMakeFiles/project1.dir/usr/share/pico_sdk/src/rp2_common/hardware_flash/flash.c.obj

.debug_abbrev   0x0000000000000000     0x42e2
 .debug_abbrev  0x0000000000000000       0xc2 CMakeFiles/project1.dir/main.c.obj
 .debug_abbrev  0x00000000000000c2      0x1cb CMakeFiles/project1.dir/extrafunc.c.obj
 .debug_abbrev  0x000000000000028d      0x3a6 CMakeFiles/project1.dir/usr/share/pico_sdk/src/rp2_common/hardware_gpio/gpio.c.obj
 .debug_abbrev  0x0000000000000633       0xf8 CMakeFiles/project1.dir/usr/share/pico_sdk/src/rp2_common/pico_platform/platform.c.obj
 .debug_abbrev  0x000000000000072b      0x2ce CMakeFiles/project1.dir/usr/share/pico_sdk/src/rp2_common/hardware_claim/claim.c.obj
 .debug_abbrev  0x00000000000009f9      0x249 CMakeFiles/project1.dir/usr/share/pico_sdk/src/rp2_common/hardware_sync/sync.c.obj
 .debug_abbrev  0x0000000000000c42      0x500 CMakeFiles/project1.dir/usr/share/pico_sdk/src/rp2_common/hardware_irq/irq.c.obj
 .debug_abbrev  0x0000000000001142      0x116 CMakeFiles/project1.dir/usr/share/pico_sdk/src/common/pico_sync/lock_core.c.obj
 .debug_abbrev  0x0000000000001258      0x3e8 CMakeFiles/project1.dir/usr/share/pico_sdk/src/common/pico_sync/mutex.c.obj
 .debug_abbrev  0x0000000000001640      0x5c3 CMakeFiles/project1.dir/usr/share/pico_sdk/src/common/pico_time/time.c.obj
 .debug_abbrev  0x0000000000001c03      0x3d5 CMakeFiles/project1.dir/usr/share/pico_sdk/src/rp2_common/hardware_timer/timer.c.obj
 .debug_abbrev  0x0000000000001fd8      0x290 CMakeFiles/project1.dir/usr/share/pico_sdk/src/common/pico_util/pheap.c.obj
 .debug_abbrev  0x0000000000002268      0x434 CMakeFiles/project1.dir/usr/share/pico_sdk/src/rp2_common/hardware_clocks/clocks.c.obj
 .debug_abbrev  0x000000000000269c      0x1e7 CMakeFiles/project1.dir/usr/share/pico_sdk/src/rp2_common/hardware_pll/pll.c.obj
 .debug_abbrev  0x0000000000002883      0x1a8 CMakeFiles/project1.dir/usr/share/pico_sdk/src/rp2_common/hardware_watchdog/watchdog.c.obj
 .debug_abbrev  0x0000000000002a2b      0x10c CMakeFiles/project1.dir/usr/share/pico_sdk/src/rp2_common/hardware_xosc/xosc.c.obj
 .debug_abbrev  0x0000000000002b37      0x530 CMakeFiles/project1.dir/usr/share/pico_sdk/src/rp2_common/pico_runtime/runtime.c.obj
 .debug_abbrev  0x0000000000003067      0x38a CMakeFiles/project1.dir/usr/share/pico_sdk/src/rp2_common/pico_printf/printf.c.obj
 .debug_abbrev  0x00000000000033f1       0x12 CMakeFiles/project1.dir/usr/share/pico_sdk/src/rp2_common/pico_bit_ops/bit_ops_aeabi.S.obj
 .debug_abbrev  0x0000000000003403      0x167 CMakeFiles/project1.dir/usr/share/pico_sdk/src/rp2_common/pico_bootrom/bootrom.c.obj
 .debug_abbrev  0x000000000000356a       0x12 CMakeFiles/project1.dir/usr/share/pico_sdk/src/rp2_common/pico_divider/divider.S.obj
 .debug_abbrev  0x000000000000357c       0x12 CMakeFiles/project1.dir/usr/share/pico_sdk/src/rp2_common/pico_double/double_aeabi.S.obj
 .debug_abbrev  0x000000000000358e      0x1c3 CMakeFiles/project1.dir/usr/share/pico_sdk/src/rp2_common/pico_double/double_init_rom.c.obj
 .debug_abbrev  0x0000000000003751       0x12 CMakeFiles/project1.dir/usr/share/pico_sdk/src/rp2_common/pico_double/double_v1_rom_shim.S.obj
 .debug_abbrev  0x0000000000003763       0x14 CMakeFiles/project1.dir/usr/share/pico_sdk/src/rp2_common/pico_int64_ops/pico_int64_ops_aeabi.S.obj
 .debug_abbrev  0x0000000000003777       0x12 CMakeFiles/project1.dir/usr/share/pico_sdk/src/rp2_common/pico_float/float_aeabi.S.obj
 .debug_abbrev  0x0000000000003789      0x1c6 CMakeFiles/project1.dir/usr/share/pico_sdk/src/rp2_common/pico_float/float_init_rom.c.obj
 .debug_abbrev  0x000000000000394f       0x12 CMakeFiles/project1.dir/usr/share/pico_sdk/src/rp2_common/pico_float/float_v1_rom_shim.S.obj
 .debug_abbrev  0x0000000000003961       0x12 CMakeFiles/project1.dir/usr/share/pico_sdk/src/rp2_common/pico_mem_ops/mem_ops_aeabi.S.obj