Archive member included to satisfy reference by file (symbol)

/usr/lib/gcc/arm-none-eabi/12.2.0/thumb/v6-m/nofp/libgcc.a(_dvmd_tls.o)
                              CMakeFiles/project1.dir/usr/share/pico_sdk/src/rp2_common/pico_divider/divider.S.obj (__aeabi_idiv0)
/usr/lib/gcc/arm-none-eabi/12.2.0/../../../../arm-none-eabi/lib/thumb/v6-m/nofp/libg.a(lib_a-atexit.o)
                              /usr/lib/gcc/arm-none-eabi/12.2.0/../../../../arm-none-eabi/lib/thumb/v6-m/nofp/crt0.o (atexit)
/usr/lib/gcc/arm-none-eabi/12.2.0/../../../../arm-none-eabi/lib/thumb/v6-m/nofp/libg.a(lib_a-calloc.o)
                              CMakeFiles/project1.dir/usr/share/pico_sdk/src/rp2_common/pico_malloc/pico_malloc.c.obj (calloc)
/usr/lib/gcc/arm-none-eabi/12.2.0/../../../../arm-none-eabi/lib/thumb/v6-m/nofp/libg.a(lib_a-callocr.o)
                              /usr/lib/gcc/arm-none-eabi/12.2.0/../../../../arm-none-eabi/lib/thumb/v6-m/nofp/libg.a(lib_a-calloc.o) (_calloc_r)
/usr/lib/gcc/arm-none-eabi/12.2.0/../../../../arm-none-eabi/lib/thumb/v6-m/nofp/libg.a(lib_a-errno.o)
                              /usr/lib/gcc/arm-none-eabi/12.2.0/../../../../arm-none-eabi/lib/thumb/v6-m/nofp/libg.a(lib_a-callocr.o) (__errno)
/usr/lib/gcc/arm-none-eabi/12.2.0/../../../../arm-none-eabi/lib/thumb/v6-m/nofp/libg.a(lib_a-fini.o)
                              /usr/lib/gcc/arm-none-eabi/12.2.0/../../../../arm-none-eabi/lib/thumb/v6-m/nofp/crt0.o (__libc_fini_array)
/usr/lib/gcc/arm-none-eabi/12.2.0/../../../../arm-none-eabi/lib/thumb/v6-m/nofp/libg.a(lib_a-impure.o)
                              /usr/lib/gcc/arm-none-eabi/12.2.0/../../../../arm-none-eabi/lib/thumb/v6-m/nofp/libg.a(lib_a-calloc.o) (_impure_ptr)
/usr/lib/gcc/arm-none-eabi/12.2.0/../../../../arm-none-eabi/lib/thumb/v6-m/nofp/libg.a(lib_a-init.o)
                              /usr/lib/gcc/arm-none-eabi/12.2.0/../../../../arm-none-eabi/lib/thumb/v6-m/nofp/crt0.o (__libc_init_array)
/usr/lib/gcc/arm-none-eabi/12.2.0/../../../../arm-none-eabi/lib/thumb/v6-m/nofp/libg.a(lib_a-malloc.o)
                              CMakeFiles/project1.dir/usr/share/pico_sdk/src/rp2_common/pico_malloc/pico_malloc.c.obj (malloc)
/usr/lib/gcc/arm-none-eabi/12.2.0/../../../../arm-none-eabi/lib/thumb/v6-m/nofp/libg.a(lib_a-mallocr.o)
                              /usr/lib/gcc/arm-none-eabi/12.2.0/../../../../arm-none-eabi/lib/thumb/v6-m/nofp/libg.a(lib_a-callocr.o) (_malloc_r)
/usr/lib/gcc/arm-none-eabi/12.2.0/../../../../arm-none-eabi/lib/thumb/v6-m/nofp/libg.a(lib_a-mlock.o)
                              /usr/lib/gcc/arm-none-eabi/12.2.0/../../../../arm-none-eabi/lib/thumb/v6-m/nofp/libg.a(lib_a-mallocr.o) (__malloc_lock)
/usr/lib/gcc/arm-none-eabi/12.2.0/../../../../arm-none-eabi/lib/thumb/v6-m/nofp/libg.a(lib_a-realloc.o)
                              CMakeFiles/project1.dir/usr/share/pico_sdk/src/rp2_common/pico_malloc/pico_malloc.c.obj (realloc)
/usr/lib/gcc/arm-none-eabi/12.2.0/../../../../arm-none-eabi/lib/thumb/v6-m/nofp/libg.a(lib_a-reallocr.o)
                              /usr/lib/gcc/arm-none-eabi/12.2.0/../../../../arm-none-eabi/lib/thumb/v6-m/nofp/libg.a(lib_a-realloc.o) (_realloc_r)
/usr/lib/gcc/arm-none-eabi/12.2.0/../../../../arm-none-eabi/lib/thumb/v6-m/nofp/libg.a(lib_a-sbrkr.o)
                              /usr/lib/gcc/arm-none-eabi/12.2.0/../../../../arm-none-eabi/lib/thumb/v6-m/nofp/libg.a(lib_a-mallocr.o) (_sbrk_r)
/usr/lib/gcc/arm-none-eabi/12.2.0/../../../../arm-none-eabi/lib/thumb/v6-m/nofp/libg.a(lib_a-strlen-stub.o)
                              CMakeFiles/project1.dir/usr/share/pico_sdk/src/rp2_common/pico_stdio/stdio.c.obj (strlen)
/usr/lib/gcc/arm-none-eabi/12.2.0/../../../../arm-none-eabi/lib/thumb/v6-m/nofp/libg.a(lib_a-__atexit.o)
                              /usr/lib/gcc/arm-none-eabi/12.2.0/../../../../arm-none-eabi/lib/thumb/v6-m/nofp/libg.a(lib_a-atexit.o) (__register_exitproc)
/usr/lib/gcc/arm-none-eabi/12.2.0/../../../../arm-none-eabi/lib/thumb/v6-m/nofp/libg.a(lib_a-__call_atexit.o)
                              /usr/lib/gcc/arm-none-eabi/12.2.0/../../../../arm-none-eabi/lib/thumb/v6-m/nofp/libg.a(lib_a-__atexit.o) (__atexit_recursive_mutex)
/usr/lib/gcc/arm-none-eabi/12.2.0/../../../../arm-none-eabi/lib/thumb/v6-m/nofp/libg.a(lib_a-freer.o)
                              /usr/lib/gcc/arm-none-eabi/12.2.0/../../../../arm-none-eabi/lib/thumb/v6-m/nofp/libg.a(lib_a-malloc.o) (_free_r)
/usr/lib/gcc/arm-none-eabi/12.2.0/../../../../arm-none-eabi/lib/thumb/v6-m/nofp/libg.a(lib_a-lock.o)
                              /usr/lib/gcc/arm-none-eabi/12.2.0/../../../../arm-none-eabi/lib/thumb/v6-m/nofp/libg.a(lib_a-mlock.o) (__retarget_lock_acquire_recursive)
/usr/lib/gcc/arm-none-eabi/12.2.0/../../../../arm-none-eabi/lib/thumb/v6-m/nofp/libg.a(lib_a-memmove.o)
                              /usr/lib/gcc/arm-none-eabi/12.2.0/../../../../arm-none-eabi/lib/thumb/v6-m/nofp/libg.a(lib_a-reallocr.o) (memmove)
[...]
Memory Configuration

Name             Origin             Length             Attributes
FLASH            0x0000000010000000 0x0000000000200000 xr
RAM              0x0000000020000000 0x0000000000040000 xrw
SCRATCH_X        0x0000000020040000 0x0000000000001000 xrw
SCRATCH_Y        0x0000000020041000 0x0000000000001000 xrw
*default*        0x0000000000000000 0xffffffffffffffff

Linker script and memory map

LOAD /usr/lib/gcc/arm-none-eabi/12.2.0/thumb/v6-m/nofp/crti.o
LOAD /usr/lib/gcc/arm-none-eabi/12.2.0/thumb/v6-m/nofp/crtbegin.o
LOAD /usr/lib/gcc/arm-none-eabi/12.2.0/../../../../arm-none-eabi/lib/thumb/v6-m/nofp/crt0.o

.flash_begin    0x0000000010000000        0x0
                0x0000000010000000                __flash_binary_start = .

.boot2          0x0000000010000000      0x100
                0x0000000010000000                __boot2_start__ = .
 *(.boot2)
 .boot2         0x0000000010000000      0x100 /tmp/ccAMpIpB.o
                0x0000000010000100                __boot2_end__ = .
                0x0000000000000001                ASSERT (((__boot2_end__ - __boot2_start__) == 0x100), ERROR: Pico second stage bootloader must be 256 bytes in size)

.text           0x0000000010000100     0x4110
                0x0000000010000100                __logical_binary_start = .
 *(.vectors)
 .vectors       0x0000000010000100       0xd4 CMakeFiles/project1.dir/usr/share/pico_sdk/src/rp2_common/pico_standard_link/crt0.S.obj
                0x0000000010000100                __vectors
                0x0000000010000100                __VECTOR_TABLE
                0x00000000100001c0                __default_isrs_start
                0x00000000100001c0                isr_invalid
                0x00000000100001c2                isr_nmi
                0x00000000100001c4                isr_hardfault
                0x00000000100001c6                isr_svcall
                0x00000000100001c8                isr_pendsv
                0x00000000100001ca                isr_systick
                0x00000000100001cc                isr_irq5
                0x00000000100001cc                isr_irq18
                0x00000000100001cc                isr_irq23
                0x00000000100001cc                isr_irq28
                0x00000000100001cc                isr_irq19
                0x00000000100001cc                isr_irq11
                0x00000000100001cc                isr_irq27
                0x00000000100001cc                __unhandled_user_irq
                0x00000000100001cc                isr_irq30
                0x00000000100001cc                isr_irq22
                0x00000000100001cc                isr_irq6
                0x00000000100001cc                isr_irq2
                0x00000000100001cc                isr_irq14
                0x00000000100001cc                isr_irq17
                0x00000000100001cc                isr_irq10
                0x00000000100001cc                isr_irq13
                0x00000000100001cc                isr_irq31
                0x00000000100001cc                isr_irq0
                0x00000000100001cc                isr_irq24
                0x00000000100001cc                isr_irq7
                0x00000000100001cc                isr_irq8
                0x00000000100001cc                isr_irq20
                0x00000000100001cc                isr_irq15
                0x00000000100001cc                isr_irq25
                0x00000000100001cc                isr_irq1
                0x00000000100001cc                isr_irq21
                0x00000000100001cc                isr_irq4
                0x00000000100001cc                isr_irq16
                0x00000000100001cc                isr_irq29
                0x00000000100001cc                isr_irq26
                0x00000000100001cc                __default_isrs_end
                0x00000000100001cc                isr_irq3
                0x00000000100001cc                isr_irq9
                0x00000000100001cc                isr_irq12
                0x00000000100001d2                unhandled_user_irq_num_in_r0
 *(.binary_info_header)
 .binary_info_header
                0x00000000100001d4       0x14 CMakeFiles/project1.dir/usr/share/pico_sdk/src/rp2_common/pico_standard_link/crt0.S.obj
                0x00000000100001e8                __binary_info_header_end = .
 *(.reset)
 .reset         0x00000000100001e8       0xa0 CMakeFiles/project1.dir/usr/share/pico_sdk/src/rp2_common/pico_standard_link/crt0.S.obj
                0x00000000100001e8                _entry_point
 .reset         0x0000000010000288       0x30 CMakeFiles/project1.dir/usr/share/pico_sdk/src/rp2_common/pico_standard_link/binary_info.c.obj
 *(.init)
 .init          0x00000000100002b8        0x4 /usr/lib/gcc/arm-none-eabi/12.2.0/thumb/v6-m/nofp/crti.o
                0x00000000100002b8                _init
 *(EXCLUDE_FILE(*libm.a: *libc.a:*lib_a-mem*.o *libgcc.a:) .text*)
 .text.frame_dummy
                0x00000000100002bc       0x20 /usr/lib/gcc/arm-none-eabi/12.2.0/thumb/v6-m/nofp/crtbegin.o
 .text.main     0x00000000100002dc       0x20 CMakeFiles/project1.dir/main.c.obj
                0x00000000100002dc                main
 .text.led_setup
                0x00000000100002fc       0x16 CMakeFiles/project1.dir/extrafunc.c.obj
                0x00000000100002fc                led_setup
 .text.led_ctrl
                0x0000000010000312       0x1e CMakeFiles/project1.dir/extrafunc.c.obj
                0x0000000010000312                led_ctrl
 .text.gpio_set_function
                0x0000000010000330       0x30 CMakeFiles/project1.dir/usr/share/pico_sdk/src/rp2_common/hardware_gpio/gpio.c.obj
                0x0000000010000330                gpio_set_function
 .text.gpio_init
                0x0000000010000360       0x16 CMakeFiles/project1.dir/usr/share/pico_sdk/src/rp2_common/hardware_gpio/gpio.c.obj
                0x0000000010000360                gpio_init
 *fill*         0x0000000010000376        0x2 
 .text.running_on_fpga
                0x0000000010000378       0x14 CMakeFiles/project1.dir/usr/share/pico_sdk/src/rp2_common/pico_platform/platform.c.obj
                0x0000000010000378                running_on_fpga
 .text.hw_claim_lock
                0x000000001000038c       0x18 CMakeFiles/project1.dir/usr/share/pico_sdk/src/rp2_common/hardware_claim/claim.c.obj
                0x000000001000038c                hw_claim_lock
 .text.hw_claim_unlock
                0x00000000100003a4       0x14 CMakeFiles/project1.dir/usr/share/pico_sdk/src/rp2_common/hardware_claim/claim.c.obj
                0x00000000100003a4                hw_claim_unlock
 .text.hw_claim_or_assert
                0x00000000100003b8       0x32 CMakeFiles/project1.dir/usr/share/pico_sdk/src/rp2_common/hardware_claim/claim.c.obj
                0x00000000100003b8                hw_claim_or_assert
 *fill*         0x00000000100003ea        0x2 
 .text.spin_locks_reset
                0x00000000100003ec       0x20 CMakeFiles/project1.dir/usr/share/pico_sdk/src/rp2_common/hardware_sync/sync.c.obj
                0x00000000100003ec                spin_locks_reset
 .text.next_striped_spin_lock_num
                0x000000001000040c       0x1c CMakeFiles/project1.dir/usr/share/pico_sdk/src/rp2_common/hardware_sync/sync.c.obj
                0x000000001000040c                next_striped_spin_lock_num
 .text.set_raw_irq_handler_and_unlock
                0x0000000010000428       0x28 CMakeFiles/project1.dir/usr/share/pico_sdk/src/rp2_common/hardware_irq/irq.c.obj
 .text.resolve_branch
                0x0000000010000450       0x30 CMakeFiles/project1.dir/usr/share/pico_sdk/src/rp2_common/hardware_irq/irq.c.obj
 .text.make_branch
                0x0000000010000480       0x48 CMakeFiles/project1.dir/usr/share/pico_sdk/src/rp2_common/hardware_irq/irq.c.obj
 .text.insert_branch_and_link
                0x00000000100004c8       0x40 CMakeFiles/project1.dir/usr/share/pico_sdk/src/rp2_common/hardware_irq/irq.c.obj
 .text.irq_is_enabled
                0x0000000010000508       0x18 CMakeFiles/project1.dir/usr/share/pico_sdk/src/rp2_common/hardware_irq/irq.c.obj
                0x0000000010000508                irq_is_enabled
 .text.irq_set_mask_enabled
                0x0000000010000520       0x20 CMakeFiles/project1.dir/usr/share/pico_sdk/src/rp2_common/hardware_irq/irq.c.obj
                0x0000000010000520                irq_set_mask_enabled
 .text.irq_set_enabled
                0x0000000010000540        0xe CMakeFiles/project1.dir/usr/share/pico_sdk/src/rp2_common/hardware_irq/irq.c.obj
                0x0000000010000540                irq_set_enabled
 *fill*         0x000000001000054e        0x2 
 .text.irq_get_vtable_handler
                0x0000000010000550       0x10 CMakeFiles/project1.dir/usr/share/pico_sdk/src/rp2_common/hardware_irq/irq.c.obj
                0x0000000010000550                irq_get_vtable_handler
 .text.irq_set_exclusive_handler
                0x0000000010000560       0x54 CMakeFiles/project1.dir/usr/share/pico_sdk/src/rp2_common/hardware_irq/irq.c.obj
                0x0000000010000560                irq_set_exclusive_handler
 .text.irq_remove_handler
                0x00000000100005b4      0x188 CMakeFiles/project1.dir/usr/share/pico_sdk/src/rp2_common/hardware_irq/irq.c.obj
                0x00000000100005b4                irq_remove_handler
 .text.irq_add_tail_to_free_list
                0x000000001000073c       0xf0 CMakeFiles/project1.dir/usr/share/pico_sdk/src/rp2_common/hardware_irq/irq.c.obj
                0x000000001000073c                irq_add_tail_to_free_list
 .text.irq_init_priorities
                0x000000001000082c       0x1c CMakeFiles/project1.dir/usr/share/pico_sdk/src/rp2_common/hardware_irq/irq.c.obj
                0x000000001000082c                irq_init_priorities
 .text.lock_init
                0x0000000010000848       0x10 CMakeFiles/project1.dir/usr/share/pico_sdk/src/common/pico_sync/lock_core.c.obj
                0x0000000010000848                lock_init
 .text.mutex_init
                0x0000000010000858       0x1a CMakeFiles/project1.dir/usr/share/pico_sdk/src/common/pico_sync/mutex.c.obj
                0x0000000010000858                mutex_init
 .text.recursive_mutex_init
                0x0000000010000872       0x1e CMakeFiles/project1.dir/usr/share/pico_sdk/src/common/pico_sync/mutex.c.obj
                0x0000000010000872                recursive_mutex_init
 .text.time_reached
                0x0000000010000890       0x28 CMakeFiles/project1.dir/usr/share/pico_sdk/src/common/pico_time/time.c.obj
 .text.get_entry
                0x00000000100008b8       0x38 CMakeFiles/project1.dir/usr/share/pico_sdk/src/common/pico_time/time.c.obj
 .text.timer_pool_entry_comparator
                0x00000000100008f0       0x2e CMakeFiles/project1.dir/usr/share/pico_sdk/src/common/pico_time/time.c.obj
                0x00000000100008f0                timer_pool_entry_comparator
 *fill*         0x000000001000091e        0x2 
 .text.update_us_since_boot
                0x0000000010000920       0x24 CMakeFiles/project1.dir/usr/share/pico_sdk/src/common/pico_time/time.c.obj
 .text.delayed_by_us
                0x0000000010000944       0x34 CMakeFiles/project1.dir/usr/share/pico_sdk/src/common/pico_time/time.c.obj
 .text.ph_get_node
                0x0000000010000978       0x30 CMakeFiles/project1.dir/usr/share/pico_sdk/src/common/pico_time/time.c.obj
 .text.ph_contains_node
                0x00000000100009a8       0x1e CMakeFiles/project1.dir/usr/share/pico_sdk/src/common/pico_time/time.c.obj
 .text.ph_new_node
                0x00000000100009c6       0x28 CMakeFiles/project1.dir/usr/share/pico_sdk/src/common/pico_time/time.c.obj
 *fill*         0x00000000100009ee        0x2 
 .text.ph_add_child_node
                0x00000000100009f0       0x6c CMakeFiles/project1.dir/usr/share/pico_sdk/src/common/pico_time/time.c.obj
 .text.ph_merge_nodes
                0x0000000010000a5c       0x3e CMakeFiles/project1.dir/usr/share/pico_sdk/src/common/pico_time/time.c.obj
 *fill*         0x0000000010000a9a        0x2 
 .text.ph_insert_node
                0x0000000010000a9c       0x3c CMakeFiles/project1.dir/usr/share/pico_sdk/src/common/pico_time/time.c.obj
 .text.ph_free_node
                0x0000000010000ad8       0x5c CMakeFiles/project1.dir/usr/share/pico_sdk/src/common/pico_time/time.c.obj
 .text.get_entry_id_high
                0x0000000010000b34       0x30 CMakeFiles/project1.dir/usr/share/pico_sdk/src/common/pico_time/time.c.obj
 .text.alarm_pool_post_alloc_init
                0x0000000010000b64       0x40 CMakeFiles/project1.dir/usr/share/pico_sdk/src/common/pico_time/time.c.obj
 .text.sleep_until_callback
                0x0000000010000ba4       0x30 CMakeFiles/project1.dir/usr/share/pico_sdk/src/common/pico_time/time.c.obj
 .text.get_absolute_time
                0x0000000010000bd4       0x22 CMakeFiles/project1.dir/usr/share/pico_sdk/src/common/pico_time/time.c.obj
 .text.make_timeout_time_us
                0x0000000010000bf6       0x24 CMakeFiles/project1.dir/usr/share/pico_sdk/src/common/pico_time/time.c.obj
 *fill*         0x0000000010000c1a        0x2 
 .text.add_alarm_under_lock
                0x0000000010000c1c       0x94 CMakeFiles/project1.dir/usr/share/pico_sdk/src/common/pico_time/time.c.obj
 .text.alarm_pool_alarm_callback
                0x0000000010000cb0      0x210 CMakeFiles/project1.dir/usr/share/pico_sdk/src/common/pico_time/time.c.obj
 .text.alarm_pool_init_default
                0x0000000010000ec0       0x40 CMakeFiles/project1.dir/usr/share/pico_sdk/src/common/pico_time/time.c.obj
                0x0000000010000ec0                alarm_pool_init_default
 .text.alarm_pool_get_default
                0x0000000010000f00       0x2c CMakeFiles/project1.dir/usr/share/pico_sdk/src/common/pico_time/time.c.obj
                0x0000000010000f00                alarm_pool_get_default
 .text.alarm_pool_add_alarm_at
                0x0000000010000f2c      0x10e CMakeFiles/project1.dir/usr/share/pico_sdk/src/common/pico_time/time.c.obj
                0x0000000010000f2c                alarm_pool_add_alarm_at
 .text.add_alarm_at
                0x000000001000103a       0x2e CMakeFiles/project1.dir/usr/share/pico_sdk/src/common/pico_time/time.c.obj
 .text.alarm_pool_cancel_alarm
                0x0000000010001068       0xa8 CMakeFiles/project1.dir/usr/share/pico_sdk/src/common/pico_time/time.c.obj
                0x0000000010001068                alarm_pool_cancel_alarm
 .text.cancel_alarm
                0x0000000010001110       0x10 CMakeFiles/project1.dir/usr/share/pico_sdk/src/common/pico_time/time.c.obj
 .text.sleep_until
                0x0000000010001120       0xb0 CMakeFiles/project1.dir/usr/share/pico_sdk/src/common/pico_time/time.c.obj
                0x0000000010001120                sleep_until
 .text.sleep_us
                0x00000000100011d0       0x1a CMakeFiles/project1.dir/usr/share/pico_sdk/src/common/pico_time/time.c.obj
                0x00000000100011d0                sleep_us
 .text.sleep_ms
                0x00000000100011ea       0x14 CMakeFiles/project1.dir/usr/share/pico_sdk/src/common/pico_time/time.c.obj
                0x00000000100011ea                sleep_ms
 *fill*         0x00000000100011fe        0x2 
 .text.best_effort_wfe_or_timeout
                0x0000000010001200       0x44 CMakeFiles/project1.dir/usr/share/pico_sdk/src/common/pico_time/time.c.obj
                0x0000000010001200                best_effort_wfe_or_timeout
 .text.hardware_alarm_irq_handler
                0x0000000010001244       0x8c CMakeFiles/project1.dir/usr/share/pico_sdk/src/rp2_common/hardware_timer/timer.c.obj
 .text.hardware_alarm_claim
                0x00000000100012d0       0x18 CMakeFiles/project1.dir/usr/share/pico_sdk/src/rp2_common/hardware_timer/timer.c.obj
                0x00000000100012d0                hardware_alarm_claim
 .text.time_us_64
                0x00000000100012e8       0x18 CMakeFiles/project1.dir/usr/share/pico_sdk/src/rp2_common/hardware_timer/timer.c.obj
                0x00000000100012e8                time_us_64
 .text.busy_wait_until
                0x0000000010001300       0x28 CMakeFiles/project1.dir/usr/share/pico_sdk/src/rp2_common/hardware_timer/timer.c.obj
                0x0000000010001300                busy_wait_until
 .text.hardware_alarm_set_callback
                0x0000000010001328       0x90 CMakeFiles/project1.dir/usr/share/pico_sdk/src/rp2_common/hardware_timer/timer.c.obj
                0x0000000010001328                hardware_alarm_set_callback
 .text.hardware_alarm_set_target
                0x00000000100013b8       0xe8 CMakeFiles/project1.dir/usr/share/pico_sdk/src/rp2_common/hardware_timer/timer.c.obj
                0x00000000100013b8                hardware_alarm_set_target
 .text.hardware_alarm_cancel
                0x00000000100014a0       0x40 CMakeFiles/project1.dir/usr/share/pico_sdk/src/rp2_common/hardware_timer/timer.c.obj
                0x00000000100014a0                hardware_alarm_cancel
 .text.ph_get_node
                0x00000000100014e0       0x30 CMakeFiles/project1.dir/usr/share/pico_sdk/src/common/pico_util/pheap.c.obj
 .text.ph_add_child_node
                0x0000000010001510       0x6c CMakeFiles/project1.dir/usr/share/pico_sdk/src/common/pico_util/pheap.c.obj
 .text.ph_merge_nodes
                0x000000001000157c       0x3e CMakeFiles/project1.dir/usr/share/pico_sdk/src/common/pico_util/pheap.c.obj
 .text.ph_clear
                0x00000000100015ba       0x34 CMakeFiles/project1.dir/usr/share/pico_sdk/src/common/pico_util/pheap.c.obj
                0x00000000100015ba                ph_clear
 .text.ph_post_alloc_init
                0x00000000100015ee        0xe CMakeFiles/project1.dir/usr/share/pico_sdk/src/common/pico_util/pheap.c.obj
                0x00000000100015ee                ph_post_alloc_init
 .text.ph_merge_two_pass
                0x00000000100015fc       0x5c CMakeFiles/project1.dir/usr/share/pico_sdk/src/common/pico_util/pheap.c.obj
                0x00000000100015fc                ph_merge_two_pass
 .text.ph_remove_any_head
                0x0000000010001658       0xc0 CMakeFiles/project1.dir/usr/share/pico_sdk/src/common/pico_util/pheap.c.obj
 .text.ph_remove_head
                0x0000000010001718       0x14 CMakeFiles/project1.dir/usr/share/pico_sdk/src/common/pico_util/pheap.c.obj
                0x0000000010001718                ph_remove_head
 .text.ph_remove_and_free_node
                0x000000001000172c       0xa0 CMakeFiles/project1.dir/usr/share/pico_sdk/src/common/pico_util/pheap.c.obj
                0x000000001000172c                ph_remove_and_free_node
 .text.clock_configure
                0x00000000100017cc      0x108 CMakeFiles/project1.dir/usr/share/pico_sdk/src/rp2_common/hardware_clocks/clocks.c.obj
                0x00000000100017cc                clock_configure
 .text.clocks_init
                0x00000000100018d4      0x100 CMakeFiles/project1.dir/usr/share/pico_sdk/src/rp2_common/hardware_clocks/clocks.c.obj
                0x00000000100018d4                clocks_init
 .text.pll_init
                0x00000000100019d4      0x120 CMakeFiles/project1.dir/usr/share/pico_sdk/src/rp2_common/hardware_pll/pll.c.obj
                0x00000000100019d4                pll_init
 .text.watchdog_start_tick
                0x0000000010001af4       0x10 CMakeFiles/project1.dir/usr/share/pico_sdk/src/rp2_common/hardware_watchdog/watchdog.c.obj
                0x0000000010001af4                watchdog_start_tick
 .text.xosc_init
                0x0000000010001b04       0x28 CMakeFiles/project1.dir/usr/share/pico_sdk/src/rp2_common/hardware_xosc/xosc.c.obj
                0x0000000010001b04                xosc_init
 .text._exit    0x0000000010001b2c        0x4 CMakeFiles/project1.dir/usr/share/pico_sdk/src/rp2_common/pico_runtime/runtime.c.obj
                0x0000000010001b2c                _exit
 .text.exit     0x0000000010001b30        0x6 CMakeFiles/project1.dir/usr/share/pico_sdk/src/rp2_common/pico_runtime/runtime.c.obj
                0x0000000010001b30                exit
 *fill*         0x0000000010001b36        0x2 
 .text.__assert_func
                0x0000000010001b38       0x38 CMakeFiles/project1.dir/usr/share/pico_sdk/src/rp2_common/pico_runtime/runtime.c.obj
                0x0000000010001b38                __assert_func
 .text.runtime_init
                0x0000000010001b70       0xf8 CMakeFiles/project1.dir/usr/share/pico_sdk/src/rp2_common/pico_runtime/runtime.c.obj
                0x0000000010001b70                runtime_init
 .text.panic    0x0000000010001c68       0x30 CMakeFiles/project1.dir/usr/share/pico_sdk/src/rp2_common/pico_runtime/runtime.c.obj
                0x0000000010001c68                panic
 .text._out_null
                0x0000000010001c98        0x2 CMakeFiles/project1.dir/usr/share/pico_sdk/src/rp2_common/pico_printf/printf.c.obj
 .text._out_fct
                0x0000000010001c9a        0xe CMakeFiles/project1.dir/usr/share/pico_sdk/src/rp2_common/pico_printf/printf.c.obj
 .text._atoi    0x0000000010001ca8       0x24 CMakeFiles/project1.dir/usr/share/pico_sdk/src/rp2_common/pico_printf/printf.c.obj
 .text._out_rev
                0x0000000010001ccc       0xae CMakeFiles/project1.dir/usr/share/pico_sdk/src/rp2_common/pico_printf/printf.c.obj
 .text._ntoa_format
                0x0000000010001d7a      0x110 CMakeFiles/project1.dir/usr/share/pico_sdk/src/rp2_common/pico_printf/printf.c.obj
 .text._ntoa_long
                0x0000000010001e8a       0xbc CMakeFiles/project1.dir/usr/share/pico_sdk/src/rp2_common/pico_printf/printf.c.obj
 .text._ntoa_long_long
                0x0000000010001f46      0x10e CMakeFiles/project1.dir/usr/share/pico_sdk/src/rp2_common/pico_printf/printf.c.obj
 .text._etoa    0x0000000010002054      0x420 CMakeFiles/project1.dir/usr/share/pico_sdk/src/rp2_common/pico_printf/printf.c.obj
 .text._ftoa    0x0000000010002474      0x354 CMakeFiles/project1.dir/usr/share/pico_sdk/src/rp2_common/pico_printf/printf.c.obj
 .text._vsnprintf
                0x00000000100027c8      0x65c CMakeFiles/project1.dir/usr/share/pico_sdk/src/rp2_common/pico_printf/printf.c.obj
 .text.vfctprintf
                0x0000000010002e24       0x20 CMakeFiles/project1.dir/usr/share/pico_sdk/src/rp2_common/pico_printf/printf.c.obj
                0x0000000010002e24                vfctprintf
 .text          0x0000000010002e44       0x10 CMakeFiles/project1.dir/usr/share/pico_sdk/src/rp2_common/pico_bit_ops/bit_ops_aeabi.S.obj
 .text.rom_func_lookup
                0x0000000010002e54       0x10 CMakeFiles/project1.dir/usr/share/pico_sdk/src/rp2_common/pico_bootrom/bootrom.c.obj
                0x0000000010002e54                rom_func_lookup
 .text.rom_data_lookup
                0x0000000010002e64       0x10 CMakeFiles/project1.dir/usr/share/pico_sdk/src/rp2_common/pico_bootrom/bootrom.c.obj
                0x0000000010002e64                rom_data_lookup
 .text.rom_funcs_lookup
                0x0000000010002e74       0x36 CMakeFiles/project1.dir/usr/share/pico_sdk/src/rp2_common/pico_bootrom/bootrom.c.obj
                0x0000000010002e74                rom_funcs_lookup
 *fill*         0x0000000010002eaa        0x2 
 .text.__wrap___aeabi_idiv
                0x0000000010002eac       0x50 CMakeFiles/project1.dir/usr/share/pico_sdk/src/rp2_common/pico_divider/divider.S.obj
                0x0000000010002eac                divmod_s32s32
                0x0000000010002eac                __wrap___aeabi_idivmod
                0x0000000010002eac                __wrap___aeabi_idiv
                0x0000000010002eac                div_s32s32
                0x0000000010002eb4                divmod_s32s32_unsafe
                0x0000000010002ee0                divmod_s32s32_savestate
 .text.__wrap___aeabi_uidiv
                0x0000000010002efc       0x4c CMakeFiles/project1.dir/usr/share/pico_sdk/src/rp2_common/pico_divider/divider.S.obj
                0x0000000010002efc                __wrap___aeabi_uidivmod
                0x0000000010002efc                __wrap___aeabi_uidiv
                0x0000000010002efc                divmod_u32u32
                0x0000000010002efc                div_u32u32
                0x0000000010002f04                divmod_u32u32_unsafe
                0x0000000010002f2c                divmod_u32u32_savestate
 .text.__wrap___aeabi_ldiv
                0x0000000010002f48      0x424 CMakeFiles/project1.dir/usr/share/pico_sdk/src/rp2_common/pico_divider/divider.S.obj
                0x0000000010002f48                __wrap___aeabi_ldivmod
                0x0000000010002f48                div_s64s64
                0x0000000010002f48                divmod_s64s64
                0x0000000010002f78                div_u64u64
                0x0000000010002f78                divmod_u64u64
                0x0000000010002f78                __wrap___aeabi_uldivmod
                0x0000000010002f88                divmod_u64u64_savestate
                0x0000000010002fa8                divmod_s64s64_unsafe
                0x0000000010003030                divmod_u64u64_unsafe
 .text.__wrap___aeabi_darithmetic
                0x000000001000336c       0x80 CMakeFiles/project1.dir/usr/share/pico_sdk/src/rp2_common/pico_double/double_aeabi.S.obj
                0x000000001000336c                __wrap___aeabi_drsub
                0x0000000010003372                __wrap___aeabi_dsub
                0x0000000010003384                __wrap___aeabi_dadd
                0x0000000010003396                __wrap___aeabi_ddiv
                0x00000000100033d2                __wrap___aeabi_dmul
 .text.__wrap___aeabi_cdcmple
                0x00000000100033ec       0x6c CMakeFiles/project1.dir/usr/share/pico_sdk/src/rp2_common/pico_double/double_aeabi.S.obj
                0x00000000100033ec                __wrap___aeabi_cdrcmple
                0x00000000100033fc                __wrap___aeabi_cdcmple
                0x00000000100033fc                __wrap___aeabi_cdcmpeq
 .text.__wrap___aeabi_dcmplt
                0x0000000010003458        0xc CMakeFiles/project1.dir/usr/share/pico_sdk/src/rp2_common/pico_double/double_aeabi.S.obj
                0x0000000010003458                __wrap___aeabi_dcmplt
 .text.__wrap___aeabi_dcmple
                0x0000000010003464       0x10 CMakeFiles/project1.dir/usr/share/pico_sdk/src/rp2_common/pico_double/double_aeabi.S.obj
                0x0000000010003464                __wrap___aeabi_dcmple
 .text.__wrap___aeabi_dcmpge
                0x0000000010003474       0x10 CMakeFiles/project1.dir/usr/share/pico_sdk/src/rp2_common/pico_double/double_aeabi.S.obj
                0x0000000010003474                __wrap___aeabi_dcmpge
 .text.__wrap___aeabi_dcmpgt
                0x0000000010003484        0xa CMakeFiles/project1.dir/usr/share/pico_sdk/src/rp2_common/pico_double/double_aeabi.S.obj
                0x0000000010003484                __wrap___aeabi_dcmpgt
 .text.__wrap___aeabi_dcmpun
                0x000000001000348e       0x1c CMakeFiles/project1.dir/usr/share/pico_sdk/src/rp2_common/pico_double/double_aeabi.S.obj
                0x000000001000348e                __wrap___aeabi_dcmpun
 *fill*         0x00000000100034aa        0x2 
 .text.__wrap___aeabi_i2d
                0x00000000100034ac       0x38 CMakeFiles/project1.dir/usr/share/pico_sdk/src/rp2_common/pico_double/double_aeabi.S.obj
                0x00000000100034ac                __wrap___aeabi_ui2d
                0x00000000100034b4                __wrap___aeabi_i2d
 .text.__wrap___aeabi_d2iz
                0x00000000100034e4       0x48 CMakeFiles/project1.dir/usr/share/pico_sdk/src/rp2_common/pico_double/double_aeabi.S.obj
                0x00000000100034e4                __wrap___aeabi_d2iz
                0x00000000100034e4                double2int_z
 .text.__wrap___aeabi_d2uiz
                0x000000001000352c       0x18 CMakeFiles/project1.dir/usr/share/pico_sdk/src/rp2_common/pico_double/double_aeabi.S.obj
                0x000000001000352c                double2uint
                0x000000001000352c                __wrap___aeabi_d2uiz
 .text.__aeabi_double_init
                0x0000000010003544       0xcc CMakeFiles/project1.dir/usr/share/pico_sdk/src/rp2_common/pico_double/double_init_rom.c.obj
                0x0000000010003544                __aeabi_double_init
 .text.double_table_shim_on_use_helper
                0x0000000010003610       0x34 CMakeFiles/project1.dir/usr/share/pico_sdk/src/rp2_common/pico_double/double_v1_rom_shim.S.obj
                0x0000000010003610                double_table_shim_on_use_helper
 .text.__wrap___aeabi_dsub
                0x0000000010003644       0x10 CMakeFiles/project1.dir/usr/share/pico_sdk/src/rp2_common/pico_double/double_v1_rom_shim.S.obj
                0x0000000010003644                drsub_shim
                0x000000001000364a                dsub_shim
 .text.dadd_shim
                0x0000000010003654      0x15c CMakeFiles/project1.dir/usr/share/pico_sdk/src/rp2_common/pico_double/double_v1_rom_shim.S.obj
                0x0000000010003654                dadd_shim
 .text.dmul_shim
                0x00000000100037b0      0x15c CMakeFiles/project1.dir/usr/share/pico_sdk/src/rp2_common/pico_double/double_v1_rom_shim.S.obj
                0x00000000100037b0                dmul_shim
 .text.ddiv_shim
                0x000000001000390c      0x1b0 CMakeFiles/project1.dir/usr/share/pico_sdk/src/rp2_common/pico_double/double_v1_rom_shim.S.obj
                0x000000001000390c                ddiv_shim
 .text.double2uint_shim
                0x0000000010003abc        0xe CMakeFiles/project1.dir/usr/share/pico_sdk/src/rp2_common/pico_double/double_v1_rom_shim.S.obj
                0x0000000010003abc                double2uint_shim
                0x0000000010003abe                double2ufix_shim
 *fill*         0x0000000010003aca        0x2 
 .text.double2uint64_shim
                0x0000000010003acc       0x70 CMakeFiles/project1.dir/usr/share/pico_sdk/src/rp2_common/pico_double/double_v1_rom_shim.S.obj
                0x0000000010003acc                double2uint64_shim
                0x0000000010003ace                double2ufix64_shim
                0x0000000010003aee                d2fix_a
 .text.dunpacks
                0x0000000010003b3c       0x3c CMakeFiles/project1.dir/usr/share/pico_sdk/src/rp2_common/pico_double/double_v1_rom_shim.S.obj
                0x0000000010003b3c                dunpacks
 .text.__aeabi_lmul
                0x0000000010003b78       0x32 CMakeFiles/project1.dir/usr/share/pico_sdk/src/rp2_common/pico_int64_ops/pico_int64_ops_aeabi.S.obj
                0x0000000010003b78                __wrap___aeabi_lmul
 *fill*         0x0000000010003baa        0x2 
 .text.__aeabi_float_init
                0x0000000010003bac       0xfc CMakeFiles/project1.dir/usr/share/pico_sdk/src/rp2_common/pico_float/float_init_rom.c.obj
                0x0000000010003bac                __aeabi_float_init
 .text.float_table_shim_on_use_helper
                0x0000000010003ca8       0x34 CMakeFiles/project1.dir/usr/share/pico_sdk/src/rp2_common/pico_float/float_v1_rom_shim.S.obj
                0x0000000010003ca8                float_table_shim_on_use_helper
 .text          0x0000000010003cdc       0x10 CMakeFiles/project1.dir/usr/share/pico_sdk/src/rp2_common/pico_mem_ops/mem_ops_aeabi.S.obj
                0x0000000010003cdc                __aeabi_mem_init
 .text.memset   0x0000000010003cec        0xc CMakeFiles/project1.dir/usr/share/pico_sdk/src/rp2_common/pico_mem_ops/mem_ops_aeabi.S.obj
                0x0000000010003cec                __wrap_memset
 .text.memcpy   0x0000000010003cf8        0xc CMakeFiles/project1.dir/usr/share/pico_sdk/src/rp2_common/pico_mem_ops/mem_ops_aeabi.S.obj
                0x0000000010003cf8                __wrap___aeabi_memcpy
                0x0000000010003cf8                __wrap_memcpy
 .text.stdio_out_chars_no_crlf
                0x0000000010003d04        0xe CMakeFiles/project1.dir/usr/share/pico_sdk/src/rp2_common/pico_stdio/stdio.c.obj
 *fill*         0x0000000010003d12        0x2 
 .text.stdio_out_chars_crlf
                0x0000000010003d14       0x80 CMakeFiles/project1.dir/usr/share/pico_sdk/src/rp2_common/pico_stdio/stdio.c.obj
 .text.stdio_stack_buffer_flush
                0x0000000010003d94       0x44 CMakeFiles/project1.dir/usr/share/pico_sdk/src/rp2_common/pico_stdio/stdio.c.obj
 .text.stdio_buffered_printer
                0x0000000010003dd8       0x20 CMakeFiles/project1.dir/usr/share/pico_sdk/src/rp2_common/pico_stdio/stdio.c.obj
 .text.update_us_since_boot
                0x0000000010003df8       0x24 CMakeFiles/project1.dir/usr/share/pico_sdk/src/rp2_common/pico_stdio/stdio.c.obj
 .text.get_absolute_time
                0x0000000010003e1c       0x22 CMakeFiles/project1.dir/usr/share/pico_sdk/src/rp2_common/pico_stdio/stdio.c.obj
 *fill*         0x0000000010003e3e        0x2 
 .text.delayed_by_ms
                0x0000000010003e40       0x44 CMakeFiles/project1.dir/usr/share/pico_sdk/src/rp2_common/pico_stdio/stdio.c.obj
 .text.make_timeout_time_ms
                0x0000000010003e84       0x20 CMakeFiles/project1.dir/usr/share/pico_sdk/src/rp2_common/pico_stdio/stdio.c.obj
 .text.stdout_serialize_begin
                0x0000000010003ea4       0x20 CMakeFiles/project1.dir/usr/share/pico_sdk/src/rp2_common/pico_stdio/stdio.c.obj
                0x0000000010003ea4                stdout_serialize_begin
 .text.stdout_serialize_end
                0x0000000010003ec4       0x10 CMakeFiles/project1.dir/usr/share/pico_sdk/src/rp2_common/pico_stdio/stdio.c.obj
                0x0000000010003ec4                stdout_serialize_end
 .text.stdio_put_string
                0x0000000010003ed4       0x98 CMakeFiles/project1.dir/usr/share/pico_sdk/src/rp2_common/pico_stdio/stdio.c.obj
 .text.stdio_flush
                0x0000000010003f6c       0x20 CMakeFiles/project1.dir/usr/share/pico_sdk/src/rp2_common/pico_stdio/stdio.c.obj
                0x0000000010003f6c                stdio_flush
 .text.__wrap_puts
                0x0000000010003f8c       0x1e CMakeFiles/project1.dir/usr/share/pico_sdk/src/rp2_common/pico_stdio/stdio.c.obj
                0x0000000010003f8c                __wrap_puts
 *fill*         0x0000000010003faa        0x2 
 .text.__wrap_vprintf
                0x0000000010003fac       0x40 CMakeFiles/project1.dir/usr/share/pico_sdk/src/rp2_common/pico_stdio/stdio.c.obj
                0x0000000010003fac                __wrap_vprintf
 .text.__wrap_printf
                0x0000000010003fec       0x18 CMakeFiles/project1.dir/usr/share/pico_sdk/src/rp2_common/pico_stdio/stdio.c.obj
                0x0000000010003fec                __wrap_printf
 .text._retrieve_unique_id_on_boot
                0x0000000010004004       0x10 CMakeFiles/project1.dir/usr/share/pico_sdk/src/rp2_common/pico_unique_id/unique_id.c.obj
 .text.flash_get_unique_id
                0x0000000010004014       0x46 CMakeFiles/project1.dir/usr/share/pico_sdk/src/rp2_common/hardware_flash/flash.c.obj
                0x0000000010004014                flash_get_unique_id
 *fill*         0x000000001000405a        0x2 
 .text.atexit   0x000000001000405c       0x10 /usr/lib/gcc/arm-none-eabi/12.2.0/../../../../arm-none-eabi/lib/thumb/v6-m/nofp/libg.a(lib_a-atexit.o)
                0x000000001000405c                atexit
 .text.__libc_fini_array
                0x000000001000406c       0x28 /usr/lib/gcc/arm-none-eabi/12.2.0/../../../../arm-none-eabi/lib/thumb/v6-m/nofp/libg.a(lib_a-fini.o)
                0x000000001000406c                __libc_fini_array
 .text.strlen   0x0000000010004094       0x5c /usr/lib/gcc/arm-none-eabi/12.2.0/../../../../arm-none-eabi/lib/thumb/v6-m/nofp/libg.a(lib_a-strlen-stub.o)
                0x0000000010004094                strlen
 .text.__register_exitproc
                0x00000000100040f0       0xac /usr/lib/gcc/arm-none-eabi/12.2.0/../../../../arm-none-eabi/lib/thumb/v6-m/nofp/libg.a(lib_a-__atexit.o)
                0x00000000100040f0                __register_exitproc
 .text.startup.register_fini
                0x000000001000419c       0x18 /usr/lib/gcc/arm-none-eabi/12.2.0/../../../../arm-none-eabi/lib/thumb/v6-m/nofp/libg.a(lib_a-__call_atexit.o)
 .text.__retarget_lock_acquire_recursive
                0x00000000100041b4        0x4 /usr/lib/gcc/arm-none-eabi/12.2.0/../../../../arm-none-eabi/lib/thumb/v6-m/nofp/libg.a(lib_a-lock.o)
                0x00000000100041b4                __retarget_lock_acquire_recursive
 .text.__retarget_lock_release_recursive
                0x00000000100041b8        0x4 /usr/lib/gcc/arm-none-eabi/12.2.0/../../../../arm-none-eabi/lib/thumb/v6-m/nofp/libg.a(lib_a-lock.o)
                0x00000000100041b8                __retarget_lock_release_recursive
 *(.fini)
 .fini          0x00000000100041bc        0x4 /usr/lib/gcc/arm-none-eabi/12.2.0/thumb/v6-m/nofp/crti.o
                0x00000000100041bc                _fini
 .fini.__stub   0x00000000100041c0       0x50 linker stubs
 *crtbegin.o(.ctors)
 *crtbegin?.o(.ctors)
 *(EXCLUDE_FILE(*crtend.o *crtend?.o) .ctors)
 *(SORT_BY_NAME(.ctors.*))
 *(.ctors)
 *crtbegin.o(.dtors)
 *crtbegin?.o(.dtors)
 *(EXCLUDE_FILE(*crtend.o *crtend?.o) .dtors)
 *(SORT_BY_NAME(.dtors.*))
 *(.dtors)
 *(.eh_frame*)
 .eh_frame      0x0000000010004210        0x0 /usr/lib/gcc/arm-none-eabi/12.2.0/thumb/v6-m/nofp/crtbegin.o
                0x0000000010004210                . = ALIGN (0x4)

.glue_7         0x0000000010004210        0x0
 .glue_7        0x0000000010004210        0x0 linker stubs

.glue_7t        0x0000000010004210        0x0
 .glue_7t       0x0000000010004210        0x0 linker stubs

.vfp11_veneer   0x0000000010004210        0x0
 .vfp11_veneer  0x0000000010004210        0x0 linker stubs

.v4_bx          0x0000000010004210        0x0
 .v4_bx         0x0000000010004210        0x0 linker stubs

.iplt           0x0000000010004210        0x0
 .iplt          0x0000000010004210        0x0 /usr/lib/gcc/arm-none-eabi/12.2.0/thumb/v6-m/nofp/crtbegin.o

.rodata         0x0000000010004210      0xee4
 *(EXCLUDE_FILE(*libm.a: *libc.a:*lib_a-mem*.o *libgcc.a:) .rodata*)
 .rodata.resolve_branch.str1.4
                0x0000000010004210       0x4e CMakeFiles/project1.dir/usr/share/pico_sdk/src/rp2_common/hardware_irq/irq.c.obj
 *fill*         0x000000001000425e        0x2 
 .rodata.make_branch.str1.4
                0x0000000010004260       0x30 CMakeFiles/project1.dir/usr/share/pico_sdk/src/rp2_common/hardware_irq/irq.c.obj
 .rodata.insert_branch_and_link.str1.4
                0x0000000010004290       0x10 CMakeFiles/project1.dir/usr/share/pico_sdk/src/rp2_common/hardware_irq/irq.c.obj
 .rodata.irq_set_exclusive_handler.str1.4
                0x00000000100042a0       0x36 CMakeFiles/project1.dir/usr/share/pico_sdk/src/rp2_common/hardware_irq/irq.c.obj
 *fill*         0x00000000100042d6        0x2 
 .rodata.irq_remove_handler.str1.4
                0x00000000100042d8       0x3a CMakeFiles/project1.dir/usr/share/pico_sdk/src/rp2_common/hardware_irq/irq.c.obj
 *fill*         0x0000000010004312        0x2 
 .rodata.irq_add_tail_to_free_list.str1.4
                0x0000000010004314       0x3a CMakeFiles/project1.dir/usr/share/pico_sdk/src/rp2_common/hardware_irq/irq.c.obj
 *fill*         0x000000001000434e        0x2 
 .rodata.__func__.0
                0x0000000010004350       0x1a CMakeFiles/project1.dir/usr/share/pico_sdk/src/rp2_common/hardware_irq/irq.c.obj
 *fill*         0x000000001000436a        0x2 
 .rodata.__func__.1
                0x000000001000436c       0x17 CMakeFiles/project1.dir/usr/share/pico_sdk/src/rp2_common/hardware_irq/irq.c.obj
 *fill*         0x0000000010004383        0x1 
 .rodata.__func__.2
                0x0000000010004384       0x13 CMakeFiles/project1.dir/usr/share/pico_sdk/src/rp2_common/hardware_irq/irq.c.obj
 *fill*         0x0000000010004397        0x1 
 .rodata.__func__.3
                0x0000000010004398        0xc CMakeFiles/project1.dir/usr/share/pico_sdk/src/rp2_common/hardware_irq/irq.c.obj
 .rodata.__func__.4
                0x00000000100043a4        0xf CMakeFiles/project1.dir/usr/share/pico_sdk/src/rp2_common/hardware_irq/irq.c.obj
 *fill*         0x00000000100043b3        0x1 
 .rodata.__func__.6
                0x00000000100043b4       0x1a CMakeFiles/project1.dir/usr/share/pico_sdk/src/rp2_common/hardware_irq/irq.c.obj
 *fill*         0x00000000100043ce        0x2 
 .rodata.str1.4
                0x00000000100043d0       0x85 CMakeFiles/project1.dir/usr/share/pico_sdk/src/common/pico_sync/mutex.c.obj
 *fill*         0x0000000010004455        0x3 
 .rodata.__func__.1
                0x0000000010004458        0xb CMakeFiles/project1.dir/usr/share/pico_sdk/src/common/pico_sync/mutex.c.obj
 *fill*         0x0000000010004463        0x1 
 .rodata.__func__.3
                0x0000000010004464       0x18 CMakeFiles/project1.dir/usr/share/pico_sdk/src/common/pico_sync/mutex.c.obj
 .rodata.get_entry.str1.4
                0x000000001000447c       0x54 CMakeFiles/project1.dir/usr/share/pico_sdk/src/common/pico_time/time.c.obj
 .rodata.update_us_since_boot.str1.4
                0x00000000100044d0       0x5a CMakeFiles/project1.dir/usr/share/pico_sdk/src/common/pico_time/time.c.obj
 *fill*         0x000000001000452a        0x2 
 .rodata.ph_get_node.str1.4
                0x000000001000452c       0x5f CMakeFiles/project1.dir/usr/share/pico_sdk/src/common/pico_time/time.c.obj
 *fill*         0x000000001000458b        0x1 
 .rodata.ph_add_child_node.str1.4
                0x000000001000458c       0x2e CMakeFiles/project1.dir/usr/share/pico_sdk/src/common/pico_time/time.c.obj
 *fill*         0x00000000100045ba        0x2 
 .rodata.ph_insert_node.str1.4
                0x00000000100045bc        0x3 CMakeFiles/project1.dir/usr/share/pico_sdk/src/common/pico_time/time.c.obj
 *fill*         0x00000000100045bf        0x1 
 .rodata.ph_free_node.str1.4
                0x00000000100045c0       0x38 CMakeFiles/project1.dir/usr/share/pico_sdk/src/common/pico_time/time.c.obj
 .rodata.add_alarm_under_lock.str1.4
                0x00000000100045f8       0x28 CMakeFiles/project1.dir/usr/share/pico_sdk/src/common/pico_time/time.c.obj
 .rodata.alarm_pool_alarm_callback.str1.4
                0x0000000010004620       0x60 CMakeFiles/project1.dir/usr/share/pico_sdk/src/common/pico_time/time.c.obj
 .rodata.alarm_pool_get_default.str1.4
                0x0000000010004680       0x21 CMakeFiles/project1.dir/usr/share/pico_sdk/src/common/pico_time/time.c.obj
 *fill*         0x00000000100046a1        0x3 
 .rodata.alarm_pool_cancel_alarm.str1.4
                0x00000000100046a4       0x27 CMakeFiles/project1.dir/usr/share/pico_sdk/src/common/pico_time/time.c.obj
 *fill*         0x00000000100046cb        0x1 
 .rodata.sleep_until.str1.4
                0x00000000100046cc       0x4d CMakeFiles/project1.dir/usr/share/pico_sdk/src/common/pico_time/time.c.obj
 *fill*         0x0000000010004719        0x3 
 .rodata.__func__.1
                0x000000001000471c       0x18 CMakeFiles/project1.dir/usr/share/pico_sdk/src/common/pico_time/time.c.obj
 .rodata.__func__.3
                0x0000000010004734       0x17 CMakeFiles/project1.dir/usr/share/pico_sdk/src/common/pico_time/time.c.obj
 *fill*         0x000000001000474b        0x1 
 .rodata.__func__.4
                0x000000001000474c       0x12 CMakeFiles/project1.dir/usr/share/pico_sdk/src/common/pico_time/time.c.obj
 *fill*         0x000000001000475e        0x2 
 .rodata.__func__.5
                0x0000000010004760        0xd CMakeFiles/project1.dir/usr/share/pico_sdk/src/common/pico_time/time.c.obj
 *fill*         0x000000001000476d        0x3 
 .rodata.__func__.6
                0x0000000010004770       0x12 CMakeFiles/project1.dir/usr/share/pico_sdk/src/common/pico_time/time.c.obj
 *fill*         0x0000000010004782        0x2 
 .rodata.__func__.7
                0x0000000010004784        0xf CMakeFiles/project1.dir/usr/share/pico_sdk/src/common/pico_time/time.c.obj
 *fill*         0x0000000010004793        0x1 
 .rodata.__func__.8
                0x0000000010004794        0xc CMakeFiles/project1.dir/usr/share/pico_sdk/src/common/pico_time/time.c.obj
 .rodata.__func__.9
                0x00000000100047a0       0x15 CMakeFiles/project1.dir/usr/share/pico_sdk/src/common/pico_time/time.c.obj
 *fill*         0x00000000100047b5        0x3 
 .rodata.__func__.10
                0x00000000100047b8       0x15 CMakeFiles/project1.dir/usr/share/pico_sdk/src/common/pico_time/time.c.obj
 *fill*         0x00000000100047cd        0x3 
 .rodata.__func__.11
                0x00000000100047d0       0x1a CMakeFiles/project1.dir/usr/share/pico_sdk/src/common/pico_time/time.c.obj
 *fill*         0x00000000100047ea        0x2 
 .rodata.__func__.12
                0x00000000100047ec        0xa CMakeFiles/project1.dir/usr/share/pico_sdk/src/common/pico_time/time.c.obj
 *fill*         0x00000000100047f6        0x2 
 .rodata.hardware_alarm_claim.str1.4
                0x00000000100047f8       0x22 CMakeFiles/project1.dir/usr/share/pico_sdk/src/rp2_common/hardware_timer/timer.c.obj
 *fill*         0x000000001000481a        0x2 
 .rodata.hardware_alarm_set_target.str1.4
                0x000000001000481c       0x5e CMakeFiles/project1.dir/usr/share/pico_sdk/src/rp2_common/hardware_timer/timer.c.obj
 *fill*         0x000000001000487a        0x2 
 .rodata.__func__.0
                0x000000001000487c       0x1a CMakeFiles/project1.dir/usr/share/pico_sdk/src/rp2_common/hardware_timer/timer.c.obj
 .rodata.ph_get_node.str1.4
                0x0000000010004896       0x5f CMakeFiles/project1.dir/usr/share/pico_sdk/src/common/pico_util/pheap.c.obj
 .rodata.ph_add_child_node.str1.4
                0x0000000010004896       0x2e CMakeFiles/project1.dir/usr/share/pico_sdk/src/common/pico_util/pheap.c.obj
 *fill*         0x0000000010004896        0x2 
 .rodata.ph_remove_any_head.str1.4
                0x0000000010004898       0x88 CMakeFiles/project1.dir/usr/share/pico_sdk/src/common/pico_util/pheap.c.obj
                                         0x9c (size before relaxing)
 .rodata.ph_remove_and_free_node.str1.4
                0x0000000010004920       0x1e CMakeFiles/project1.dir/usr/share/pico_sdk/src/common/pico_util/pheap.c.obj
                                         0x26 (size before relaxing)
 *fill*         0x000000001000493e        0x2 
 .rodata.__func__.0
                0x0000000010004940       0x18 CMakeFiles/project1.dir/usr/share/pico_sdk/src/common/pico_util/pheap.c.obj
 .rodata.__func__.1
                0x0000000010004958       0x13 CMakeFiles/project1.dir/usr/share/pico_sdk/src/common/pico_util/pheap.c.obj
 *fill*         0x000000001000496b        0x1 
 .rodata.__func__.2
                0x000000001000496c       0x12 CMakeFiles/project1.dir/usr/share/pico_sdk/src/common/pico_util/pheap.c.obj
 *fill*         0x000000001000497e        0x2 
 .rodata.__func__.3
                0x0000000010004980        0xc CMakeFiles/project1.dir/usr/share/pico_sdk/src/common/pico_util/pheap.c.obj
 .rodata.clock_configure.str1.4
                0x000000001000498c       0x50 CMakeFiles/project1.dir/usr/share/pico_sdk/src/rp2_common/hardware_clocks/clocks.c.obj
 .rodata.__func__.1
                0x00000000100049dc       0x10 CMakeFiles/project1.dir/usr/share/pico_sdk/src/rp2_common/hardware_clocks/clocks.c.obj
 .rodata.pll_init.str1.4
                0x00000000100049ec      0x11c CMakeFiles/project1.dir/usr/share/pico_sdk/src/rp2_common/hardware_pll/pll.c.obj
 .rodata.__func__.0
                0x0000000010004b08        0x9 CMakeFiles/project1.dir/usr/share/pico_sdk/src/rp2_common/hardware_pll/pll.c.obj
 *fill*         0x0000000010004b11        0x3 
 .rodata.__assert_func.str1.4
                0x0000000010004b14       0x3f CMakeFiles/project1.dir/usr/share/pico_sdk/src/rp2_common/pico_runtime/runtime.c.obj
                                         0x43 (size before relaxing)
 *fill*         0x0000000010004b53        0x1 
 .rodata.runtime_init.str1.4
                0x0000000010004b54       0x5a CMakeFiles/project1.dir/usr/share/pico_sdk/src/rp2_common/pico_runtime/runtime.c.obj
 *fill*         0x0000000010004bae        0x2 
 .rodata.panic.str1.4
                0x0000000010004bb0       0x12 CMakeFiles/project1.dir/usr/share/pico_sdk/src/rp2_common/pico_runtime/runtime.c.obj
 *fill*         0x0000000010004bc2        0x2 
 .rodata.__func__.2
                0x0000000010004bc4        0xd CMakeFiles/project1.dir/usr/share/pico_sdk/src/rp2_common/pico_runtime/runtime.c.obj
 *fill*         0x0000000010004bd1        0x3 
 .rodata._ftoa.str1.4
                0x0000000010004bd4       0x15 CMakeFiles/project1.dir/usr/share/pico_sdk/src/rp2_common/pico_printf/printf.c.obj
 *fill*         0x0000000010004be9        0x3 
 .rodata._vsnprintf
                0x0000000010004bec      0x19c CMakeFiles/project1.dir/usr/share/pico_sdk/src/rp2_common/pico_printf/printf.c.obj
 .rodata.pow10.0
                0x0000000010004d88       0x50 CMakeFiles/project1.dir/usr/share/pico_sdk/src/rp2_common/pico_printf/printf.c.obj
 .rodata.__aeabi_double_init.str1.4
                0x0000000010004dd8       0x95 CMakeFiles/project1.dir/usr/share/pico_sdk/src/rp2_common/pico_double/double_init_rom.c.obj
 *fill*         0x0000000010004e6d        0x3 
 .rodata.__func__.0
                0x0000000010004e70       0x14 CMakeFiles/project1.dir/usr/share/pico_sdk/src/rp2_common/pico_double/double_init_rom.c.obj
 .rodata.__aeabi_float_init.str1.4
                0x0000000010004e84       0x73 CMakeFiles/project1.dir/usr/share/pico_sdk/src/rp2_common/pico_float/float_init_rom.c.obj
                                         0x77 (size before relaxing)
 *fill*         0x0000000010004ef7        0x1 
 .rodata.__func__.0
                0x0000000010004ef8       0x13 CMakeFiles/project1.dir/usr/share/pico_sdk/src/rp2_common/pico_float/float_init_rom.c.obj
 *fill*         0x0000000010004f0b        0x1 
 .rodata.str1.4
                0x0000000010004f0c       0x40 CMakeFiles/project1.dir/usr/share/pico_sdk/src/rp2_common/pico_standard_link/binary_info.c.obj
 .rodata.__bi_81
                0x0000000010004f4c        0xc CMakeFiles/project1.dir/usr/share/pico_sdk/src/rp2_common/pico_standard_link/binary_info.c.obj
 .rodata.__bi_75
                0x0000000010004f58        0xc CMakeFiles/project1.dir/usr/share/pico_sdk/src/rp2_common/pico_standard_link/binary_info.c.obj
 .rodata.__bi_44
                0x0000000010004f64        0xc CMakeFiles/project1.dir/usr/share/pico_sdk/src/rp2_common/pico_standard_link/binary_info.c.obj
 .rodata.update_us_since_boot.str1.4
                0x0000000010004f70       0x5a CMakeFiles/project1.dir/usr/share/pico_sdk/src/rp2_common/pico_stdio/stdio.c.obj
 .rodata.crlf_str.2
                0x0000000010004f70        0x2 CMakeFiles/project1.dir/usr/share/pico_sdk/src/rp2_common/pico_stdio/stdio.c.obj
 *fill*         0x0000000010004f72        0x2 
 .rodata.__func__.3
                0x0000000010004f74       0x15 CMakeFiles/project1.dir/usr/share/pico_sdk/src/rp2_common/pico_stdio/stdio.c.obj
 *fill*         0x0000000010004f89        0x3 
 .rodata.str1.4
                0x0000000010004f8c      0x152 CMakeFiles/project1.dir/usr/share/pico_sdk/src/rp2_common/hardware_flash/flash.c.obj
 *fill*         0x00000000100050de        0x2 
 .rodata.__func__.0
                0x00000000100050e0        0xd CMakeFiles/project1.dir/usr/share/pico_sdk/src/rp2_common/hardware_flash/flash.c.obj
 *fill*         0x00000000100050ed        0x3 
 .rodata._global_impure_ptr
                0x00000000100050f0        0x4 /usr/lib/gcc/arm-none-eabi/12.2.0/../../../../arm-none-eabi/lib/thumb/v6-m/nofp/libg.a(lib_a-impure.o)
                0x00000000100050f0                _global_impure_ptr
                0x00000000100050f4                . = ALIGN (0x4)
 *(SORT_BY_ALIGNMENT(SORT_BY_NAME(.flashdata*)))
                0x00000000100050f4                . = ALIGN (0x4)

.ARM.extab
 *(.ARM.extab* .gnu.linkonce.armextab.*)
                0x00000000100050f4                __exidx_start = .

.ARM.exidx
 *(.ARM.exidx* .gnu.linkonce.armexidx.*)
                0x00000000100050f4                __exidx_end = .
                0x00000000100050f4                . = ALIGN (0x4)
                0x00000000100050f4                __binary_info_start = .

.binary_info    0x00000000100050f4       0x1c
 *(.binary_info.keep.*)
 .binary_info.keep.__bi_ptr81
                0x00000000100050f4        0x4 CMakeFiles/project1.dir/usr/share/pico_sdk/src/rp2_common/pico_standard_link/binary_info.c.obj
 .binary_info.keep.__bi_ptr75
                0x00000000100050f8        0x4 CMakeFiles/project1.dir/usr/share/pico_sdk/src/rp2_common/pico_standard_link/binary_info.c.obj
 .binary_info.keep.__bi_ptr50
                0x00000000100050fc        0x4 CMakeFiles/project1.dir/usr/share/pico_sdk/src/rp2_common/pico_standard_link/binary_info.c.obj
 .binary_info.keep.__bi_ptr44
                0x0000000010005100        0x4 CMakeFiles/project1.dir/usr/share/pico_sdk/src/rp2_common/pico_standard_link/binary_info.c.obj
 .binary_info.keep.__bi_ptr38
                0x0000000010005104        0x4 CMakeFiles/project1.dir/usr/share/pico_sdk/src/rp2_common/pico_standard_link/binary_info.c.obj
 .binary_info.keep.__bi_ptr30
                0x0000000010005108        0x4 CMakeFiles/project1.dir/usr/share/pico_sdk/src/rp2_common/pico_standard_link/binary_info.c.obj
 .binary_info.keep.__bi_ptr22
                0x000000001000510c        0x4 CMakeFiles/project1.dir/usr/share/pico_sdk/src/rp2_common/pico_standard_link/binary_info.c.obj
 *(.binary_info.*)
                0x0000000010005110                __binary_info_end = .

.rel.dyn        0x0000000010005110        0x0
 .rel.iplt      0x0000000010005110        0x0 /usr/lib/gcc/arm-none-eabi/12.2.0/thumb/v6-m/nofp/crtbegin.o
                0x0000000010005110                . = ALIGN (0x4)

.ram_vector_table
                0x0000000020000000       0xc0
 *(.ram_vector_table)
 .ram_vector_table
                0x0000000020000000       0xc0 CMakeFiles/project1.dir/usr/share/pico_sdk/src/rp2_common/pico_runtime/runtime.c.obj
                0x0000000020000000                ram_vector_table

.data           0x00000000200000c0      0x7a0 load address 0x0000000010005110
                0x00000000200000c0                __data_start__ = .
 *(vtable)
 *(.time_critical*)
 .time_critical.mutex_try_enter
                0x00000000200000c0       0x46 CMakeFiles/project1.dir/usr/share/pico_sdk/src/common/pico_sync/mutex.c.obj
                0x00000000200000c0                mutex_try_enter
 *fill*         0x0000000020000106        0x2 
 .time_critical.mutex_enter_block_until
                0x0000000020000108       0x8c CMakeFiles/project1.dir/usr/share/pico_sdk/src/common/pico_sync/mutex.c.obj
                0x0000000020000108                mutex_enter_block_until
 .time_critical.mutex_try_enter_block_until
                0x0000000020000194       0x34 CMakeFiles/project1.dir/usr/share/pico_sdk/src/common/pico_sync/mutex.c.obj
                0x0000000020000194                mutex_try_enter_block_until
 .time_critical.mutex_exit
                0x00000000200001c8       0x4c CMakeFiles/project1.dir/usr/share/pico_sdk/src/common/pico_sync/mutex.c.obj
                0x00000000200001c8                mutex_exit
 .time_critical.flash_init_boot2_copyout
                0x0000000020000214       0x30 CMakeFiles/project1.dir/usr/share/pico_sdk/src/rp2_common/hardware_flash/flash.c.obj
 .time_critical.flash_enable_xip_via_boot2
                0x0000000020000244        0xc CMakeFiles/project1.dir/usr/share/pico_sdk/src/rp2_common/hardware_flash/flash.c.obj
 .time_critical.flash_cs_force
                0x0000000020000250       0x28 CMakeFiles/project1.dir/usr/share/pico_sdk/src/rp2_common/hardware_flash/flash.c.obj
 .time_critical.flash_do_cmd
                0x0000000020000278       0xd8 CMakeFiles/project1.dir/usr/share/pico_sdk/src/rp2_common/hardware_flash/flash.c.obj
                0x0000000020000278                flash_do_cmd
 *(.text*)
 .text          0x0000000020000350        0x4 /usr/lib/gcc/arm-none-eabi/12.2.0/thumb/v6-m/nofp/libgcc.a(_dvmd_tls.o)
                0x0000000020000350                __aeabi_ldiv0
                0x0000000020000350                __aeabi_idiv0
 *fill*         0x0000000020000354        0x4 
 .text.__stub   0x0000000020000358       0x20 linker stubs
                0x0000000020000378                . = ALIGN (0x4)
 *(.rodata*)
                0x0000000020000378                . = ALIGN (0x4)
 *(.data*)
 .data.striped_spin_lock_num
                0x0000000020000378        0x1 CMakeFiles/project1.dir/usr/share/pico_sdk/src/rp2_common/hardware_sync/sync.c.obj
 *fill*         0x0000000020000379        0x3 
 .data          0x000000002000037c       0x48 CMakeFiles/project1.dir/usr/share/pico_sdk/src/rp2_common/hardware_irq/irq_handler_chain.S.obj
                0x000000002000037c                irq_handler_chain_slots
                0x00000000200003ac                irq_handler_chain_first_slot
                0x00000000200003b6                irq_handler_chain_remove_tail
 .data.default_alarm_pool
                0x00000000200003c4       0x18 CMakeFiles/project1.dir/usr/share/pico_sdk/src/common/pico_time/time.c.obj
 .data.default_alarm_pool_heap
                0x00000000200003dc       0x10 CMakeFiles/project1.dir/usr/share/pico_sdk/src/common/pico_time/time.c.obj
 *fill*         0x00000000200003ec        0x4 
 .data.aeabi_bits_funcs
                0x00000000200003f0       0x10 CMakeFiles/project1.dir/usr/share/pico_sdk/src/rp2_common/pico_bit_ops/bit_ops_aeabi.S.obj
                0x00000000200003f0                aeabi_bits_funcs
                0x0000000020000400                aeabi_bits_funcs_end
 .data.aeabi_mem_funcs
                0x0000000020000400       0x10 CMakeFiles/project1.dir/usr/share/pico_sdk/src/rp2_common/pico_mem_ops/mem_ops_aeabi.S.obj
                0x0000000020000400                aeabi_mem_funcs
                0x0000000020000410                aeabi_mem_funcs_end
 .data.impure_data
                0x0000000020000410      0x428 /usr/lib/gcc/arm-none-eabi/12.2.0/../../../../arm-none-eabi/lib/thumb/v6-m/nofp/libg.a(lib_a-impure.o)
 .data.__atexit_recursive_mutex
                0x0000000020000838        0x4 /usr/lib/gcc/arm-none-eabi/12.2.0/../../../../arm-none-eabi/lib/thumb/v6-m/nofp/libg.a(lib_a-__call_atexit.o)
                0x0000000020000838                __atexit_recursive_mutex
                0x000000002000083c                . = ALIGN (0x4)
 *(.after_data.*)
                0x000000002000083c                . = ALIGN (0x4)
                0x000000002000083c                PROVIDE (__mutex_array_start = .)
 *(SORT_BY_NAME(.mutex_array.*))
 *(.mutex_array)
 .mutex_array   0x000000002000083c        0x8 CMakeFiles/project1.dir/usr/share/pico_sdk/src/rp2_common/pico_stdio/stdio.c.obj
                0x0000000020000844                PROVIDE (__mutex_array_end = .)
                0x0000000020000844                . = ALIGN (0x4)
                0x0000000020000844                PROVIDE (__preinit_array_start = .)
 *(SORT_BY_NAME(.preinit_array.*))
 .preinit_array.00001
                0x0000000020000844        0x4 CMakeFiles/project1.dir/usr/share/pico_sdk/src/rp2_common/pico_mem_ops/mem_ops_aeabi.S.obj
 .preinit_array.00010
                0x0000000020000848        0x4 CMakeFiles/project1.dir/usr/share/pico_sdk/src/rp2_common/pico_bit_ops/bit_ops_aeabi.S.obj
 .preinit_array.00020
                0x000000002000084c        0x4 CMakeFiles/project1.dir/usr/share/pico_sdk/src/rp2_common/pico_double/double_aeabi.S.obj
 .preinit_array.00020
                0x0000000020000850        0x4 CMakeFiles/project1.dir/usr/share/pico_sdk/src/rp2_common/pico_float/float_aeabi.S.obj
 *(.preinit_array)
                0x0000000020000854                PROVIDE (__preinit_array_end = .)
                0x0000000020000854                . = ALIGN (0x4)
                0x0000000020000854                PROVIDE (__init_array_start = .)
 *(SORT_BY_NAME(.init_array.*))
 .init_array.00000
                0x0000000020000854        0x4 /usr/lib/gcc/arm-none-eabi/12.2.0/../../../../arm-none-eabi/lib/thumb/v6-m/nofp/libg.a(lib_a-__call_atexit.o)
 *(.init_array)
 .init_array    0x0000000020000858        0x4 /usr/lib/gcc/arm-none-eabi/12.2.0/thumb/v6-m/nofp/crtbegin.o
 .init_array    0x000000002000085c        0x4 CMakeFiles/project1.dir/usr/share/pico_sdk/src/rp2_common/pico_unique_id/unique_id.c.obj
                0x0000000020000860                PROVIDE (__init_array_end = .)
                0x0000000020000860                . = ALIGN (0x4)
                0x0000000020000860                PROVIDE (__fini_array_start = .)
 *(SORT_BY_NAME(.fini_array.*))
 *(.fini_array)
                0x0000000020000860                PROVIDE (__fini_array_end = .)
 *(.jcr)
                0x0000000020000860                . = ALIGN (0x4)
                0x0000000020000860                __data_end__ = .
                0x0000000010005110                __etext = LOADADDR (.data)

.igot.plt       0x0000000020000860        0x0 load address 0x00000000100058b0
 .igot.plt      0x0000000020000860        0x0 /usr/lib/gcc/arm-none-eabi/12.2.0/thumb/v6-m/nofp/crtbegin.o

.uninitialized_data
                0x0000000020000860        0x0 load address 0x00000000100058b0
                0x0000000020000860                . = ALIGN (0x4)
 *(.uninitialized_data*)

.scratch_x      0x0000000020040000        0x0 load address 0x00000000100058b0
                0x0000000020040000                __scratch_x_start__ = .
 *(.scratch_x.*)
                0x0000000020040000                . = ALIGN (0x4)
                0x0000000020040000                __scratch_x_end__ = .
                0x00000000100058b0                __scratch_x_source__ = LOADADDR (.scratch_x)

.scratch_y      0x0000000020041000        0x0 load address 0x00000000100058b0
                0x0000000020041000                __scratch_y_start__ = .
 *(.scratch_y.*)
                0x0000000020041000                . = ALIGN (0x4)
                0x0000000020041000                __scratch_y_end__ = .
                0x00000000100058b0                __scratch_y_source__ = LOADADDR (.scratch_y)

.bss            0x0000000020000860      0x4d0
                0x0000000020000860                . = ALIGN (0x4)
                0x0000000020000860                __bss_start__ = .
 *(SORT_BY_ALIGNMENT(SORT_BY_NAME(.bss*)))
 .bss.default_alarm_pool_entries
                0x0000000020000860      0x100 CMakeFiles/project1.dir/usr/share/pico_sdk/src/common/pico_time/time.c.obj
 .bss.__lock___atexit_recursive_mutex
                0x0000000020000960        0x1 /usr/lib/gcc/arm-none-eabi/12.2.0/../../../../arm-none-eabi/lib/thumb/v6-m/nofp/libg.a(lib_a-lock.o)
                0x0000000020000960                __lock___atexit_recursive_mutex
 *fill*         0x0000000020000961        0x3 
 .bss.alarm_callbacks
                0x0000000020000964       0x10 CMakeFiles/project1.dir/usr/share/pico_sdk/src/rp2_common/hardware_timer/timer.c.obj
 .bss.boot2_copyout
                0x0000000020000974      0x100 CMakeFiles/project1.dir/usr/share/pico_sdk/src/rp2_common/hardware_flash/flash.c.obj
 .bss.configured_freq
                0x0000000020000a74       0x28 CMakeFiles/project1.dir/usr/share/pico_sdk/src/rp2_common/hardware_clocks/clocks.c.obj
 .bss.default_alarm_pool_entry_ids_high
                0x0000000020000a9c       0x10 CMakeFiles/project1.dir/usr/share/pico_sdk/src/common/pico_time/time.c.obj
 .bss.default_alarm_pool_heap_nodes
                0x0000000020000aac       0x30 CMakeFiles/project1.dir/usr/share/pico_sdk/src/common/pico_time/time.c.obj
 .bss.drivers   0x0000000020000adc        0x4 CMakeFiles/project1.dir/usr/share/pico_sdk/src/rp2_common/pico_stdio/stdio.c.obj
 .bss.filter    0x0000000020000ae0        0x4 CMakeFiles/project1.dir/usr/share/pico_sdk/src/rp2_common/pico_stdio/stdio.c.obj
 .bss.object.0  0x0000000020000ae4       0x18 /usr/lib/gcc/arm-none-eabi/12.2.0/thumb/v6-m/nofp/crtbegin.o
 .bss.pools     0x0000000020000afc       0x10 CMakeFiles/project1.dir/usr/share/pico_sdk/src/common/pico_time/time.c.obj
 .bss.retrieved_id
                0x0000000020000b0c        0x8 CMakeFiles/project1.dir/usr/share/pico_sdk/src/rp2_common/pico_unique_id/unique_id.c.obj
 .bss.sd_table  0x0000000020000b14      0x100 CMakeFiles/project1.dir/usr/share/pico_sdk/src/rp2_common/pico_double/double_init_rom.c.obj
                0x0000000020000b14                sd_table
 .bss.sf_clz_func
                0x0000000020000c14        0x4 CMakeFiles/project1.dir/usr/share/pico_sdk/src/rp2_common/pico_double/double_init_rom.c.obj
                0x0000000020000c14                sf_clz_func
 .bss.sf_table  0x0000000020000c18      0x100 CMakeFiles/project1.dir/usr/share/pico_sdk/src/rp2_common/pico_float/float_init_rom.c.obj
                0x0000000020000c18                sf_table
 .bss.sleep_notifier
                0x0000000020000d18        0x4 CMakeFiles/project1.dir/usr/share/pico_sdk/src/common/pico_time/time.c.obj
 .bss.target_hi
                0x0000000020000d1c       0x10 CMakeFiles/project1.dir/usr/share/pico_sdk/src/rp2_common/hardware_timer/timer.c.obj
 .bss.boot2_copyout_valid
                0x0000000020000d2c        0x1 CMakeFiles/project1.dir/usr/share/pico_sdk/src/rp2_common/hardware_flash/flash.c.obj
 .bss.claimed   0x0000000020000d2d        0x1 CMakeFiles/project1.dir/usr/share/pico_sdk/src/rp2_common/hardware_timer/timer.c.obj
 .bss.irq_hander_chain_free_slot_head
                0x0000000020000d2e        0x1 CMakeFiles/project1.dir/usr/share/pico_sdk/src/rp2_common/hardware_irq/irq.c.obj
 .bss.timer_callbacks_pending
                0x0000000020000d2f        0x1 CMakeFiles/project1.dir/usr/share/pico_sdk/src/rp2_common/hardware_timer/timer.c.obj
 *(COMMON)
                0x0000000020000d30                . = ALIGN (0x4)
                0x0000000020000d30                __bss_end__ = .

.heap           0x0000000020000d30      0x800
                0x0000000020000d30                __end__ = .
                0x0000000020000d30                end = __end__
 *(.heap*)
 .heap          0x0000000020000d30      0x800 CMakeFiles/project1.dir/usr/share/pico_sdk/src/rp2_common/pico_standard_link/crt0.S.obj
                0x0000000020001530                __HeapLimit = .

.stack1_dummy
 *(.stack1*)

.stack_dummy    0x0000000020041000      0x800
 *(.stack*)
 .stack         0x0000000020041000      0x800 CMakeFiles/project1.dir/usr/share/pico_sdk/src/rp2_common/pico_standard_link/crt0.S.obj

.flash_end      0x00000000100058b0        0x0
                0x00000000100058b0                PROVIDE (__flash_binary_end = .)
                0x0000000020040000                __StackLimit = (ORIGIN (RAM) + LENGTH (RAM))
                0x0000000020041000                __StackOneTop = (ORIGIN (SCRATCH_X) + LENGTH (SCRATCH_X))
                0x0000000020042000                __StackTop = (ORIGIN (SCRATCH_Y) + LENGTH (SCRATCH_Y))
                0x0000000020041000                __StackOneBottom = (__StackOneTop - SIZEOF (.stack1_dummy))
                0x0000000020041800                __StackBottom = (__StackTop - SIZEOF (.stack_dummy))
                0x0000000020042000                PROVIDE (__stack = __StackTop)
                0x0000000000000001                ASSERT ((__StackLimit >= __HeapLimit), region RAM overflowed)
                0x0000000000000001                ASSERT (((__binary_info_header_end - __logical_binary_start) <= 0x100), Binary info must be in first 256 bytes of the binary)
LOAD CMakeFiles/project1.dir/main.c.obj
LOAD CMakeFiles/project1.dir/extrafunc.c.obj
LOAD CMakeFiles/project1.dir/usr/share/pico_sdk/src/rp2_common/pico_stdlib/stdlib.c.obj
LOAD CMakeFiles/project1.dir/usr/share/pico_sdk/src/rp2_common/hardware_gpio/gpio.c.obj
LOAD CMakeFiles/project1.dir/usr/share/pico_sdk/src/rp2_common/pico_platform/platform.c.obj
LOAD CMakeFiles/project1.dir/usr/share/pico_sdk/src/rp2_common/hardware_claim/claim.c.obj
LOAD CMakeFiles/project1.dir/usr/share/pico_sdk/src/rp2_common/hardware_sync/sync.c.obj
LOAD CMakeFiles/project1.dir/usr/share/pico_sdk/src/rp2_common/hardware_irq/irq.c.obj
LOAD CMakeFiles/project1.dir/usr/share/pico_sdk/src/rp2_common/hardware_irq/irq_handler_chain.S.obj
LOAD CMakeFiles/project1.dir/usr/share/pico_sdk/src/common/pico_sync/sem.c.obj
LOAD CMakeFiles/project1.dir/usr/share/pico_sdk/src/common/pico_sync/lock_core.c.obj
LOAD CMakeFiles/project1.dir/usr/share/pico_sdk/src/common/pico_sync/mutex.c.obj
LOAD CMakeFiles/project1.dir/usr/share/pico_sdk/src/common/pico_sync/critical_section.c.obj
LOAD CMakeFiles/project1.dir/usr/share/pico_sdk/src/common/pico_time/time.c.obj
LOAD CMakeFiles/project1.dir/usr/share/pico_sdk/src/common/pico_time/timeout_helper.c.obj
LOAD CMakeFiles/project1.dir/usr/share/pico_sdk/src/rp2_common/hardware_timer/timer.c.obj
LOAD CMakeFiles/project1.dir/usr/share/pico_sdk/src/common/pico_util/datetime.c.obj
LOAD CMakeFiles/project1.dir/usr/share/pico_sdk/src/common/pico_util/pheap.c.obj
LOAD CMakeFiles/project1.dir/usr/share/pico_sdk/src/common/pico_util/queue.c.obj
LOAD CMakeFiles/project1.dir/usr/share/pico_sdk/src/rp2_common/hardware_uart/uart.c.obj
LOAD CMakeFiles/project1.dir/usr/share/pico_sdk/src/rp2_common/hardware_clocks/clocks.c.obj
LOAD CMakeFiles/project1.dir/usr/share/pico_sdk/src/rp2_common/hardware_pll/pll.c.obj
LOAD CMakeFiles/project1.dir/usr/share/pico_sdk/src/rp2_common/hardware_vreg/vreg.c.obj
LOAD CMakeFiles/project1.dir/usr/share/pico_sdk/src/rp2_common/hardware_watchdog/watchdog.c.obj
LOAD CMakeFiles/project1.dir/usr/share/pico_sdk/src/rp2_common/hardware_xosc/xosc.c.obj
LOAD CMakeFiles/project1.dir/usr/share/pico_sdk/src/rp2_common/hardware_divider/divider.S.obj
LOAD CMakeFiles/project1.dir/usr/share/pico_sdk/src/rp2_common/pico_runtime/runtime.c.obj
LOAD CMakeFiles/project1.dir/usr/share/pico_sdk/src/rp2_common/pico_printf/printf.c.obj
LOAD CMakeFiles/project1.dir/usr/share/pico_sdk/src/rp2_common/pico_bit_ops/bit_ops_aeabi.S.obj
LOAD CMakeFiles/project1.dir/usr/share/pico_sdk/src/rp2_common/pico_bootrom/bootrom.c.obj
LOAD CMakeFiles/project1.dir/usr/share/pico_sdk/src/rp2_common/pico_divider/divider.S.obj
LOAD CMakeFiles/project1.dir/usr/share/pico_sdk/src/rp2_common/pico_double/double_aeabi.S.obj
LOAD CMakeFiles/project1.dir/usr/share/pico_sdk/src/rp2_common/pico_double/double_init_rom.c.obj
LOAD CMakeFiles/project1.dir/usr/share/pico_sdk/src/rp2_common/pico_double/double_math.c.obj
LOAD CMakeFiles/project1.dir/usr/share/pico_sdk/src/rp2_common/pico_double/double_v1_rom_shim.S.obj
LOAD CMakeFiles/project1.dir/usr/share/pico_sdk/src/rp2_common/pico_int64_ops/pico_int64_ops_aeabi.S.obj
LOAD CMakeFiles/project1.dir/usr/share/pico_sdk/src/rp2_common/pico_float/float_aeabi.S.obj
LOAD CMakeFiles/project1.dir/usr/share/pico_sdk/src/rp2_common/pico_float/float_init_rom.c.obj
LOAD CMakeFiles/project1.dir/usr/share/pico_sdk/src/rp2_common/pico_float/float_math.c.obj
LOAD CMakeFiles/project1.dir/usr/share/pico_sdk/src/rp2_common/pico_float/float_v1_rom_shim.S.obj
LOAD CMakeFiles/project1.dir/usr/share/pico_sdk/src/rp2_common/pico_malloc/pico_malloc.c.obj
LOAD CMakeFiles/project1.dir/usr/share/pico_sdk/src/rp2_common/pico_mem_ops/mem_ops_aeabi.S.obj
LOAD CMakeFiles/project1.dir/usr/share/pico_sdk/src/rp2_common/pico_standard_link/crt0.S.obj
LOAD CMakeFiles/project1.dir/usr/share/pico_sdk/src/rp2_common/pico_standard_link/new_delete.cpp.obj
LOAD CMakeFiles/project1.dir/usr/share/pico_sdk/src/rp2_common/pico_standard_link/binary_info.c.obj
LOAD CMakeFiles/project1.dir/usr/share/pico_sdk/src/rp2_common/pico_stdio/stdio.c.obj
LOAD CMakeFiles/project1.dir/usr/share/pico_sdk/src/rp2_common/pico_stdio_usb/reset_interface.c.obj
LOAD CMakeFiles/project1.dir/usr/share/pico_sdk/src/rp2_common/pico_stdio_usb/stdio_usb.c.obj
LOAD CMakeFiles/project1.dir/usr/share/pico_sdk/src/rp2_common/pico_stdio_usb/stdio_usb_descriptors.c.obj
LOAD CMakeFiles/project1.dir/usr/share/pico_sdk/src/rp2_common/pico_unique_id/unique_id.c.obj
LOAD CMakeFiles/project1.dir/usr/share/pico_sdk/src/rp2_common/hardware_flash/flash.c.obj
LOAD CMakeFiles/project1.dir/usr/share/pico_sdk/lib/tinyusb/src/portable/raspberrypi/rp2040/dcd_rp2040.c.obj
LOAD CMakeFiles/project1.dir/usr/share/pico_sdk/lib/tinyusb/src/portable/raspberrypi/rp2040/rp2040_usb.c.obj
LOAD CMakeFiles/project1.dir/usr/share/pico_sdk/lib/tinyusb/src/device/usbd.c.obj
LOAD CMakeFiles/project1.dir/usr/share/pico_sdk/lib/tinyusb/src/device/usbd_control.c.obj
LOAD CMakeFiles/project1.dir/usr/share/pico_sdk/lib/tinyusb/src/class/audio/audio_device.c.obj
LOAD CMakeFiles/project1.dir/usr/share/pico_sdk/lib/tinyusb/src/class/cdc/cdc_device.c.obj
LOAD CMakeFiles/project1.dir/usr/share/pico_sdk/lib/tinyusb/src/class/dfu/dfu_device.c.obj
LOAD CMakeFiles/project1.dir/usr/share/pico_sdk/lib/tinyusb/src/class/dfu/dfu_rt_device.c.obj
LOAD CMakeFiles/project1.dir/usr/share/pico_sdk/lib/tinyusb/src/class/hid/hid_device.c.obj
LOAD CMakeFiles/project1.dir/usr/share/pico_sdk/lib/tinyusb/src/class/midi/midi_device.c.obj
LOAD CMakeFiles/project1.dir/usr/share/pico_sdk/lib/tinyusb/src/class/msc/msc_device.c.obj
LOAD CMakeFiles/project1.dir/usr/share/pico_sdk/lib/tinyusb/src/class/net/ecm_rndis_device.c.obj
LOAD CMakeFiles/project1.dir/usr/share/pico_sdk/lib/tinyusb/src/class/net/ncm_device.c.obj
LOAD CMakeFiles/project1.dir/usr/share/pico_sdk/lib/tinyusb/src/class/usbtmc/usbtmc_device.c.obj
LOAD CMakeFiles/project1.dir/usr/share/pico_sdk/lib/tinyusb/src/class/vendor/vendor_device.c.obj
LOAD CMakeFiles/project1.dir/usr/share/pico_sdk/lib/tinyusb/src/class/video/video_device.c.obj
LOAD CMakeFiles/project1.dir/usr/share/pico_sdk/lib/tinyusb/src/tusb.c.obj
LOAD CMakeFiles/project1.dir/usr/share/pico_sdk/lib/tinyusb/src/common/tusb_fifo.c.obj
LOAD CMakeFiles/project1.dir/usr/share/pico_sdk/src/rp2_common/pico_fix/rp2040_usb_device_enumeration/rp2040_usb_device_enumeration.c.obj
LOAD /tmp/ccAMpIpB.o
LOAD /usr/lib/gcc/arm-none-eabi/12.2.0/../../../../arm-none-eabi/lib/thumb/v6-m/nofp/libstdc++.a
LOAD /usr/lib/gcc/arm-none-eabi/12.2.0/../../../../arm-none-eabi/lib/thumb/v6-m/nofp/libm.a
START GROUP
LOAD /usr/lib/gcc/arm-none-eabi/12.2.0/thumb/v6-m/nofp/libgcc.a
LOAD /usr/lib/gcc/arm-none-eabi/12.2.0/../../../../arm-none-eabi/lib/thumb/v6-m/nofp/libg.a
LOAD /usr/lib/gcc/arm-none-eabi/12.2.0/../../../../arm-none-eabi/lib/thumb/v6-m/nofp/libc.a
END GROUP
START GROUP
LOAD /usr/lib/gcc/arm-none-eabi/12.2.0/thumb/v6-m/nofp/libgcc.a
LOAD /usr/lib/gcc/arm-none-eabi/12.2.0/../../../../arm-none-eabi/lib/thumb/v6-m/nofp/libc.a
LOAD /usr/lib/gcc/arm-none-eabi/12.2.0/../../../../arm-none-eabi/lib/thumb/v6-m/nofp/libnosys.a
END GROUP
LOAD /usr/lib/gcc/arm-none-eabi/12.2.0/thumb/v6-m/nofp/crtend.o
LOAD /usr/lib/gcc/arm-none-eabi/12.2.0/thumb/v6-m/nofp/crtn.o
OUTPUT(project1.elf elf32-littlearm)
LOAD linker stubs

.ARM.attributes
                0x0000000000000000       0x28
 .ARM.attributes
                0x0000000000000000       0x1e /usr/lib/gcc/arm-none-eabi/12.2.0/thumb/v6-m/nofp/crti.o
 .ARM.attributes
                0x000000000000001e       0x2c /usr/lib/gcc/arm-none-eabi/12.2.0/thumb/v6-m/nofp/crtbegin.o
 .ARM.attributes
                0x000000000000004a       0x2c CMakeFiles/project1.dir/main.c.obj
 .ARM.attributes
                0x0000000000000076       0x2c CMakeFiles/project1.dir/extrafunc.c.obj
 .ARM.attributes
                0x00000000000000a2       0x2c CMakeFiles/project1.dir/usr/share/pico_sdk/src/rp2_common/hardware_gpio/gpio.c.obj
 .ARM.attributes
                0x00000000000000ce       0x2c CMakeFiles/project1.dir/usr/share/pico_sdk/src/rp2_common/pico_platform/platform.c.obj
 .ARM.attributes
                0x00000000000000fa       0x2c CMakeFiles/project1.dir/usr/share/pico_sdk/src/rp2_common/hardware_claim/claim.c.obj
 .ARM.attributes
                0x0000000000000126       0x2c CMakeFiles/project1.dir/usr/share/pico_sdk/src/rp2_common/hardware_sync/sync.c.obj
 .ARM.attributes
                0x0000000000000152       0x2c CMakeFiles/project1.dir/usr/share/pico_sdk/src/rp2_common/hardware_irq/irq.c.obj
 .ARM.attributes
                0x000000000000017e       0x22 CMakeFiles/project1.dir/usr/share/pico_sdk/src/rp2_common/hardware_irq/irq_handler_chain.S.obj
 .ARM.attributes
                0x00000000000001a0       0x2c CMakeFiles/project1.dir/usr/share/pico_sdk/src/common/pico_sync/lock_core.c.obj
 .ARM.attributes
                0x00000000000001cc       0x2c CMakeFiles/project1.dir/usr/share/pico_sdk/src/common/pico_sync/mutex.c.obj
 .ARM.attributes
                0x00000000000001f8       0x2c CMakeFiles/project1.dir/usr/share/pico_sdk/src/common/pico_time/time.c.obj
 .ARM.attributes
                0x0000000000000224       0x2c CMakeFiles/project1.dir/usr/share/pico_sdk/src/rp2_common/hardware_timer/timer.c.obj
 .ARM.attributes
                0x0000000000000250       0x2c CMakeFiles/project1.dir/usr/share/pico_sdk/src/common/pico_util/pheap.c.obj
 .ARM.attributes
                0x000000000000027c       0x2c CMakeFiles/project1.dir/usr/share/pico_sdk/src/rp2_common/hardware_clocks/clocks.c.obj
 .ARM.attributes
                0x00000000000002a8       0x2c CMakeFiles/project1.dir/usr/share/pico_sdk/src/rp2_common/hardware_pll/pll.c.obj
 .ARM.attributes
                0x00000000000002d4       0x2c CMakeFiles/project1.dir/usr/share/pico_sdk/src/rp2_common/hardware_watchdog/watchdog.c.obj
 .ARM.attributes
                0x0000000000000300       0x2c CMakeFiles/project1.dir/usr/share/pico_sdk/src/rp2_common/hardware_xosc/xosc.c.obj
 .ARM.attributes
                0x000000000000032c       0x2c CMakeFiles/project1.dir/usr/share/pico_sdk/src/rp2_common/pico_runtime/runtime.c.obj
 .ARM.attributes
                0x0000000000000358       0x2c CMakeFiles/project1.dir/usr/share/pico_sdk/src/rp2_common/pico_printf/printf.c.obj
 .ARM.attributes
                0x0000000000000384       0x22 CMakeFiles/project1.dir/usr/share/pico_sdk/src/rp2_common/pico_bit_ops/bit_ops_aeabi.S.obj
 .ARM.attributes
                0x00000000000003a6       0x2c CMakeFiles/project1.dir/usr/share/pico_sdk/src/rp2_common/pico_bootrom/bootrom.c.obj
 .ARM.attributes
                0x00000000000003d2       0x22 CMakeFiles/project1.dir/usr/share/pico_sdk/src/rp2_common/pico_divider/divider.S.obj
 .ARM.attributes
                0x00000000000003f4       0x22 CMakeFiles/project1.dir/usr/share/pico_sdk/src/rp2_common/pico_double/double_aeabi.S.obj
 .ARM.attributes
                0x0000000000000416       0x2c CMakeFiles/project1.dir/usr/share/pico_sdk/src/rp2_common/pico_double/double_init_rom.c.obj
 .ARM.attributes
                0x0000000000000442       0x22 CMakeFiles/project1.dir/usr/share/pico_sdk/src/rp2_common/pico_double/double_v1_rom_shim.S.obj
 .ARM.attributes
                0x0000000000000464       0x22 CMakeFiles/project1.dir/usr/share/pico_sdk/src/rp2_common/pico_int64_ops/pico_int64_ops_aeabi.S.obj
 .ARM.attributes
                0x0000000000000486       0x22 CMakeFiles/project1.dir/usr/share/pico_sdk/src/rp2_common/pico_float/float_aeabi.S.obj
 .ARM.attributes
                0x00000000000004a8       0x2c CMakeFiles/project1.dir/usr/share/pico_sdk/src/rp2_common/pico_float/float_init_rom.c.obj
 .ARM.attributes
                0x00000000000004d4       0x22 CMakeFiles/project1.dir/usr/share/pico_sdk/src/rp2_common/pico_float/float_v1_rom_shim.S.obj
 .ARM.attributes
                0x00000000000004f6       0x22 CMakeFiles/project1.dir/usr/share/pico_sdk/src/rp2_common/pico_mem_ops/mem_ops_aeabi.S.obj
 .ARM.attributes
                0x0000000000000518       0x22 CMakeFiles/project1.dir/usr/share/pico_sdk/src/rp2_common/pico_standard_link/crt0.S.obj
 .ARM.attributes
                0x000000000000053a       0x2c CMakeFiles/project1.dir/usr/share/pico_sdk/src/rp2_common/pico_standard_link/binary_info.c.obj
 .ARM.attributes
                0x0000000000000566       0x2c CMakeFiles/project1.dir/usr/share/pico_sdk/src/rp2_common/pico_stdio/stdio.c.obj
 .ARM.attributes
                0x0000000000000592       0x2c CMakeFiles/project1.dir/usr/share/pico_sdk/src/rp2_common/pico_unique_id/unique_id.c.obj
 .ARM.attributes
                0x00000000000005be       0x2c CMakeFiles/project1.dir/usr/share/pico_sdk/src/rp2_common/hardware_flash/flash.c.obj
 .ARM.attributes
                0x00000000000005ea       0x22 /tmp/ccAMpIpB.o
 .ARM.attributes
                0x000000000000060c       0x1e /usr/lib/gcc/arm-none-eabi/12.2.0/thumb/v6-m/nofp/libgcc.a(_dvmd_tls.o)
 .ARM.attributes
                0x000000000000062a       0x2c /usr/lib/gcc/arm-none-eabi/12.2.0/../../../../arm-none-eabi/lib/thumb/v6-m/nofp/libg.a(lib_a-atexit.o)
 .ARM.attributes
                0x0000000000000656       0x2c /usr/lib/gcc/arm-none-eabi/12.2.0/../../../../arm-none-eabi/lib/thumb/v6-m/nofp/libg.a(lib_a-fini.o)
 .ARM.attributes
                0x0000000000000682       0x2c /usr/lib/gcc/arm-none-eabi/12.2.0/../../../../arm-none-eabi/lib/thumb/v6-m/nofp/libg.a(lib_a-impure.o)
 .ARM.attributes
                0x00000000000006ae       0x2c /usr/lib/gcc/arm-none-eabi/12.2.0/../../../../arm-none-eabi/lib/thumb/v6-m/nofp/libg.a(lib_a-strlen-stub.o)
 .ARM.attributes
                0x00000000000006da       0x2c /usr/lib/gcc/arm-none-eabi/12.2.0/../../../../arm-none-eabi/lib/thumb/v6-m/nofp/libg.a(lib_a-__atexit.o)
 .ARM.attributes
                0x0000000000000706       0x2c /usr/lib/gcc/arm-none-eabi/12.2.0/../../../../arm-none-eabi/lib/thumb/v6-m/nofp/libg.a(lib_a-__call_atexit.o)
 .ARM.attributes
                0x0000000000000732       0x2c /usr/lib/gcc/arm-none-eabi/12.2.0/../../../../arm-none-eabi/lib/thumb/v6-m/nofp/libg.a(lib_a-lock.o)

.comment        0x0000000000000000       0x1b
 .comment       0x0000000000000000       0x1b /usr/lib/gcc/arm-none-eabi/12.2.0/thumb/v6-m/nofp/crtbegin.o
                                         0x1c (size before relaxing)
 .comment       0x000000000000001b       0x1c CMakeFiles/project1.dir/main.c.obj
 .comment       0x000000000000001b       0x1c CMakeFiles/project1.dir/extrafunc.c.obj
 .comment       0x000000000000001b       0x1c CMakeFiles/project1.dir/usr/share/pico_sdk/src/rp2_common/hardware_gpio/gpio.c.obj
 .comment       0x000000000000001b       0x1c CMakeFiles/project1.dir/usr/share/pico_sdk/src/rp2_common/pico_platform/platform.c.obj
 .comment       0x000000000000001b       0x1c CMakeFiles/project1.dir/usr/share/pico_sdk/src/rp2_common/hardware_claim/claim.c.obj
 .comment       0x000000000000001b       0x1c CMakeFiles/project1.dir/usr/share/pico_sdk/src/rp2_common/hardware_sync/sync.c.obj
 .comment       0x000000000000001b       0x1c CMakeFiles/project1.dir/usr/share/pico_sdk/src/rp2_common/hardware_irq/irq.c.obj
 .comment       0x000000000000001b       0x1c CMakeFiles/project1.dir/usr/share/pico_sdk/src/common/pico_sync/lock_core.c.obj
 .comment       0x000000000000001b       0x1c CMakeFiles/project1.dir/usr/share/pico_sdk/src/common/pico_sync/mutex.c.obj
 .comment       0x000000000000001b       0x1c CMakeFiles/project1.dir/usr/share/pico_sdk/src/common/pico_time/time.c.obj
 .comment       0x000000000000001b       0x1c CMakeFiles/project1.dir/usr/share/pico_sdk/src/rp2_common/hardware_timer/timer.c.obj
 .comment       0x000000000000001b       0x1c CMakeFiles/project1.dir/usr/share/pico_sdk/src/common/pico_util/pheap.c.obj
 .comment       0x000000000000001b       0x1c CMakeFiles/project1.dir/usr/share/pico_sdk/src/rp2_common/hardware_clocks/clocks.c.obj
 .comment       0x000000000000001b       0x1c CMakeFiles/project1.dir/usr/share/pico_sdk/src/rp2_common/hardware_pll/pll.c.obj
 .comment       0x000000000000001b       0x1c CMakeFiles/project1.dir/usr/share/pico_sdk/src/rp2_common/hardware_watchdog/watchdog.c.obj
 .comment       0x000000000000001b       0x1c CMakeFiles/project1.dir/usr/share/pico_sdk/src/rp2_common/hardware_xosc/xosc.c.obj
 .comment       0x000000000000001b       0x1c CMakeFiles/project1.dir/usr/share/pico_sdk/src/rp2_common/pico_runtime/runtime.c.obj
 .comment       0x000000000000001b       0x1c CMakeFiles/project1.dir/usr/share/pico_sdk/src/rp2_common/pico_printf/printf.c.obj
 .comment       0x000000000000001b       0x1c CMakeFiles/project1.dir/usr/share/pico_sdk/src/rp2_common/pico_bootrom/bootrom.c.obj
 .comment       0x000000000000001b       0x1c CMakeFiles/project1.dir/usr/share/pico_sdk/src/rp2_common/pico_double/double_init_rom.c.obj
 .comment       0x000000000000001b       0x1c CMakeFiles/project1.dir/usr/share/pico_sdk/src/rp2_common/pico_float/float_init_rom.c.obj
 .comment       0x000000000000001b       0x1c CMakeFiles/project1.dir/usr/share/pico_sdk/src/rp2_common/pico_standard_link/binary_info.c.obj
 .comment       0x000000000000001b       0x1c CMakeFiles/project1.dir/usr/share/pico_sdk/src/rp2_common/pico_stdio/stdio.c.obj
 .comment       0x000000000000001b       0x1c CMakeFiles/project1.dir/usr/share/pico_sdk/src/rp2_common/pico_unique_id/unique_id.c.obj
 .comment       0x000000000000001b       0x1c CMakeFiles/project1.dir/usr/share/pico_sdk/src/rp2_common/hardware_flash/flash.c.obj
 .comment       0x000000000000001b       0x1c /usr/lib/gcc/arm-none-eabi/12.2.0/../../../../arm-none-eabi/lib/thumb/v6-m/nofp/libg.a(lib_a-atexit.o)
 .comment       0x000000000000001b       0x1c /usr/lib/gcc/arm-none-eabi/12.2.0/../../../../arm-none-eabi/lib/thumb/v6-m/nofp/libg.a(lib_a-fini.o)
 .comment       0x000000000000001b       0x1c /usr/lib/gcc/arm-none-eabi/12.2.0/../../../../arm-none-eabi/lib/thumb/v6-m/nofp/libg.a(lib_a-impure.o)
 .comment       0x000000000000001b       0x1c /usr/lib/gcc/arm-none-eabi/12.2.0/../../../../arm-none-eabi/lib/thumb/v6-m/nofp/libg.a(lib_a-strlen-stub.o)
 .comment       0x000000000000001b       0x1c /usr/lib/gcc/arm-none-eabi/12.2.0/../../../../arm-none-eabi/lib/thumb/v6-m/nofp/libg.a(lib_a-__atexit.o)
 .comment       0x000000000000001b       0x1c /usr/lib/gcc/arm-none-eabi/12.2.0/../../../../arm-none-eabi/lib/thumb/v6-m/nofp/libg.a(lib_a-__call_atexit.o)
 .comment       0x000000000000001b       0x1c /usr/lib/gcc/arm-none-eabi/12.2.0/../../../../arm-none-eabi/lib/thumb/v6-m/nofp/libg.a(lib_a-lock.o)

.debug_info     0x0000000000000000    0x13c59
 .debug_info    0x0000000000000000      0x131 CMakeFiles/project1.dir/main.c.obj
 .debug_info    0x0000000000000131      0x58c CMakeFiles/project1.dir/extrafunc.c.obj
 .debug_info    0x00000000000006bd     0x17f5 CMakeFiles/project1.dir/usr/share/pico_sdk/src/rp2_common/hardware_gpio/gpio.c.obj
 .debug_info    0x0000000000001eb2      0x1fb CMakeFiles/project1.dir/usr/share/pico_sdk/src/rp2_common/pico_platform/platform.c.obj
 .debug_info    0x00000000000020ad      0x69a CMakeFiles/project1.dir/usr/share/pico_sdk/src/rp2_common/hardware_claim/claim.c.obj
 .debug_info    0x0000000000002747      0x5db CMakeFiles/project1.dir/usr/share/pico_sdk/src/rp2_common/hardware_sync/sync.c.obj
 .debug_info    0x0000000000002d22     0x1c0b CMakeFiles/project1.dir/usr/share/pico_sdk/src/rp2_common/hardware_irq/irq.c.obj
 .debug_info    0x000000000000492d      0x1a3 CMakeFiles/project1.dir/usr/share/pico_sdk/src/common/pico_sync/lock_core.c.obj
 .debug_info    0x0000000000004ad0     0x1d25 CMakeFiles/project1.dir/usr/share/pico_sdk/src/common/pico_sync/mutex.c.obj
 .debug_info    0x00000000000067f5     0x33e9 CMakeFiles/project1.dir/usr/share/pico_sdk/src/common/pico_time/time.c.obj
 .debug_info    0x0000000000009bde     0x142a CMakeFiles/project1.dir/usr/share/pico_sdk/src/rp2_common/hardware_timer/timer.c.obj
 .debug_info    0x000000000000b008      0xe63 CMakeFiles/project1.dir/usr/share/pico_sdk/src/common/pico_util/pheap.c.obj
 .debug_info    0x000000000000be6b      0xfe7 CMakeFiles/project1.dir/usr/share/pico_sdk/src/rp2_common/hardware_clocks/clocks.c.obj
 .debug_info    0x000000000000ce52      0x505 CMakeFiles/project1.dir/usr/share/pico_sdk/src/rp2_common/hardware_pll/pll.c.obj
 .debug_info    0x000000000000d357      0x4c5 CMakeFiles/project1.dir/usr/share/pico_sdk/src/rp2_common/hardware_watchdog/watchdog.c.obj
 .debug_info    0x000000000000d81c      0x1c7 CMakeFiles/project1.dir/usr/share/pico_sdk/src/rp2_common/hardware_xosc/xosc.c.obj
 .debug_info    0x000000000000d9e3      0xf17 CMakeFiles/project1.dir/usr/share/pico_sdk/src/rp2_common/pico_runtime/runtime.c.obj
 .debug_info    0x000000000000e8fa     0x19a2 CMakeFiles/project1.dir/usr/share/pico_sdk/src/rp2_common/pico_printf/printf.c.obj
 .debug_info    0x000000000001029c       0x23 CMakeFiles/project1.dir/usr/share/pico_sdk/src/rp2_common/pico_bit_ops/bit_ops_aeabi.S.obj
 .debug_info    0x00000000000102bf      0x325 CMakeFiles/project1.dir/usr/share/pico_sdk/src/rp2_common/pico_bootrom/bootrom.c.obj
 .debug_info    0x00000000000105e4       0x23 CMakeFiles/project1.dir/usr/share/pico_sdk/src/rp2_common/pico_divider/divider.S.obj
 .debug_info    0x0000000000010607       0x23 CMakeFiles/project1.dir/usr/share/pico_sdk/src/rp2_common/pico_double/double_aeabi.S.obj
 .debug_info    0x000000000001062a      0x33b CMakeFiles/project1.dir/usr/share/pico_sdk/src/rp2_common/pico_double/double_init_rom.c.obj
 .debug_info    0x0000000000010965       0x23 CMakeFiles/project1.dir/usr/share/pico_sdk/src/rp2_common/pico_double/double_v1_rom_shim.S.obj
 .debug_info    0x0000000000010988       0x24 CMakeFiles/project1.dir/usr/share/pico_sdk/src/rp2_common/pico_int64_ops/pico_int64_ops_aeabi.S.obj
 .debug_info    0x00000000000109ac       0x23 CMakeFiles/project1.dir/usr/share/pico_sdk/src/rp2_common/pico_float/float_aeabi.S.obj
 .debug_info    0x00000000000109cf      0x34f CMakeFiles/project1.dir/usr/share/pico_sdk/src/rp2_common/pico_float/float_init_rom.c.obj
 .debug_info    0x0000000000010d1e       0x23 CMakeFiles/project1.dir/usr/share/pico_sdk/src/rp2_common/pico_float/float_v1_rom_shim.S.obj
 .debug_info    0x0000000000010d41       0x23 CMakeFiles/project1.dir/usr/share/pico_sdk/src/rp2_common/pico_mem_ops/mem_ops_aeabi.S.obj
 .debug_info    0x0000000000010d64       0x23 CMakeFiles/project1.dir/usr/share/pico_sdk/src/rp2_common/pico_standard_link/crt0.S.obj
 .debug_info    0x0000000000010d87      0x2b8 CMakeFiles/project1.dir/usr/share/pico_sdk/src/rp2_common/pico_standard_link/binary_info.c.obj
 .debug_info    0x000000000001103f     0x1729 CMakeFiles/project1.dir/usr/share/pico_sdk/src/rp2_common/pico_stdio/stdio.c.obj
 .debug_info    0x0000000000012768      0x275 CMakeFiles/project1.dir/usr/share/pico_sdk/src/rp2_common/pico_unique_id/unique_id.c.obj
 .debug_info    0x00000000000129dd     0x127c CMakeFiles/project1.dir/usr/share/pico_sdk/src/rp2_common/hardware_flash/flash.c.obj

.debug_abbrev   0x0000000000000000     0x42e2
 .debug_abbrev  0x0000000000000000       0xc2 CMakeFiles/project1.dir/main.c.obj
 .debug_abbrev  0x00000000000000c2      0x1cb CMakeFiles/project1.dir/extrafunc.c.obj
 .debug_abbrev  0x000000000000028d      0x3a6 CMakeFiles/project1.dir/usr/share/pico_sdk/src/rp2_common/hardware_gpio/gpio.c.obj
 .debug_abbrev  0x0000000000000633       0xf8 CMakeFiles/project1.dir/usr/share/pico_sdk/src/rp2_common/pico_platform/platform.c.obj
 .debug_abbrev  0x000000000000072b      0x2ce CMakeFiles/project1.dir/usr/share/pico_sdk/src/rp2_common/hardware_claim/claim.c.obj
 .debug_abbrev  0x00000000000009f9      0x249 CMakeFiles/project1.dir/usr/share/pico_sdk/src/rp2_common/hardware_sync/sync.c.obj
 .debug_abbrev  0x0000000000000c42      0x500 CMakeFiles/project1.dir/usr/share/pico_sdk/src/rp2_common/hardware_irq/irq.c.obj
 .debug_abbrev  0x0000000000001142      0x116 CMakeFiles/project1.dir/usr/share/pico_sdk/src/common/pico_sync/lock_core.c.obj
 .debug_abbrev  0x0000000000001258      0x3e8 CMakeFiles/project1.dir/usr/share/pico_sdk/src/common/pico_sync/mutex.c.obj
 .debug_abbrev  0x0000000000001640      0x5c3 CMakeFiles/project1.dir/usr/share/pico_sdk/src/common/pico_time/time.c.obj
 .debug_abbrev  0x0000000000001c03      0x3d5 CMakeFiles/project1.dir/usr/share/pico_sdk/src/rp2_common/hardware_timer/timer.c.obj
 .debug_abbrev  0x0000000000001fd8      0x290 CMakeFiles/project1.dir/usr/share/pico_sdk/src/common/pico_util/pheap.c.obj
 .debug_abbrev  0x0000000000002268      0x434 CMakeFiles/project1.dir/usr/share/pico_sdk/src/rp2_common/hardware_clocks/clocks.c.obj
 .debug_abbrev  0x000000000000269c      0x1e7 CMakeFiles/project1.dir/usr/share/pico_sdk/src/rp2_common/hardware_pll/pll.c.obj
 .debug_abbrev  0x0000000000002883      0x1a8 CMakeFiles/project1.dir/usr/share/pico_sdk/src/rp2_common/hardware_watchdog/watchdog.c.obj
 .debug_abbrev  0x0000000000002a2b      0x10c CMakeFiles/project1.dir/usr/share/pico_sdk/src/rp2_common/hardware_xosc/xosc.c.obj
 .debug_abbrev  0x0000000000002b37      0x530 CMakeFiles/project1.dir/usr/share/pico_sdk/src/rp2_common/pico_runtime/runtime.c.obj
 .debug_abbrev  0x0000000000003067      0x38a CMakeFiles/project1.dir/usr/share/pico_sdk/src/rp2_common/pico_printf/printf.c.obj
 .debug_abbrev  0x00000000000033f1       0x12 CMakeFiles/project1.dir/usr/share/pico_sdk/src/rp2_common/pico_bit_ops/bit_ops_aeabi.S.obj
 .debug_abbrev  0x0000000000003403      0x167 CMakeFiles/project1.dir/usr/share/pico_sdk/src/rp2_common/pico_bootrom/bootrom.c.obj
 .debug_abbrev  0x000000000000356a       0x12 CMakeFiles/project1.dir/usr/share/pico_sdk/src/rp2_common/pico_divider/divider.S.obj
 .debug_abbrev  0x000000000000357c       0x12 CMakeFiles/project1.dir/usr/share/pico_sdk/src/rp2_common/pico_double/double_aeabi.S.obj
 .debug_abbrev  0x000000000000358e      0x1c3 CMakeFiles/project1.dir/usr/share/pico_sdk/src/rp2_common/pico_double/double_init_rom.c.obj
 .debug_abbrev  0x0000000000003751       0x12 CMakeFiles/project1.dir/usr/share/pico_sdk/src/rp2_common/pico_double/double_v1_rom_shim.S.obj
 .debug_abbrev  0x0000000000003763       0x14 CMakeFiles/project1.dir/usr/share/pico_sdk/src/rp2_common/pico_int64_ops/pico_int64_ops_aeabi.S.obj
 .debug_abbrev  0x0000000000003777       0x12 CMakeFiles/project1.dir/usr/share/pico_sdk/src/rp2_common/pico_float/float_aeabi.S.obj
 .debug_abbrev  0x0000000000003789      0x1c6 CMakeFiles/project1.dir/usr/share/pico_sdk/src/rp2_common/pico_float/float_init_rom.c.obj
 .debug_abbrev  0x000000000000394f       0x12 CMakeFiles/project1.dir/usr/share/pico_sdk/src/rp2_common/pico_float/float_v1_rom_shim.S.obj
 .debug_abbrev  0x0000000000003961       0x12 CMakeFiles/project1.dir/usr/share/pico_sdk/src/rp2_common/pico_mem_ops/mem_ops_aeabi.S.obj
 .debug_abbrev  0x0000000000003973       0x12 CMakeFiles/project1.dir/usr/share/pico_sdk/src/rp2_common/pico_standard_link/crt0.S.obj